Archive member included because of file (symbol)

c:/winavr-20100110/bin/../lib/gcc/avr/4.3.3/avr5\libgcc.a(_mulsi3.o)
                              timebase.o (__mulsi3)
c:/winavr-20100110/bin/../lib/gcc/avr/4.3.3/avr5\libgcc.a(_udivmodsi4.o)
                              uart.o (__udivmodsi4)
c:/winavr-20100110/bin/../lib/gcc/avr/4.3.3/avr5\libgcc.a(_divmodsi4.o)
                              timebase.o (__divmodsi4)
c:/winavr-20100110/bin/../lib/gcc/avr/4.3.3/avr5\libgcc.a(_exit.o)
                              c:/winavr-20100110/bin/../lib/gcc/avr/4.3.3/../../../../avr/lib/avr5/crtm328p.o (exit)
c:/winavr-20100110/bin/../lib/gcc/avr/4.3.3/avr5\libgcc.a(_copy_data.o)
                              app.o (__do_copy_data)
c:/winavr-20100110/bin/../lib/gcc/avr/4.3.3/avr5\libgcc.a(_clear_bss.o)
                              timebase.o (__do_clear_bss)

Allocating common symbols
Common symbol       size              file

PID                 0x2               pid.o
PID_type            0x46              pid.o
Timebase            0x2               timebase.o
Timebase_type       0x44              timebase.o

Memory Configuration

Name             Origin             Length             Attributes
text             0x00000000         0x00020000         xr
data             0x00800060         0x0000ffa0         rw !x
eeprom           0x00810000         0x00010000         rw !x
fuse             0x00820000         0x00000400         rw !x
lock             0x00830000         0x00000400         rw !x
signature        0x00840000         0x00000400         rw !x
*default*        0x00000000         0xffffffff

Linker script and memory map

Address of section .data set to 0x800100
LOAD c:/winavr-20100110/bin/../lib/gcc/avr/4.3.3/../../../../avr/lib/avr5/crtm328p.o
LOAD main.o
LOAD app.o
LOAD timebase.o
LOAD uart.o
LOAD pid.o
LOAD c:/winavr-20100110/bin/../lib/gcc/avr/4.3.3/../../../../avr/lib/avr5\libm.a
LOAD c:/winavr-20100110/bin/../lib/gcc/avr/4.3.3/avr5\libgcc.a
LOAD c:/winavr-20100110/bin/../lib/gcc/avr/4.3.3/../../../../avr/lib/avr5\libc.a
LOAD c:/winavr-20100110/bin/../lib/gcc/avr/4.3.3/avr5\libgcc.a

.hash
 *(.hash)

.dynsym
 *(.dynsym)

.dynstr
 *(.dynstr)

.gnu.version
 *(.gnu.version)

.gnu.version_d
 *(.gnu.version_d)

.gnu.version_r
 *(.gnu.version_r)

.rel.init
 *(.rel.init)

.rela.init
 *(.rela.init)

.rel.text
 *(.rel.text)
 *(.rel.text.*)
 *(.rel.gnu.linkonce.t*)

.rela.text
 *(.rela.text)
 *(.rela.text.*)
 *(.rela.gnu.linkonce.t*)

.rel.fini
 *(.rel.fini)

.rela.fini
 *(.rela.fini)

.rel.rodata
 *(.rel.rodata)
 *(.rel.rodata.*)
 *(.rel.gnu.linkonce.r*)

.rela.rodata
 *(.rela.rodata)
 *(.rela.rodata.*)
 *(.rela.gnu.linkonce.r*)

.rel.data
 *(.rel.data)
 *(.rel.data.*)
 *(.rel.gnu.linkonce.d*)

.rela.data
 *(.rela.data)
 *(.rela.data.*)
 *(.rela.gnu.linkonce.d*)

.rel.ctors
 *(.rel.ctors)

.rela.ctors
 *(.rela.ctors)

.rel.dtors
 *(.rel.dtors)

.rela.dtors
 *(.rela.dtors)

.rel.got
 *(.rel.got)

.rela.got
 *(.rela.got)

.rel.bss
 *(.rel.bss)

.rela.bss
 *(.rela.bss)

.rel.plt
 *(.rel.plt)

.rela.plt
 *(.rela.plt)

.text           0x00000000     0x2572
 *(.vectors)
 .vectors       0x00000000       0x68 c:/winavr-20100110/bin/../lib/gcc/avr/4.3.3/../../../../avr/lib/avr5/crtm328p.o
                0x00000000                __vectors
                0x00000000                __vector_default
 *(.vectors)
 *(.progmem.gcc*)
 *(.progmem*)
                0x00000068                . = ALIGN (0x2)
                0x00000068                __trampolines_start = .
 *(.trampolines)
 .trampolines   0x00000068        0x0 linker stubs
 *(.trampolines*)
                0x00000068                __trampolines_end = .
 *(.jumptables)
 *(.jumptables*)
 *(.lowtext)
 *(.lowtext*)
                0x00000068                __ctors_start = .
 *(.ctors)
                0x00000068                __ctors_end = .
                0x00000068                __dtors_start = .
 *(.dtors)
                0x00000068                __dtors_end = .
 SORT(*)(.ctors)
 SORT(*)(.dtors)
 *(.init0)
 .init0         0x00000068        0x0 c:/winavr-20100110/bin/../lib/gcc/avr/4.3.3/../../../../avr/lib/avr5/crtm328p.o
                0x00000068                __init
 *(.init0)
 *(.init1)
 *(.init1)
 *(.init2)
 .init2         0x00000068        0xc c:/winavr-20100110/bin/../lib/gcc/avr/4.3.3/../../../../avr/lib/avr5/crtm328p.o
 *(.init2)
 *(.init3)
 *(.init3)
 *(.init4)
 .init4         0x00000074       0x16 c:/winavr-20100110/bin/../lib/gcc/avr/4.3.3/avr5\libgcc.a(_copy_data.o)
                0x00000074                __do_copy_data
 .init4         0x0000008a       0x10 c:/winavr-20100110/bin/../lib/gcc/avr/4.3.3/avr5\libgcc.a(_clear_bss.o)
                0x0000008a                __do_clear_bss
 *(.init4)
 *(.init5)
 *(.init5)
 *(.init6)
 *(.init6)
 *(.init7)
 *(.init7)
 *(.init8)
 *(.init8)
 *(.init9)
 .init9         0x0000009a        0x8 c:/winavr-20100110/bin/../lib/gcc/avr/4.3.3/../../../../avr/lib/avr5/crtm328p.o
 *(.init9)
 *(.text)
 .text          0x000000a2        0x4 c:/winavr-20100110/bin/../lib/gcc/avr/4.3.3/../../../../avr/lib/avr5/crtm328p.o
                0x000000a2                __vector_22
                0x000000a2                __vector_1
                0x000000a2                __vector_24
                0x000000a2                __vector_12
                0x000000a2                __bad_interrupt
                0x000000a2                __vector_3
                0x000000a2                __vector_23
                0x000000a2                __vector_25
                0x000000a2                __vector_11
                0x000000a2                __vector_13
                0x000000a2                __vector_17
                0x000000a2                __vector_19
                0x000000a2                __vector_7
                0x000000a2                __vector_5
                0x000000a2                __vector_4
                0x000000a2                __vector_9
                0x000000a2                __vector_2
                0x000000a2                __vector_21
                0x000000a2                __vector_15
                0x000000a2                __vector_8
                0x000000a2                __vector_14
                0x000000a2                __vector_10
                0x000000a2                __vector_18
                0x000000a2                __vector_20
 .text          0x000000a6       0x16 main.o
                0x000000a6                main
 .text          0x000000bc       0x4a app.o
                0x000000bc                App_Main_Loop
                0x000000d8                App_Setup
 .text          0x00000106     0x1ada timebase.o
                0x0000121a                Timebase_LPDownCounter_Get_Status
                0x00000918                Timebase_DownCounter_SS_Set_EndValueSec
                0x000017be                Timebase_LPDownCounter_Expired_Event
                0x00000970                Timebase_DownCounter_SS_Get_PeriodValue
                0x000007e4                Timebase_DownCounter_SS_Get_Status
                0x00001066                Timebase_DownCounter_SS_Set_Period_Value_Securely
                0x00000a50                Timebase_DownCounter_SS_Clear_Period_Flag
                0x00000b74                Timebase_DownCounter_SS_Start
                0x00001ab4                Timebase_ISR_Executables
                0x00001890                Timebase_LPDownCounter_Set_Period_Value_Securely
                0x0000083e                Timebase_DownCounter_SS_Get_Value
                0x0000035e                Timebase_LPTimer_Enable
                0x00000722                Timebase_LPTimer_Get_Seconds
                0x000008de                Timebase_DownCounter_SS_Get_EndValueSubSec
                0x00000f9a                Timebase_DownCounter_SS_Expired_Event
                0x00001a3a                Timebase_Reset
                0x00001a46                Timebase_Init
                0x000005d8                Timebase_Timer_Await_SubSeconds
                0x000003ce                Timebase_LPTimer_Disable
                0x000011ea                Timebase_DownCounter_SS_Reset_All
                0x00000b2a                Timebase_DownCounter_SS_Clear_All_Flags
                0x0000034a                Timebase_Timer_Disable
                0x000003ec                Timebase_Atomic_Operation_Start
                0x00001528                Timebase_LPDownCounter_Stop
                0x00000460                Timebase_Timer_Get_SubSecondsShadow_Securely
                0x00001b8e                __vector_6
                0x000014f6                Timebase_LPDownCounter_Start
                0x0000041a                Timebase_Timer_Get_SubSeconds
                0x00000ab4                Timebase_DownCounter_SS_Set_ReloadValue
                0x00000ff4                Timebase_DownCounter_SS_Oneshot_Expired_Event
                0x00000228                Timebase_Timer_Enable
                0x00000a7a                Timebase_DownCounter_SS_Get_ReloadValue
                0x0000076a                Timebase_LPTimer_Delay_Seconds
                0x00001328                Timebase_LPDownCounter_Get_PeriodValue
                0x0000155a                Timebase_LPDownCounter_Set_Securely
                0x000011e2                Timebase_DownCounter_SS_Update_All
                0x0000044e                Timebase_Timer_Set_Seconds
                0x00001608                Timebase_LPDownCounter_Set_Forcefully
                0x000019be                Timebase_LPDownCounter_Period_Value_Expired_Event
                0x000008a4                Timebase_DownCounter_SS_Get_EndValueSec
                0x0000080e                Timebase_DownCounter_SS_Set_Status
                0x00000ae0                Timebase_DownCounter_SS_Reset
                0x000012ca                Timebase_LPDownCounter_Get_EndValue
                0x000010da                Timebase_DownCounter_SS_Get_Remaining_Period_Value
                0x000014b4                Timebase_LPDownCounter_Clear_All_Flags
                0x0000126c                Timebase_LPDownCounter_Get_Value
                0x00001a6c                Timebase_Main_Loop_Executables
                0x00001a02                Timebase_LPDownCounter_Reset_All
                0x000009aa                Timebase_DownCounter_SS_Set_PeriodValue
                0x0000047a                Timebase_Timer_Get_SecondsShadow_Securely
                0x00001a40                Timebase_LP_Reset
                0x00000a26                Timebase_DownCounter_SS_Set_Period_Flag
                0x00000be0                Timebase_DownCounter_SS_Set_Securely
                0x000003f4                Timebase_Timer_Get_SubSecondsShadow
                0x00001948                Timebase_LPDownCounter_Period_Value_Expired
                0x00000ffa                Timebase_DownCounter_SS_Continuous_Expired_Event
                0x0000042a                Timebase_Timer_Get_Seconds
                0x00001126                Timebase_DownCounter_SS_Period_Value_Expired
                0x000009fe                Timebase_DownCounter_SS_Get_Period_Flag
                0x0000178e                Timebase_LPDownCounter_Expired
                0x00001472                Timebase_LPDownCounter_Reset
                0x0000135e                Timebase_LPDownCounter_Set_PeriodValue
                0x0000074a                Timebase_LPTimer_Set_SubSeconds
                0x00000e00                Timebase_DownCounter_SS_Update
                0x000011a2                Timebase_DownCounter_SS_Period_Value_Expired_Event
                0x00000106                Timebase_Struct_Init
                0x00000696                Timebase_Timer_Delay_Seconds
                0x000013aa                Timebase_LPDownCounter_Get_Period_Flag
                0x00000440                Timebase_Timer_Set_SubSeconds
                0x00001446                Timebase_LPDownCounter_Set_ReloadValue
                0x00001300                Timebase_LPDownCounter_Set_EndValue
                0x00000d7e                Timebase_DownCounter_SS_Set_Forcefully
                0x000003f0                Timebase_Atomic_Operation_End
                0x000012a2                Timebase_LPDownCounter_Set_Value
                0x00000878                Timebase_DownCounter_SS_Set_Value
                0x000013ce                Timebase_LPDownCounter_Set_Period_Flag
                0x00001684                Timebase_LPDownCounter_Update
                0x000004a2                Timebase_Timer_Sync_With_Shadow_Variables
                0x00001810                Timebase_LPDownCounter_Oneshot_Expired_Event
                0x00000404                Timebase_Timer_Get_SecondsShadow
                0x00001a2e                Timebase_Get_Update_Req_Sts
                0x000013f4                Timebase_LPDownCounter_Clear_Period_Flag
                0x0000141a                Timebase_LPDownCounter_Get_ReloadValue
                0x00000baa                Timebase_DownCounter_SS_Stop
                0x00000758                Timebase_LPTimer_Set_Seconds
                0x00001900                Timebase_LPDownCounter_Get_Remaining_Period_Value
                0x00000708                Timebase_LPTimer_Get_SubSeconds
                0x00001af6                __vector_16
                0x000004ea                Timebase_Timer_Delay_SubSeconds
                0x00000944                Timebase_DownCounter_SS_Set_EndValueSubSec
                0x00001b4c                Timebase_LP_ISR_Executables
                0x00001816                Timebase_LPDownCounter_Continuous_Expired_Event
                0x00001240                Timebase_LPDownCounter_Set_Status
                0x000019fa                Timebase_LPDownCounter_Update_All
                0x00000f66                Timebase_DownCounter_SS_Expired
 .text          0x00001be0      0x38e uart.o
                0x00001e4c                UART_Transmit_New_Line
                0x00001f08                UART_Transmit_Number
                0x00001f3c                UART_Init
                0x00001f3a                UART_Flush_Buffer
                0x00001c70                UART_Receive_Byte
                0x00001c60                UART_Transmit_Byte
                0x00001bf8                UART_Config_Clock
                0x00001bf6                UART_Config_GPIO
                0x00001c52                UART_Config_Receiver_Interrupt
                0x00001d6a                UART_Transmit_Byte_Bin
                0x00001e56                UART_Transmit_Space
                0x00001c2e                UART_Config_Transmitter
                0x00001be0                UART_Struct_Init
                0x00001c40                UART_Config_Receiver
                0x00001e2a                UART_Transmit_Text
                0x00001bfa                UART_Config_BAUD_Rate
                0x00001e60                UART_Determine_Digit_Numbers
                0x00001ede                UART_Transmit_Number_Digits
                0x00001cb8                UART_Transmit_Byte_Hex
 .text          0x00001f6e      0x548 pid.o
                0x000020d4                PID_Set_SetPoint
                0x000020f8                PID_Set_Max_IError
                0x000020e6                PID_Set_ProcessValue
                0x0000236a                PID_Get_Set_Point
                0x000023b2                PID_Get_DError
                0x0000207e                PID_Set_Ki
                0x000023fa                PID_Get_DError_Product
                0x00002358                PID_Get_Kd
                0x00002334                PID_Get_Kp
                0x00002442                PID_Init
                0x00002430                PID_Get_Output_NonNegative
                0x000023a0                PID_Get_IError
                0x0000206c                PID_Set_Kp
                0x0000237c                PID_Get_Process_Value
                0x00001f6e                PID_Struct_Init
                0x00002346                PID_Get_Ki
                0x000022dc                PID_Execute_Routine
                0x0000210a                PID_Set_Scaling_Factor
                0x0000211c                PID_Reset_IError
                0x000023d6                PID_Get_PError_Product
                0x000023c4                PID_Get_Max_IError
                0x00002448                PID_Init_Module
                0x0000241e                PID_Get_Output
                0x000021e0                PID_Calculate_Error_Products
                0x000020a2                PID_Set_Constants
                0x000023e8                PID_Get_IError_Product
                0x0000212e                PID_Calculate_Error
                0x0000240c                PID_Get_Scaling_Factor
                0x0000238e                PID_Get_PError
                0x00002090                PID_Set_Kd
 .text          0x000024b6        0x0 c:/winavr-20100110/bin/../lib/gcc/avr/4.3.3/avr5\libgcc.a(_mulsi3.o)
 .text          0x000024b6        0x0 c:/winavr-20100110/bin/../lib/gcc/avr/4.3.3/avr5\libgcc.a(_udivmodsi4.o)
 .text          0x000024b6        0x0 c:/winavr-20100110/bin/../lib/gcc/avr/4.3.3/avr5\libgcc.a(_divmodsi4.o)
 .text          0x000024b6        0x0 c:/winavr-20100110/bin/../lib/gcc/avr/4.3.3/avr5\libgcc.a(_exit.o)
 .text          0x000024b6        0x0 c:/winavr-20100110/bin/../lib/gcc/avr/4.3.3/avr5\libgcc.a(_copy_data.o)
 .text          0x000024b6        0x0 c:/winavr-20100110/bin/../lib/gcc/avr/4.3.3/avr5\libgcc.a(_clear_bss.o)
                0x000024b6                . = ALIGN (0x2)
 *(.text.*)
 .text.libgcc   0x000024b6       0x3e c:/winavr-20100110/bin/../lib/gcc/avr/4.3.3/avr5\libgcc.a(_mulsi3.o)
                0x000024b6                __mulsi3
 .text.libgcc   0x000024f4       0x44 c:/winavr-20100110/bin/../lib/gcc/avr/4.3.3/avr5\libgcc.a(_udivmodsi4.o)
                0x000024f4                __udivmodsi4
 .text.libgcc   0x00002538       0x36 c:/winavr-20100110/bin/../lib/gcc/avr/4.3.3/avr5\libgcc.a(_divmodsi4.o)
                0x00002538                __divmodsi4
 .text.libgcc   0x0000256e        0x0 c:/winavr-20100110/bin/../lib/gcc/avr/4.3.3/avr5\libgcc.a(_exit.o)
 .text.libgcc   0x0000256e        0x0 c:/winavr-20100110/bin/../lib/gcc/avr/4.3.3/avr5\libgcc.a(_copy_data.o)
 .text.libgcc   0x0000256e        0x0 c:/winavr-20100110/bin/../lib/gcc/avr/4.3.3/avr5\libgcc.a(_clear_bss.o)
                0x0000256e                . = ALIGN (0x2)
 *(.fini9)
 .fini9         0x0000256e        0x0 c:/winavr-20100110/bin/../lib/gcc/avr/4.3.3/avr5\libgcc.a(_exit.o)
                0x0000256e                exit
                0x0000256e                _exit
 *(.fini9)
 *(.fini8)
 *(.fini8)
 *(.fini7)
 *(.fini7)
 *(.fini6)
 *(.fini6)
 *(.fini5)
 *(.fini5)
 *(.fini4)
 *(.fini4)
 *(.fini3)
 *(.fini3)
 *(.fini2)
 *(.fini2)
 *(.fini1)
 *(.fini1)
 *(.fini0)
 .fini0         0x0000256e        0x4 c:/winavr-20100110/bin/../lib/gcc/avr/4.3.3/avr5\libgcc.a(_exit.o)
 *(.fini0)
                0x00002572                _etext = .

.data           0x00800100       0x12 load address 0x00002572
                0x00800100                PROVIDE (__data_start, .)
 *(.data)
 .data          0x00800100        0x0 c:/winavr-20100110/bin/../lib/gcc/avr/4.3.3/../../../../avr/lib/avr5/crtm328p.o
 .data          0x00800100        0x0 main.o
 .data          0x00800100        0x3 app.o
 .data          0x00800103        0xa timebase.o
 .data          0x0080010d        0x5 uart.o
 .data          0x00800112        0x0 pid.o
 .data          0x00800112        0x0 c:/winavr-20100110/bin/../lib/gcc/avr/4.3.3/avr5\libgcc.a(_mulsi3.o)
 .data          0x00800112        0x0 c:/winavr-20100110/bin/../lib/gcc/avr/4.3.3/avr5\libgcc.a(_udivmodsi4.o)
 .data          0x00800112        0x0 c:/winavr-20100110/bin/../lib/gcc/avr/4.3.3/avr5\libgcc.a(_divmodsi4.o)
 .data          0x00800112        0x0 c:/winavr-20100110/bin/../lib/gcc/avr/4.3.3/avr5\libgcc.a(_exit.o)
 .data          0x00800112        0x0 c:/winavr-20100110/bin/../lib/gcc/avr/4.3.3/avr5\libgcc.a(_copy_data.o)
 .data          0x00800112        0x0 c:/winavr-20100110/bin/../lib/gcc/avr/4.3.3/avr5\libgcc.a(_clear_bss.o)
 *(.data*)
 *(.rodata)
 *(.rodata*)
 *(.gnu.linkonce.d*)
                0x00800112                . = ALIGN (0x2)
                0x00800112                _edata = .
                0x00800112                PROVIDE (__data_end, .)

.bss            0x00800112       0x98
                0x00800112                PROVIDE (__bss_start, .)
 *(.bss)
 .bss           0x00800112        0x0 c:/winavr-20100110/bin/../lib/gcc/avr/4.3.3/../../../../avr/lib/avr5/crtm328p.o
 .bss           0x00800112        0x0 main.o
 .bss           0x00800112        0x0 app.o
 .bss           0x00800112        0x0 timebase.o
 .bss           0x00800112        0xa uart.o
 .bss           0x0080011c        0x0 pid.o
 .bss           0x0080011c        0x0 c:/winavr-20100110/bin/../lib/gcc/avr/4.3.3/avr5\libgcc.a(_mulsi3.o)
 .bss           0x0080011c        0x0 c:/winavr-20100110/bin/../lib/gcc/avr/4.3.3/avr5\libgcc.a(_udivmodsi4.o)
 .bss           0x0080011c        0x0 c:/winavr-20100110/bin/../lib/gcc/avr/4.3.3/avr5\libgcc.a(_divmodsi4.o)
 .bss           0x0080011c        0x0 c:/winavr-20100110/bin/../lib/gcc/avr/4.3.3/avr5\libgcc.a(_exit.o)
 .bss           0x0080011c        0x0 c:/winavr-20100110/bin/../lib/gcc/avr/4.3.3/avr5\libgcc.a(_copy_data.o)
 .bss           0x0080011c        0x0 c:/winavr-20100110/bin/../lib/gcc/avr/4.3.3/avr5\libgcc.a(_clear_bss.o)
 *(.bss*)
 *(COMMON)
 COMMON         0x0080011c       0x46 timebase.o
                0x0080011c                Timebase
                0x0080011e                Timebase_type
 COMMON         0x00800162       0x48 pid.o
                0x00800162                PID
                0x00800164                PID_type
                0x008001aa                PROVIDE (__bss_end, .)
                0x00002572                __data_load_start = LOADADDR (.data)
                0x00002584                __data_load_end = (__data_load_start + SIZEOF (.data))

.noinit         0x008001aa        0x0
                0x008001aa                PROVIDE (__noinit_start, .)
 *(.noinit*)
                0x008001aa                PROVIDE (__noinit_end, .)
                0x008001aa                _end = .
                0x008001aa                PROVIDE (__heap_start, .)

.eeprom         0x00810000        0x0
 *(.eeprom*)
                0x00810000                __eeprom_end = .

.fuse
 *(.fuse)
 *(.lfuse)
 *(.hfuse)
 *(.efuse)

.lock
 *(.lock*)

.signature
 *(.signature*)

.stab
 *(.stab)

.stabstr
 *(.stabstr)

.stab.excl
 *(.stab.excl)

.stab.exclstr
 *(.stab.exclstr)

.stab.index
 *(.stab.index)

.stab.indexstr
 *(.stab.indexstr)

.comment
 *(.comment)

.debug
 *(.debug)

.line
 *(.line)

.debug_srcinfo
 *(.debug_srcinfo)

.debug_sfnames
 *(.debug_sfnames)

.debug_aranges  0x00000000       0xa0
 *(.debug_aranges)
 .debug_aranges
                0x00000000       0x20 main.o
 .debug_aranges
                0x00000020       0x20 app.o
 .debug_aranges
                0x00000040       0x20 timebase.o
 .debug_aranges
                0x00000060       0x20 uart.o
 .debug_aranges
                0x00000080       0x20 pid.o

.debug_pubnames
                0x00000000     0x137e
 *(.debug_pubnames)
 .debug_pubnames
                0x00000000       0x1b main.o
 .debug_pubnames
                0x0000001b       0x32 app.o
 .debug_pubnames
                0x0000004d      0xe92 timebase.o
 .debug_pubnames
                0x00000edf      0x1ef uart.o
 .debug_pubnames
                0x000010ce      0x2b0 pid.o

.debug_info     0x00000000     0x3bfe
 *(.debug_info)
 .debug_info    0x00000000       0x76 main.o
 .debug_info    0x00000076       0x86 app.o
 .debug_info    0x000000fc     0x2e45 timebase.o
 .debug_info    0x00002f41      0x52d uart.o
 .debug_info    0x0000346e      0x790 pid.o
 *(.gnu.linkonce.wi.*)

.debug_abbrev   0x00000000      0x6f9
 *(.debug_abbrev)
 .debug_abbrev  0x00000000       0x41 main.o
 .debug_abbrev  0x00000041       0x3f app.o
 .debug_abbrev  0x00000080      0x2a9 timebase.o
 .debug_abbrev  0x00000329      0x203 uart.o
 .debug_abbrev  0x0000052c      0x1cd pid.o

.debug_line     0x00000000     0x1e8f
 *(.debug_line)
 .debug_line    0x00000000       0x70 main.o
 .debug_line    0x00000070       0xa1 app.o
 .debug_line    0x00000111     0x1497 timebase.o
 .debug_line    0x000015a8      0x483 uart.o
 .debug_line    0x00001a2b      0x464 pid.o

.debug_frame    0x00000000      0x980
 *(.debug_frame)
 .debug_frame   0x00000000       0x20 main.o
 .debug_frame   0x00000020       0x30 app.o
 .debug_frame   0x00000050      0x600 timebase.o
 .debug_frame   0x00000650      0x140 uart.o
 .debug_frame   0x00000790      0x1f0 pid.o

.debug_str      0x00000000     0x1584
 *(.debug_str)
 .debug_str     0x00000000       0x83 main.o
                                 0xb7 (size before relaxing)
 .debug_str     0x00000083       0x1e app.o
                                 0xc9 (size before relaxing)
 .debug_str     0x000000a1     0x1001 timebase.o
                               0x1174 (size before relaxing)
 .debug_str     0x000010a2      0x1ee uart.o
                                0x2cf (size before relaxing)
 .debug_str     0x00001290      0x2f4 pid.o
                                0x3e0 (size before relaxing)

.debug_loc      0x00000000     0x1556
 *(.debug_loc)
 .debug_loc     0x00000000     0x1109 timebase.o
 .debug_loc     0x00001109      0x3b1 uart.o
 .debug_loc     0x000014ba       0x9c pid.o

.debug_macinfo
 *(.debug_macinfo)
OUTPUT(main.elf elf32-avr)
LOAD linker stubs

.debug_ranges   0x00000000       0x48
 .debug_ranges  0x00000000       0x48 uart.o

Cross Reference Table

Symbol                                            File
App_Main_Loop                                     app.o
                                                  main.o
App_Setup                                         app.o
                                                  main.o
PID                                               pid.o
PID_Calculate_Error                               pid.o
PID_Calculate_Error_Products                      pid.o
PID_Execute_Routine                               pid.o
PID_Get_DError                                    pid.o
PID_Get_DError_Product                            pid.o
PID_Get_IError                                    pid.o
PID_Get_IError_Product                            pid.o
PID_Get_Kd                                        pid.o
PID_Get_Ki                                        pid.o
PID_Get_Kp                                        pid.o
PID_Get_Max_IError                                pid.o
PID_Get_Output                                    pid.o
PID_Get_Output_NonNegative                        pid.o
PID_Get_PError                                    pid.o
PID_Get_PError_Product                            pid.o
PID_Get_Process_Value                             pid.o
PID_Get_Scaling_Factor                            pid.o
PID_Get_Set_Point                                 pid.o
PID_Init                                          pid.o
PID_Init_Module                                   pid.o
PID_Reset_IError                                  pid.o
PID_Set_Constants                                 pid.o
PID_Set_Kd                                        pid.o
PID_Set_Ki                                        pid.o
PID_Set_Kp                                        pid.o
PID_Set_Max_IError                                pid.o
PID_Set_ProcessValue                              pid.o
PID_Set_Scaling_Factor                            pid.o
PID_Set_SetPoint                                  pid.o
PID_Struct_Init                                   pid.o
PID_type                                          pid.o
Timebase                                          timebase.o
Timebase_Atomic_Operation_End                     timebase.o
Timebase_Atomic_Operation_Start                   timebase.o
Timebase_DownCounter_SS_Clear_All_Flags           timebase.o
Timebase_DownCounter_SS_Clear_Period_Flag         timebase.o
Timebase_DownCounter_SS_Continuous_Expired_Event  timebase.o
                                                  app.o
Timebase_DownCounter_SS_Expired                   timebase.o
Timebase_DownCounter_SS_Expired_Event             timebase.o
Timebase_DownCounter_SS_Get_EndValueSec           timebase.o
Timebase_DownCounter_SS_Get_EndValueSubSec        timebase.o
Timebase_DownCounter_SS_Get_PeriodValue           timebase.o
Timebase_DownCounter_SS_Get_Period_Flag           timebase.o
Timebase_DownCounter_SS_Get_ReloadValue           timebase.o
Timebase_DownCounter_SS_Get_Remaining_Period_Value timebase.o
Timebase_DownCounter_SS_Get_Status                timebase.o
Timebase_DownCounter_SS_Get_Value                 timebase.o
Timebase_DownCounter_SS_Oneshot_Expired_Event     timebase.o
Timebase_DownCounter_SS_Period_Value_Expired      timebase.o
Timebase_DownCounter_SS_Period_Value_Expired_Event timebase.o
Timebase_DownCounter_SS_Reset                     timebase.o
Timebase_DownCounter_SS_Reset_All                 timebase.o
Timebase_DownCounter_SS_Set_EndValueSec           timebase.o
Timebase_DownCounter_SS_Set_EndValueSubSec        timebase.o
Timebase_DownCounter_SS_Set_Forcefully            timebase.o
Timebase_DownCounter_SS_Set_PeriodValue           timebase.o
Timebase_DownCounter_SS_Set_Period_Flag           timebase.o
Timebase_DownCounter_SS_Set_Period_Value_Securely timebase.o
Timebase_DownCounter_SS_Set_ReloadValue           timebase.o
Timebase_DownCounter_SS_Set_Securely              timebase.o
                                                  app.o
Timebase_DownCounter_SS_Set_Status                timebase.o
Timebase_DownCounter_SS_Set_Value                 timebase.o
Timebase_DownCounter_SS_Start                     timebase.o
Timebase_DownCounter_SS_Stop                      timebase.o
Timebase_DownCounter_SS_Update                    timebase.o
Timebase_DownCounter_SS_Update_All                timebase.o
Timebase_Get_Update_Req_Sts                       timebase.o
Timebase_ISR_Executables                          timebase.o
Timebase_Init                                     timebase.o
                                                  main.o
Timebase_LPDownCounter_Clear_All_Flags            timebase.o
Timebase_LPDownCounter_Clear_Period_Flag          timebase.o
Timebase_LPDownCounter_Continuous_Expired_Event   timebase.o
Timebase_LPDownCounter_Expired                    timebase.o
Timebase_LPDownCounter_Expired_Event              timebase.o
Timebase_LPDownCounter_Get_EndValue               timebase.o
Timebase_LPDownCounter_Get_PeriodValue            timebase.o
Timebase_LPDownCounter_Get_Period_Flag            timebase.o
Timebase_LPDownCounter_Get_ReloadValue            timebase.o
Timebase_LPDownCounter_Get_Remaining_Period_Value timebase.o
Timebase_LPDownCounter_Get_Status                 timebase.o
Timebase_LPDownCounter_Get_Value                  timebase.o
Timebase_LPDownCounter_Oneshot_Expired_Event      timebase.o
Timebase_LPDownCounter_Period_Value_Expired       timebase.o
Timebase_LPDownCounter_Period_Value_Expired_Event timebase.o
Timebase_LPDownCounter_Reset                      timebase.o
Timebase_LPDownCounter_Reset_All                  timebase.o
Timebase_LPDownCounter_Set_EndValue               timebase.o
Timebase_LPDownCounter_Set_Forcefully             timebase.o
Timebase_LPDownCounter_Set_PeriodValue            timebase.o
Timebase_LPDownCounter_Set_Period_Flag            timebase.o
Timebase_LPDownCounter_Set_Period_Value_Securely  timebase.o
Timebase_LPDownCounter_Set_ReloadValue            timebase.o
Timebase_LPDownCounter_Set_Securely               timebase.o
                                                  app.o
Timebase_LPDownCounter_Set_Status                 timebase.o
Timebase_LPDownCounter_Set_Value                  timebase.o
Timebase_LPDownCounter_Start                      timebase.o
Timebase_LPDownCounter_Stop                       timebase.o
Timebase_LPDownCounter_Update                     timebase.o
Timebase_LPDownCounter_Update_All                 timebase.o
Timebase_LPTimer_Delay_Seconds                    timebase.o
Timebase_LPTimer_Disable                          timebase.o
Timebase_LPTimer_Enable                           timebase.o
Timebase_LPTimer_Get_Seconds                      timebase.o
                                                  app.o
Timebase_LPTimer_Get_SubSeconds                   timebase.o
Timebase_LPTimer_Set_Seconds                      timebase.o
Timebase_LPTimer_Set_SubSeconds                   timebase.o
Timebase_LP_ISR_Executables                       timebase.o
Timebase_LP_Reset                                 timebase.o
Timebase_Main_Loop_Executables                    timebase.o
                                                  main.o
Timebase_Reset                                    timebase.o
Timebase_Struct_Init                              timebase.o
Timebase_Timer_Await_SubSeconds                   timebase.o
Timebase_Timer_Delay_Seconds                      timebase.o
Timebase_Timer_Delay_SubSeconds                   timebase.o
Timebase_Timer_Disable                            timebase.o
Timebase_Timer_Enable                             timebase.o
Timebase_Timer_Get_Seconds                        timebase.o
Timebase_Timer_Get_SecondsShadow                  timebase.o
Timebase_Timer_Get_SecondsShadow_Securely         timebase.o
Timebase_Timer_Get_SubSeconds                     timebase.o
Timebase_Timer_Get_SubSecondsShadow               timebase.o
Timebase_Timer_Get_SubSecondsShadow_Securely      timebase.o
Timebase_Timer_Set_Seconds                        timebase.o
Timebase_Timer_Set_SubSeconds                     timebase.o
Timebase_Timer_Sync_With_Shadow_Variables         timebase.o
Timebase_type                                     timebase.o
UART_Config_BAUD_Rate                             uart.o
UART_Config_Clock                                 uart.o
UART_Config_GPIO                                  uart.o
UART_Config_Receiver                              uart.o
UART_Config_Receiver_Interrupt                    uart.o
UART_Config_Transmitter                           uart.o
UART_Determine_Digit_Numbers                      uart.o
UART_Flush_Buffer                                 uart.o
UART_Init                                         uart.o
                                                  app.o
UART_Receive_Byte                                 uart.o
UART_Struct_Init                                  uart.o
UART_Transmit_Byte                                uart.o
UART_Transmit_Byte_Bin                            uart.o
UART_Transmit_Byte_Hex                            uart.o
UART_Transmit_New_Line                            uart.o
UART_Transmit_Number                              uart.o
                                                  app.o
UART_Transmit_Number_Digits                       uart.o
UART_Transmit_Space                               uart.o
UART_Transmit_Text                                uart.o
                                                  app.o
__bad_interrupt                                   c:/winavr-20100110/bin/../lib/gcc/avr/4.3.3/../../../../avr/lib/avr5/crtm328p.o
__bss_end                                         c:/winavr-20100110/bin/../lib/gcc/avr/4.3.3/avr5\libgcc.a(_clear_bss.o)
__bss_start                                       c:/winavr-20100110/bin/../lib/gcc/avr/4.3.3/avr5\libgcc.a(_clear_bss.o)
__data_end                                        c:/winavr-20100110/bin/../lib/gcc/avr/4.3.3/avr5\libgcc.a(_copy_data.o)
__data_load_start                                 c:/winavr-20100110/bin/../lib/gcc/avr/4.3.3/avr5\libgcc.a(_copy_data.o)
__data_start                                      c:/winavr-20100110/bin/../lib/gcc/avr/4.3.3/avr5\libgcc.a(_copy_data.o)
__divmodsi4                                       c:/winavr-20100110/bin/../lib/gcc/avr/4.3.3/avr5\libgcc.a(_divmodsi4.o)
                                                  pid.o
                                                  timebase.o
__do_clear_bss                                    c:/winavr-20100110/bin/../lib/gcc/avr/4.3.3/avr5\libgcc.a(_clear_bss.o)
                                                  pid.o
                                                  uart.o
                                                  timebase.o
__do_copy_data                                    c:/winavr-20100110/bin/../lib/gcc/avr/4.3.3/avr5\libgcc.a(_copy_data.o)
                                                  uart.o
                                                  timebase.o
                                                  app.o
__heap_end                                        c:/winavr-20100110/bin/../lib/gcc/avr/4.3.3/../../../../avr/lib/avr5/crtm328p.o
__init                                            c:/winavr-20100110/bin/../lib/gcc/avr/4.3.3/../../../../avr/lib/avr5/crtm328p.o
__mulsi3                                          c:/winavr-20100110/bin/../lib/gcc/avr/4.3.3/avr5\libgcc.a(_mulsi3.o)
                                                  pid.o
                                                  timebase.o
__stack                                           c:/winavr-20100110/bin/../lib/gcc/avr/4.3.3/../../../../avr/lib/avr5/crtm328p.o
__udivmodsi4                                      c:/winavr-20100110/bin/../lib/gcc/avr/4.3.3/avr5\libgcc.a(_udivmodsi4.o)
                                                  c:/winavr-20100110/bin/../lib/gcc/avr/4.3.3/avr5\libgcc.a(_divmodsi4.o)
                                                  uart.o
__vector_1                                        c:/winavr-20100110/bin/../lib/gcc/avr/4.3.3/../../../../avr/lib/avr5/crtm328p.o
__vector_10                                       c:/winavr-20100110/bin/../lib/gcc/avr/4.3.3/../../../../avr/lib/avr5/crtm328p.o
__vector_11                                       c:/winavr-20100110/bin/../lib/gcc/avr/4.3.3/../../../../avr/lib/avr5/crtm328p.o
__vector_12                                       c:/winavr-20100110/bin/../lib/gcc/avr/4.3.3/../../../../avr/lib/avr5/crtm328p.o
__vector_13                                       c:/winavr-20100110/bin/../lib/gcc/avr/4.3.3/../../../../avr/lib/avr5/crtm328p.o
__vector_14                                       c:/winavr-20100110/bin/../lib/gcc/avr/4.3.3/../../../../avr/lib/avr5/crtm328p.o
__vector_15                                       c:/winavr-20100110/bin/../lib/gcc/avr/4.3.3/../../../../avr/lib/avr5/crtm328p.o
__vector_16                                       timebase.o
                                                  c:/winavr-20100110/bin/../lib/gcc/avr/4.3.3/../../../../avr/lib/avr5/crtm328p.o
__vector_17                                       c:/winavr-20100110/bin/../lib/gcc/avr/4.3.3/../../../../avr/lib/avr5/crtm328p.o
__vector_18                                       c:/winavr-20100110/bin/../lib/gcc/avr/4.3.3/../../../../avr/lib/avr5/crtm328p.o
__vector_19                                       c:/winavr-20100110/bin/../lib/gcc/avr/4.3.3/../../../../avr/lib/avr5/crtm328p.o
__vector_2                                        c:/winavr-20100110/bin/../lib/gcc/avr/4.3.3/../../../../avr/lib/avr5/crtm328p.o
__vector_20                                       c:/winavr-20100110/bin/../lib/gcc/avr/4.3.3/../../../../avr/lib/avr5/crtm328p.o
__vector_21                                       c:/winavr-20100110/bin/../lib/gcc/avr/4.3.3/../../../../avr/lib/avr5/crtm328p.o
__vector_22                                       c:/winavr-20100110/bin/../lib/gcc/avr/4.3.3/../../../../avr/lib/avr5/crtm328p.o
__vector_23                                       c:/winavr-20100110/bin/../lib/gcc/avr/4.3.3/../../../../avr/lib/avr5/crtm328p.o
__vector_24                                       c:/winavr-20100110/bin/../lib/gcc/avr/4.3.3/../../../../avr/lib/avr5/crtm328p.o
__vector_25                                       c:/winavr-20100110/bin/../lib/gcc/avr/4.3.3/../../../../avr/lib/avr5/crtm328p.o
__vector_3                                        c:/winavr-20100110/bin/../lib/gcc/avr/4.3.3/../../../../avr/lib/avr5/crtm328p.o
__vector_4                                        c:/winavr-20100110/bin/../lib/gcc/avr/4.3.3/../../../../avr/lib/avr5/crtm328p.o
__vector_5                                        c:/winavr-20100110/bin/../lib/gcc/avr/4.3.3/../../../../avr/lib/avr5/crtm328p.o
__vector_6                                        timebase.o
                                                  c:/winavr-20100110/bin/../lib/gcc/avr/4.3.3/../../../../avr/lib/avr5/crtm328p.o
__vector_7                                        c:/winavr-20100110/bin/../lib/gcc/avr/4.3.3/../../../../avr/lib/avr5/crtm328p.o
__vector_8                                        c:/winavr-20100110/bin/../lib/gcc/avr/4.3.3/../../../../avr/lib/avr5/crtm328p.o
__vector_9                                        c:/winavr-20100110/bin/../lib/gcc/avr/4.3.3/../../../../avr/lib/avr5/crtm328p.o
__vector_default                                  c:/winavr-20100110/bin/../lib/gcc/avr/4.3.3/../../../../avr/lib/avr5/crtm328p.o
__vectors                                         c:/winavr-20100110/bin/../lib/gcc/avr/4.3.3/../../../../avr/lib/avr5/crtm328p.o
_exit                                             c:/winavr-20100110/bin/../lib/gcc/avr/4.3.3/avr5\libgcc.a(_exit.o)
exit                                              c:/winavr-20100110/bin/../lib/gcc/avr/4.3.3/avr5\libgcc.a(_exit.o)
                                                  c:/winavr-20100110/bin/../lib/gcc/avr/4.3.3/../../../../avr/lib/avr5/crtm328p.o
main                                              main.o
                                                  c:/winavr-20100110/bin/../lib/gcc/avr/4.3.3/../../../../avr/lib/avr5/crtm328p.o
