Archive member included because of file (symbol)

c:/winavr-20100110/bin/../lib/gcc/avr/4.3.3/avr5\libgcc.a(_mulsi3.o)
                              timebase.o (__mulsi3)
c:/winavr-20100110/bin/../lib/gcc/avr/4.3.3/avr5\libgcc.a(_udivmodsi4.o)
                              uart.o (__udivmodsi4)
c:/winavr-20100110/bin/../lib/gcc/avr/4.3.3/avr5\libgcc.a(_divmodsi4.o)
                              timebase.o (__divmodsi4)
c:/winavr-20100110/bin/../lib/gcc/avr/4.3.3/avr5\libgcc.a(_exit.o)
                              c:/winavr-20100110/bin/../lib/gcc/avr/4.3.3/../../../../avr/lib/avr5/crtm328p.o (exit)
c:/winavr-20100110/bin/../lib/gcc/avr/4.3.3/avr5\libgcc.a(_copy_data.o)
                              timebase.o (__do_copy_data)
c:/winavr-20100110/bin/../lib/gcc/avr/4.3.3/avr5\libgcc.a(_clear_bss.o)
                              timebase.o (__do_clear_bss)

Allocating common symbols
Common symbol       size              file

Timebase            0x2               timebase.o
Timebase_type       0x2f              timebase.o

Memory Configuration

Name             Origin             Length             Attributes
text             0x00000000         0x00020000         xr
data             0x00800060         0x0000ffa0         rw !x
eeprom           0x00810000         0x00010000         rw !x
fuse             0x00820000         0x00000400         rw !x
lock             0x00830000         0x00000400         rw !x
signature        0x00840000         0x00000400         rw !x
*default*        0x00000000         0xffffffff

Linker script and memory map

Address of section .data set to 0x800100
LOAD c:/winavr-20100110/bin/../lib/gcc/avr/4.3.3/../../../../avr/lib/avr5/crtm328p.o
LOAD main.o
LOAD timebase.o
LOAD uart.o
LOAD c:/winavr-20100110/bin/../lib/gcc/avr/4.3.3/../../../../avr/lib/avr5\libm.a
LOAD c:/winavr-20100110/bin/../lib/gcc/avr/4.3.3/avr5\libgcc.a
LOAD c:/winavr-20100110/bin/../lib/gcc/avr/4.3.3/../../../../avr/lib/avr5\libc.a
LOAD c:/winavr-20100110/bin/../lib/gcc/avr/4.3.3/avr5\libgcc.a

.hash
 *(.hash)

.dynsym
 *(.dynsym)

.dynstr
 *(.dynstr)

.gnu.version
 *(.gnu.version)

.gnu.version_d
 *(.gnu.version_d)

.gnu.version_r
 *(.gnu.version_r)

.rel.init
 *(.rel.init)

.rela.init
 *(.rela.init)

.rel.text
 *(.rel.text)
 *(.rel.text.*)
 *(.rel.gnu.linkonce.t*)

.rela.text
 *(.rela.text)
 *(.rela.text.*)
 *(.rela.gnu.linkonce.t*)

.rel.fini
 *(.rel.fini)

.rela.fini
 *(.rela.fini)

.rel.rodata
 *(.rel.rodata)
 *(.rel.rodata.*)
 *(.rel.gnu.linkonce.r*)

.rela.rodata
 *(.rela.rodata)
 *(.rela.rodata.*)
 *(.rela.gnu.linkonce.r*)

.rel.data
 *(.rel.data)
 *(.rel.data.*)
 *(.rel.gnu.linkonce.d*)

.rela.data
 *(.rela.data)
 *(.rela.data.*)
 *(.rela.gnu.linkonce.d*)

.rel.ctors
 *(.rel.ctors)

.rela.ctors
 *(.rela.ctors)

.rel.dtors
 *(.rel.dtors)

.rela.dtors
 *(.rela.dtors)

.rel.got
 *(.rel.got)

.rela.got
 *(.rela.got)

.rel.bss
 *(.rel.bss)

.rela.bss
 *(.rela.bss)

.rel.plt
 *(.rel.plt)

.rela.plt
 *(.rela.plt)

.text           0x00000000     0x145c
 *(.vectors)
 .vectors       0x00000000       0x68 c:/winavr-20100110/bin/../lib/gcc/avr/4.3.3/../../../../avr/lib/avr5/crtm328p.o
                0x00000000                __vectors
                0x00000000                __vector_default
 *(.vectors)
 *(.progmem.gcc*)
 *(.progmem*)
                0x00000068                . = ALIGN (0x2)
                0x00000068                __trampolines_start = .
 *(.trampolines)
 .trampolines   0x00000068        0x0 linker stubs
 *(.trampolines*)
                0x00000068                __trampolines_end = .
 *(.jumptables)
 *(.jumptables*)
 *(.lowtext)
 *(.lowtext*)
                0x00000068                __ctors_start = .
 *(.ctors)
                0x00000068                __ctors_end = .
                0x00000068                __dtors_start = .
 *(.dtors)
                0x00000068                __dtors_end = .
 SORT(*)(.ctors)
 SORT(*)(.dtors)
 *(.init0)
 .init0         0x00000068        0x0 c:/winavr-20100110/bin/../lib/gcc/avr/4.3.3/../../../../avr/lib/avr5/crtm328p.o
                0x00000068                __init
 *(.init0)
 *(.init1)
 *(.init1)
 *(.init2)
 .init2         0x00000068        0xc c:/winavr-20100110/bin/../lib/gcc/avr/4.3.3/../../../../avr/lib/avr5/crtm328p.o
 *(.init2)
 *(.init3)
 *(.init3)
 *(.init4)
 .init4         0x00000074       0x16 c:/winavr-20100110/bin/../lib/gcc/avr/4.3.3/avr5\libgcc.a(_copy_data.o)
                0x00000074                __do_copy_data
 .init4         0x0000008a       0x10 c:/winavr-20100110/bin/../lib/gcc/avr/4.3.3/avr5\libgcc.a(_clear_bss.o)
                0x0000008a                __do_clear_bss
 *(.init4)
 *(.init5)
 *(.init5)
 *(.init6)
 *(.init6)
 *(.init7)
 *(.init7)
 *(.init8)
 *(.init8)
 *(.init9)
 .init9         0x0000009a        0x8 c:/winavr-20100110/bin/../lib/gcc/avr/4.3.3/../../../../avr/lib/avr5/crtm328p.o
 *(.init9)
 *(.text)
 .text          0x000000a2        0x4 c:/winavr-20100110/bin/../lib/gcc/avr/4.3.3/../../../../avr/lib/avr5/crtm328p.o
                0x000000a2                __vector_22
                0x000000a2                __vector_1
                0x000000a2                __vector_24
                0x000000a2                __vector_12
                0x000000a2                __bad_interrupt
                0x000000a2                __vector_3
                0x000000a2                __vector_23
                0x000000a2                __vector_25
                0x000000a2                __vector_11
                0x000000a2                __vector_13
                0x000000a2                __vector_17
                0x000000a2                __vector_19
                0x000000a2                __vector_7
                0x000000a2                __vector_5
                0x000000a2                __vector_4
                0x000000a2                __vector_9
                0x000000a2                __vector_2
                0x000000a2                __vector_21
                0x000000a2                __vector_15
                0x000000a2                __vector_8
                0x000000a2                __vector_14
                0x000000a2                __vector_10
                0x000000a2                __vector_18
                0x000000a2                __vector_20
 .text          0x000000a6       0x2c main.o
                0x000000a6                main
 .text          0x000000d2      0xf40 timebase.o
                0x000006ba                Timebase_LPDownCounter_Get_Status
                0x00000c46                Timebase_LPDownCounter_Expired_Event
                0x00000eec                Timebase_ISR_Executables
                0x00000cf8                Timebase_LPDownCounter_Set_Period_Value_Securely
                0x000002d6                Timebase_LPTimer_Enable
                0x000005f8                Timebase_LPTimer_Get_Seconds
                0x00000e9e                Timebase_Reset
                0x00000ea6                Timebase_Init
                0x00000502                Timebase_Timer_Await_SubSeconds
                0x00000346                Timebase_LPTimer_Disable
                0x000002c2                Timebase_Timer_Disable
                0x00000364                Timebase_Atomic_Operation_Start
                0x000009c6                Timebase_LPDownCounter_Stop
                0x000003d8                Timebase_Timer_Get_SubSecondsShadow_Securely
                0x00000fc0                __vector_6
                0x00000994                Timebase_LPDownCounter_Start
                0x00000392                Timebase_Timer_Get_SubSeconds
                0x000001a0                Timebase_Timer_Enable
                0x00000640                Timebase_LPTimer_Delay_Seconds
                0x000007c8                Timebase_LPDownCounter_Get_PeriodValue
                0x000009f8                Timebase_LPDownCounter_Set_Securely
                0x000003c6                Timebase_Timer_Set_Seconds
                0x00000a9e                Timebase_LPDownCounter_Set_Forcefully
                0x00000e26                Timebase_LPDownCounter_Period_Value_Expired_Event
                0x0000076a                Timebase_LPDownCounter_Get_EndValue
                0x00000956                Timebase_LPDownCounter_Clear_All_Flags
                0x0000070c                Timebase_LPDownCounter_Get_Value
                0x00000ec8                Timebase_Main_Loop_Executables
                0x00000e6a                Timebase_LPDownCounter_Reset_All
                0x000003f2                Timebase_Timer_Get_SecondsShadow_Securely
                0x00000ea0                Timebase_LP_Reset
                0x0000036c                Timebase_Timer_Get_SubSecondsShadow
                0x00000db0                Timebase_LPDownCounter_Period_Value_Expired
                0x000003a2                Timebase_Timer_Get_Seconds
                0x00000c16                Timebase_LPDownCounter_Expired
                0x00000918                Timebase_LPDownCounter_Reset
                0x000007fe                Timebase_LPDownCounter_Set_PeriodValue
                0x00000620                Timebase_LPTimer_Set_SubSeconds
                0x000000d2                Timebase_Struct_Init
                0x0000059c                Timebase_Timer_Delay_Seconds
                0x0000084a                Timebase_LPDownCounter_Get_Period_Flag
                0x000003b8                Timebase_Timer_Set_SubSeconds
                0x000008f0                Timebase_LPDownCounter_Set_ReloadValue
                0x000007a0                Timebase_LPDownCounter_Set_EndValue
                0x00000368                Timebase_Atomic_Operation_End
                0x00000742                Timebase_LPDownCounter_Set_Value
                0x0000086e                Timebase_LPDownCounter_Set_Period_Flag
                0x00000b12                Timebase_LPDownCounter_Update
                0x0000041a                Timebase_Timer_Sync_With_Shadow_Variables
                0x00000c94                Timebase_LPDownCounter_Oneshot_Expired_Event
                0x0000037c                Timebase_Timer_Get_SecondsShadow
                0x00000e92                Timebase_Get_Update_Req_Sts
                0x00000894                Timebase_LPDownCounter_Clear_Period_Flag
                0x000008ba                Timebase_LPDownCounter_Get_ReloadValue
                0x0000062e                Timebase_LPTimer_Set_Seconds
                0x00000d68                Timebase_LPDownCounter_Get_Remaining_Period_Value
                0x000005de                Timebase_LPTimer_Get_SubSeconds
                0x00000f28                __vector_16
                0x0000044a                Timebase_Timer_Delay_SubSeconds
                0x00000f7e                Timebase_LP_ISR_Executables
                0x00000c9a                Timebase_LPDownCounter_Continuous_Expired_Event
                0x000006e0                Timebase_LPDownCounter_Set_Status
                0x00000e62                Timebase_LPDownCounter_Update_All
 .text          0x00001012      0x38e uart.o
                0x0000127e                UART_Transmit_New_Line
                0x0000133a                UART_Transmit_Number
                0x0000136e                UART_Init
                0x0000136c                UART_Flush_Buffer
                0x000010a2                UART_Receive_Byte
                0x00001092                UART_Transmit_Byte
                0x0000102a                UART_Config_Clock
                0x00001028                UART_Config_GPIO
                0x00001084                UART_Config_Receiver_Interrupt
                0x0000119c                UART_Transmit_Byte_Bin
                0x00001288                UART_Transmit_Space
                0x00001060                UART_Config_Transmitter
                0x00001012                UART_Struct_Init
                0x00001072                UART_Config_Receiver
                0x0000125c                UART_Transmit_Text
                0x0000102c                UART_Config_BAUD_Rate
                0x00001292                UART_Determine_Digit_Numbers
                0x00001310                UART_Transmit_Number_Digits
                0x000010ea                UART_Transmit_Byte_Hex
 .text          0x000013a0        0x0 c:/winavr-20100110/bin/../lib/gcc/avr/4.3.3/avr5\libgcc.a(_mulsi3.o)
 .text          0x000013a0        0x0 c:/winavr-20100110/bin/../lib/gcc/avr/4.3.3/avr5\libgcc.a(_udivmodsi4.o)
 .text          0x000013a0        0x0 c:/winavr-20100110/bin/../lib/gcc/avr/4.3.3/avr5\libgcc.a(_divmodsi4.o)
 .text          0x000013a0        0x0 c:/winavr-20100110/bin/../lib/gcc/avr/4.3.3/avr5\libgcc.a(_exit.o)
 .text          0x000013a0        0x0 c:/winavr-20100110/bin/../lib/gcc/avr/4.3.3/avr5\libgcc.a(_copy_data.o)
 .text          0x000013a0        0x0 c:/winavr-20100110/bin/../lib/gcc/avr/4.3.3/avr5\libgcc.a(_clear_bss.o)
                0x000013a0                . = ALIGN (0x2)
 *(.text.*)
 .text.libgcc   0x000013a0       0x3e c:/winavr-20100110/bin/../lib/gcc/avr/4.3.3/avr5\libgcc.a(_mulsi3.o)
                0x000013a0                __mulsi3
 .text.libgcc   0x000013de       0x44 c:/winavr-20100110/bin/../lib/gcc/avr/4.3.3/avr5\libgcc.a(_udivmodsi4.o)
                0x000013de                __udivmodsi4
 .text.libgcc   0x00001422       0x36 c:/winavr-20100110/bin/../lib/gcc/avr/4.3.3/avr5\libgcc.a(_divmodsi4.o)
                0x00001422                __divmodsi4
 .text.libgcc   0x00001458        0x0 c:/winavr-20100110/bin/../lib/gcc/avr/4.3.3/avr5\libgcc.a(_exit.o)
 .text.libgcc   0x00001458        0x0 c:/winavr-20100110/bin/../lib/gcc/avr/4.3.3/avr5\libgcc.a(_copy_data.o)
 .text.libgcc   0x00001458        0x0 c:/winavr-20100110/bin/../lib/gcc/avr/4.3.3/avr5\libgcc.a(_clear_bss.o)
                0x00001458                . = ALIGN (0x2)
 *(.fini9)
 .fini9         0x00001458        0x0 c:/winavr-20100110/bin/../lib/gcc/avr/4.3.3/avr5\libgcc.a(_exit.o)
                0x00001458                exit
                0x00001458                _exit
 *(.fini9)
 *(.fini8)
 *(.fini8)
 *(.fini7)
 *(.fini7)
 *(.fini6)
 *(.fini6)
 *(.fini5)
 *(.fini5)
 *(.fini4)
 *(.fini4)
 *(.fini3)
 *(.fini3)
 *(.fini2)
 *(.fini2)
 *(.fini1)
 *(.fini1)
 *(.fini0)
 .fini0         0x00001458        0x4 c:/winavr-20100110/bin/../lib/gcc/avr/4.3.3/avr5\libgcc.a(_exit.o)
 *(.fini0)
                0x0000145c                _etext = .

.data           0x00800100       0x10 load address 0x0000145c
                0x00800100                PROVIDE (__data_start, .)
 *(.data)
 .data          0x00800100        0x0 c:/winavr-20100110/bin/../lib/gcc/avr/4.3.3/../../../../avr/lib/avr5/crtm328p.o
 .data          0x00800100        0x0 main.o
 .data          0x00800100        0xa timebase.o
 .data          0x0080010a        0x5 uart.o
 .data          0x0080010f        0x0 c:/winavr-20100110/bin/../lib/gcc/avr/4.3.3/avr5\libgcc.a(_mulsi3.o)
 .data          0x0080010f        0x0 c:/winavr-20100110/bin/../lib/gcc/avr/4.3.3/avr5\libgcc.a(_udivmodsi4.o)
 .data          0x0080010f        0x0 c:/winavr-20100110/bin/../lib/gcc/avr/4.3.3/avr5\libgcc.a(_divmodsi4.o)
 .data          0x0080010f        0x0 c:/winavr-20100110/bin/../lib/gcc/avr/4.3.3/avr5\libgcc.a(_exit.o)
 .data          0x0080010f        0x0 c:/winavr-20100110/bin/../lib/gcc/avr/4.3.3/avr5\libgcc.a(_copy_data.o)
 .data          0x0080010f        0x0 c:/winavr-20100110/bin/../lib/gcc/avr/4.3.3/avr5\libgcc.a(_clear_bss.o)
 *(.data*)
 *(.rodata)
 *(.rodata*)
 *(.gnu.linkonce.d*)
                0x00800110                . = ALIGN (0x2)
 *fill*         0x0080010f        0x1 00
                0x00800110                _edata = .
                0x00800110                PROVIDE (__data_end, .)

.bss            0x00800110       0x3b
                0x00800110                PROVIDE (__bss_start, .)
 *(.bss)
 .bss           0x00800110        0x0 c:/winavr-20100110/bin/../lib/gcc/avr/4.3.3/../../../../avr/lib/avr5/crtm328p.o
 .bss           0x00800110        0x0 main.o
 .bss           0x00800110        0x0 timebase.o
 .bss           0x00800110        0xa uart.o
 .bss           0x0080011a        0x0 c:/winavr-20100110/bin/../lib/gcc/avr/4.3.3/avr5\libgcc.a(_mulsi3.o)
 .bss           0x0080011a        0x0 c:/winavr-20100110/bin/../lib/gcc/avr/4.3.3/avr5\libgcc.a(_udivmodsi4.o)
 .bss           0x0080011a        0x0 c:/winavr-20100110/bin/../lib/gcc/avr/4.3.3/avr5\libgcc.a(_divmodsi4.o)
 .bss           0x0080011a        0x0 c:/winavr-20100110/bin/../lib/gcc/avr/4.3.3/avr5\libgcc.a(_exit.o)
 .bss           0x0080011a        0x0 c:/winavr-20100110/bin/../lib/gcc/avr/4.3.3/avr5\libgcc.a(_copy_data.o)
 .bss           0x0080011a        0x0 c:/winavr-20100110/bin/../lib/gcc/avr/4.3.3/avr5\libgcc.a(_clear_bss.o)
 *(.bss*)
 *(COMMON)
 COMMON         0x0080011a       0x31 timebase.o
                0x0080011a                Timebase
                0x0080011c                Timebase_type
                0x0080014b                PROVIDE (__bss_end, .)
                0x0000145c                __data_load_start = LOADADDR (.data)
                0x0000146c                __data_load_end = (__data_load_start + SIZEOF (.data))

.noinit         0x0080014b        0x0
                0x0080014b                PROVIDE (__noinit_start, .)
 *(.noinit*)
                0x0080014b                PROVIDE (__noinit_end, .)
                0x0080014b                _end = .
                0x0080014b                PROVIDE (__heap_start, .)

.eeprom         0x00810000        0x0
 *(.eeprom*)
                0x00810000                __eeprom_end = .

.fuse
 *(.fuse)
 *(.lfuse)
 *(.hfuse)
 *(.efuse)

.lock
 *(.lock*)

.signature
 *(.signature*)

.stab
 *(.stab)

.stabstr
 *(.stabstr)

.stab.excl
 *(.stab.excl)

.stab.exclstr
 *(.stab.exclstr)

.stab.index
 *(.stab.index)

.stab.indexstr
 *(.stab.indexstr)

.comment
 *(.comment)

.debug
 *(.debug)

.line
 *(.line)

.debug_srcinfo
 *(.debug_srcinfo)

.debug_sfnames
 *(.debug_sfnames)

.debug_aranges  0x00000000       0x60
 *(.debug_aranges)
 .debug_aranges
                0x00000000       0x20 main.o
 .debug_aranges
                0x00000020       0x20 timebase.o
 .debug_aranges
                0x00000040       0x20 uart.o

.debug_pubnames
                0x00000000      0xb37
 *(.debug_pubnames)
 .debug_pubnames
                0x00000000       0x1b main.o
 .debug_pubnames
                0x0000001b      0x92d timebase.o
 .debug_pubnames
                0x00000948      0x1ef uart.o

.debug_info     0x00000000     0x2140
 *(.debug_info)
 .debug_info    0x00000000      0x11f main.o
 .debug_info    0x0000011f     0x1af4 timebase.o
 .debug_info    0x00001c13      0x52d uart.o
 *(.gnu.linkonce.wi.*)

.debug_abbrev   0x00000000      0x557
 *(.debug_abbrev)
 .debug_abbrev  0x00000000       0xb6 main.o
 .debug_abbrev  0x000000b6      0x29e timebase.o
 .debug_abbrev  0x00000354      0x203 uart.o

.debug_line     0x00000000     0x1349
 *(.debug_line)
 .debug_line    0x00000000      0x11d main.o
 .debug_line    0x0000011d      0xda9 timebase.o
 .debug_line    0x00000ec6      0x483 uart.o

.debug_frame    0x00000000      0x560
 *(.debug_frame)
 .debug_frame   0x00000000       0x20 main.o
 .debug_frame   0x00000020      0x400 timebase.o
 .debug_frame   0x00000420      0x140 uart.o

.debug_str      0x00000000      0xd91
 *(.debug_str)
 .debug_str     0x00000000       0xc6 main.o
                                 0xfa (size before relaxing)
 .debug_str     0x000000c6      0xad7 timebase.o
                                0xc2a (size before relaxing)
 .debug_str     0x00000b9d      0x1f4 uart.o
                                0x2cf (size before relaxing)

.debug_loc      0x00000000      0xcf6
 *(.debug_loc)
 .debug_loc     0x00000000      0x945 timebase.o
 .debug_loc     0x00000945      0x3b1 uart.o

.debug_macinfo
 *(.debug_macinfo)
OUTPUT(main.elf elf32-avr)
LOAD linker stubs

.debug_ranges   0x00000000       0x48
 .debug_ranges  0x00000000       0x48 uart.o

Cross Reference Table

Symbol                                            File
Timebase                                          timebase.o
Timebase_Atomic_Operation_End                     timebase.o
Timebase_Atomic_Operation_Start                   timebase.o
Timebase_Get_Update_Req_Sts                       timebase.o
Timebase_ISR_Executables                          timebase.o
Timebase_Init                                     timebase.o
                                                  main.o
Timebase_LPDownCounter_Clear_All_Flags            timebase.o
Timebase_LPDownCounter_Clear_Period_Flag          timebase.o
Timebase_LPDownCounter_Continuous_Expired_Event   timebase.o
Timebase_LPDownCounter_Expired                    timebase.o
Timebase_LPDownCounter_Expired_Event              timebase.o
Timebase_LPDownCounter_Get_EndValue               timebase.o
Timebase_LPDownCounter_Get_PeriodValue            timebase.o
Timebase_LPDownCounter_Get_Period_Flag            timebase.o
Timebase_LPDownCounter_Get_ReloadValue            timebase.o
Timebase_LPDownCounter_Get_Remaining_Period_Value timebase.o
Timebase_LPDownCounter_Get_Status                 timebase.o
Timebase_LPDownCounter_Get_Value                  timebase.o
Timebase_LPDownCounter_Oneshot_Expired_Event      timebase.o
Timebase_LPDownCounter_Period_Value_Expired       timebase.o
Timebase_LPDownCounter_Period_Value_Expired_Event timebase.o
Timebase_LPDownCounter_Reset                      timebase.o
Timebase_LPDownCounter_Reset_All                  timebase.o
Timebase_LPDownCounter_Set_EndValue               timebase.o
Timebase_LPDownCounter_Set_Forcefully             timebase.o
Timebase_LPDownCounter_Set_PeriodValue            timebase.o
Timebase_LPDownCounter_Set_Period_Flag            timebase.o
Timebase_LPDownCounter_Set_Period_Value_Securely  timebase.o
Timebase_LPDownCounter_Set_ReloadValue            timebase.o
Timebase_LPDownCounter_Set_Securely               timebase.o
Timebase_LPDownCounter_Set_Status                 timebase.o
Timebase_LPDownCounter_Set_Value                  timebase.o
Timebase_LPDownCounter_Start                      timebase.o
Timebase_LPDownCounter_Stop                       timebase.o
Timebase_LPDownCounter_Update                     timebase.o
Timebase_LPDownCounter_Update_All                 timebase.o
Timebase_LPTimer_Delay_Seconds                    timebase.o
Timebase_LPTimer_Disable                          timebase.o
Timebase_LPTimer_Enable                           timebase.o
Timebase_LPTimer_Get_Seconds                      timebase.o
Timebase_LPTimer_Get_SubSeconds                   timebase.o
Timebase_LPTimer_Set_Seconds                      timebase.o
Timebase_LPTimer_Set_SubSeconds                   timebase.o
Timebase_LP_ISR_Executables                       timebase.o
Timebase_LP_Reset                                 timebase.o
Timebase_Main_Loop_Executables                    timebase.o
Timebase_Reset                                    timebase.o
Timebase_Struct_Init                              timebase.o
Timebase_Timer_Await_SubSeconds                   timebase.o
Timebase_Timer_Delay_Seconds                      timebase.o
Timebase_Timer_Delay_SubSeconds                   timebase.o
Timebase_Timer_Disable                            timebase.o
Timebase_Timer_Enable                             timebase.o
Timebase_Timer_Get_Seconds                        timebase.o
Timebase_Timer_Get_SecondsShadow                  timebase.o
Timebase_Timer_Get_SecondsShadow_Securely         timebase.o
Timebase_Timer_Get_SubSeconds                     timebase.o
Timebase_Timer_Get_SubSecondsShadow               timebase.o
Timebase_Timer_Get_SubSecondsShadow_Securely      timebase.o
Timebase_Timer_Set_Seconds                        timebase.o
Timebase_Timer_Set_SubSeconds                     timebase.o
Timebase_Timer_Sync_With_Shadow_Variables         timebase.o
Timebase_type                                     timebase.o
UART_Config_BAUD_Rate                             uart.o
UART_Config_Clock                                 uart.o
UART_Config_GPIO                                  uart.o
UART_Config_Receiver                              uart.o
UART_Config_Receiver_Interrupt                    uart.o
UART_Config_Transmitter                           uart.o
UART_Determine_Digit_Numbers                      uart.o
UART_Flush_Buffer                                 uart.o
UART_Init                                         uart.o
                                                  main.o
UART_Receive_Byte                                 uart.o
UART_Struct_Init                                  uart.o
UART_Transmit_Byte                                uart.o
UART_Transmit_Byte_Bin                            uart.o
UART_Transmit_Byte_Hex                            uart.o
UART_Transmit_New_Line                            uart.o
UART_Transmit_Number                              uart.o
UART_Transmit_Number_Digits                       uart.o
UART_Transmit_Space                               uart.o
UART_Transmit_Text                                uart.o
__bad_interrupt                                   c:/winavr-20100110/bin/../lib/gcc/avr/4.3.3/../../../../avr/lib/avr5/crtm328p.o
__bss_end                                         c:/winavr-20100110/bin/../lib/gcc/avr/4.3.3/avr5\libgcc.a(_clear_bss.o)
__bss_start                                       c:/winavr-20100110/bin/../lib/gcc/avr/4.3.3/avr5\libgcc.a(_clear_bss.o)
__data_end                                        c:/winavr-20100110/bin/../lib/gcc/avr/4.3.3/avr5\libgcc.a(_copy_data.o)
__data_load_start                                 c:/winavr-20100110/bin/../lib/gcc/avr/4.3.3/avr5\libgcc.a(_copy_data.o)
__data_start                                      c:/winavr-20100110/bin/../lib/gcc/avr/4.3.3/avr5\libgcc.a(_copy_data.o)
__divmodsi4                                       c:/winavr-20100110/bin/../lib/gcc/avr/4.3.3/avr5\libgcc.a(_divmodsi4.o)
                                                  timebase.o
__do_clear_bss                                    c:/winavr-20100110/bin/../lib/gcc/avr/4.3.3/avr5\libgcc.a(_clear_bss.o)
                                                  uart.o
                                                  timebase.o
__do_copy_data                                    c:/winavr-20100110/bin/../lib/gcc/avr/4.3.3/avr5\libgcc.a(_copy_data.o)
                                                  uart.o
                                                  timebase.o
__heap_end                                        c:/winavr-20100110/bin/../lib/gcc/avr/4.3.3/../../../../avr/lib/avr5/crtm328p.o
__init                                            c:/winavr-20100110/bin/../lib/gcc/avr/4.3.3/../../../../avr/lib/avr5/crtm328p.o
__mulsi3                                          c:/winavr-20100110/bin/../lib/gcc/avr/4.3.3/avr5\libgcc.a(_mulsi3.o)
                                                  timebase.o
__stack                                           c:/winavr-20100110/bin/../lib/gcc/avr/4.3.3/../../../../avr/lib/avr5/crtm328p.o
__udivmodsi4                                      c:/winavr-20100110/bin/../lib/gcc/avr/4.3.3/avr5\libgcc.a(_udivmodsi4.o)
                                                  c:/winavr-20100110/bin/../lib/gcc/avr/4.3.3/avr5\libgcc.a(_divmodsi4.o)
                                                  uart.o
__vector_1                                        c:/winavr-20100110/bin/../lib/gcc/avr/4.3.3/../../../../avr/lib/avr5/crtm328p.o
__vector_10                                       c:/winavr-20100110/bin/../lib/gcc/avr/4.3.3/../../../../avr/lib/avr5/crtm328p.o
__vector_11                                       c:/winavr-20100110/bin/../lib/gcc/avr/4.3.3/../../../../avr/lib/avr5/crtm328p.o
__vector_12                                       c:/winavr-20100110/bin/../lib/gcc/avr/4.3.3/../../../../avr/lib/avr5/crtm328p.o
__vector_13                                       c:/winavr-20100110/bin/../lib/gcc/avr/4.3.3/../../../../avr/lib/avr5/crtm328p.o
__vector_14                                       c:/winavr-20100110/bin/../lib/gcc/avr/4.3.3/../../../../avr/lib/avr5/crtm328p.o
__vector_15                                       c:/winavr-20100110/bin/../lib/gcc/avr/4.3.3/../../../../avr/lib/avr5/crtm328p.o
__vector_16                                       timebase.o
                                                  c:/winavr-20100110/bin/../lib/gcc/avr/4.3.3/../../../../avr/lib/avr5/crtm328p.o
__vector_17                                       c:/winavr-20100110/bin/../lib/gcc/avr/4.3.3/../../../../avr/lib/avr5/crtm328p.o
__vector_18                                       c:/winavr-20100110/bin/../lib/gcc/avr/4.3.3/../../../../avr/lib/avr5/crtm328p.o
__vector_19                                       c:/winavr-20100110/bin/../lib/gcc/avr/4.3.3/../../../../avr/lib/avr5/crtm328p.o
__vector_2                                        c:/winavr-20100110/bin/../lib/gcc/avr/4.3.3/../../../../avr/lib/avr5/crtm328p.o
__vector_20                                       c:/winavr-20100110/bin/../lib/gcc/avr/4.3.3/../../../../avr/lib/avr5/crtm328p.o
__vector_21                                       c:/winavr-20100110/bin/../lib/gcc/avr/4.3.3/../../../../avr/lib/avr5/crtm328p.o
__vector_22                                       c:/winavr-20100110/bin/../lib/gcc/avr/4.3.3/../../../../avr/lib/avr5/crtm328p.o
__vector_23                                       c:/winavr-20100110/bin/../lib/gcc/avr/4.3.3/../../../../avr/lib/avr5/crtm328p.o
__vector_24                                       c:/winavr-20100110/bin/../lib/gcc/avr/4.3.3/../../../../avr/lib/avr5/crtm328p.o
__vector_25                                       c:/winavr-20100110/bin/../lib/gcc/avr/4.3.3/../../../../avr/lib/avr5/crtm328p.o
__vector_3                                        c:/winavr-20100110/bin/../lib/gcc/avr/4.3.3/../../../../avr/lib/avr5/crtm328p.o
__vector_4                                        c:/winavr-20100110/bin/../lib/gcc/avr/4.3.3/../../../../avr/lib/avr5/crtm328p.o
__vector_5                                        c:/winavr-20100110/bin/../lib/gcc/avr/4.3.3/../../../../avr/lib/avr5/crtm328p.o
__vector_6                                        timebase.o
                                                  c:/winavr-20100110/bin/../lib/gcc/avr/4.3.3/../../../../avr/lib/avr5/crtm328p.o
__vector_7                                        c:/winavr-20100110/bin/../lib/gcc/avr/4.3.3/../../../../avr/lib/avr5/crtm328p.o
__vector_8                                        c:/winavr-20100110/bin/../lib/gcc/avr/4.3.3/../../../../avr/lib/avr5/crtm328p.o
__vector_9                                        c:/winavr-20100110/bin/../lib/gcc/avr/4.3.3/../../../../avr/lib/avr5/crtm328p.o
__vector_default                                  c:/winavr-20100110/bin/../lib/gcc/avr/4.3.3/../../../../avr/lib/avr5/crtm328p.o
__vectors                                         c:/winavr-20100110/bin/../lib/gcc/avr/4.3.3/../../../../avr/lib/avr5/crtm328p.o
_exit                                             c:/winavr-20100110/bin/../lib/gcc/avr/4.3.3/avr5\libgcc.a(_exit.o)
exit                                              c:/winavr-20100110/bin/../lib/gcc/avr/4.3.3/avr5\libgcc.a(_exit.o)
                                                  c:/winavr-20100110/bin/../lib/gcc/avr/4.3.3/../../../../avr/lib/avr5/crtm328p.o
main                                              main.o
                                                  c:/winavr-20100110/bin/../lib/gcc/avr/4.3.3/../../../../avr/lib/avr5/crtm328p.o
