Archive member included because of file (symbol)

c:/winavr-20100110/bin/../lib/gcc/avr/4.3.3/avr5\libgcc.a(_mulsi3.o)
                              timebase.o (__mulsi3)
c:/winavr-20100110/bin/../lib/gcc/avr/4.3.3/avr5\libgcc.a(_udivmodsi4.o)
                              uart.o (__udivmodsi4)
c:/winavr-20100110/bin/../lib/gcc/avr/4.3.3/avr5\libgcc.a(_divmodsi4.o)
                              timebase.o (__divmodsi4)
c:/winavr-20100110/bin/../lib/gcc/avr/4.3.3/avr5\libgcc.a(_exit.o)
                              c:/winavr-20100110/bin/../lib/gcc/avr/4.3.3/../../../../avr/lib/avr5/crtm328p.o (exit)
c:/winavr-20100110/bin/../lib/gcc/avr/4.3.3/avr5\libgcc.a(_copy_data.o)
                              main.o (__do_copy_data)
c:/winavr-20100110/bin/../lib/gcc/avr/4.3.3/avr5\libgcc.a(_clear_bss.o)
                              timebase.o (__do_clear_bss)

Allocating common symbols
Common symbol       size              file

Timebase            0x2               timebase.o
Timebase_type       0x44              timebase.o

Memory Configuration

Name             Origin             Length             Attributes
text             0x00000000         0x00020000         xr
data             0x00800060         0x0000ffa0         rw !x
eeprom           0x00810000         0x00010000         rw !x
fuse             0x00820000         0x00000400         rw !x
lock             0x00830000         0x00000400         rw !x
signature        0x00840000         0x00000400         rw !x
*default*        0x00000000         0xffffffff

Linker script and memory map

Address of section .data set to 0x800100
LOAD c:/winavr-20100110/bin/../lib/gcc/avr/4.3.3/../../../../avr/lib/avr5/crtm328p.o
LOAD main.o
LOAD timebase.o
LOAD uart.o
LOAD c:/winavr-20100110/bin/../lib/gcc/avr/4.3.3/../../../../avr/lib/avr5\libm.a
LOAD c:/winavr-20100110/bin/../lib/gcc/avr/4.3.3/avr5\libgcc.a
LOAD c:/winavr-20100110/bin/../lib/gcc/avr/4.3.3/../../../../avr/lib/avr5\libc.a
LOAD c:/winavr-20100110/bin/../lib/gcc/avr/4.3.3/avr5\libgcc.a

.hash
 *(.hash)

.dynsym
 *(.dynsym)

.dynstr
 *(.dynstr)

.gnu.version
 *(.gnu.version)

.gnu.version_d
 *(.gnu.version_d)

.gnu.version_r
 *(.gnu.version_r)

.rel.init
 *(.rel.init)

.rela.init
 *(.rela.init)

.rel.text
 *(.rel.text)
 *(.rel.text.*)
 *(.rel.gnu.linkonce.t*)

.rela.text
 *(.rela.text)
 *(.rela.text.*)
 *(.rela.gnu.linkonce.t*)

.rel.fini
 *(.rel.fini)

.rela.fini
 *(.rela.fini)

.rel.rodata
 *(.rel.rodata)
 *(.rel.rodata.*)
 *(.rel.gnu.linkonce.r*)

.rela.rodata
 *(.rela.rodata)
 *(.rela.rodata.*)
 *(.rela.gnu.linkonce.r*)

.rel.data
 *(.rel.data)
 *(.rel.data.*)
 *(.rel.gnu.linkonce.d*)

.rela.data
 *(.rela.data)
 *(.rela.data.*)
 *(.rela.gnu.linkonce.d*)

.rel.ctors
 *(.rel.ctors)

.rela.ctors
 *(.rela.ctors)

.rel.dtors
 *(.rel.dtors)

.rela.dtors
 *(.rela.dtors)

.rel.got
 *(.rel.got)

.rela.got
 *(.rela.got)

.rel.bss
 *(.rel.bss)

.rela.bss
 *(.rela.bss)

.rel.plt
 *(.rel.plt)

.rela.plt
 *(.rela.plt)

.text           0x00000000     0x2008
 *(.vectors)
 .vectors       0x00000000       0x68 c:/winavr-20100110/bin/../lib/gcc/avr/4.3.3/../../../../avr/lib/avr5/crtm328p.o
                0x00000000                __vectors
                0x00000000                __vector_default
 *(.vectors)
 *(.progmem.gcc*)
 *(.progmem*)
                0x00000068                . = ALIGN (0x2)
                0x00000068                __trampolines_start = .
 *(.trampolines)
 .trampolines   0x00000068        0x0 linker stubs
 *(.trampolines*)
                0x00000068                __trampolines_end = .
 *(.jumptables)
 *(.jumptables*)
 *(.lowtext)
 *(.lowtext*)
                0x00000068                __ctors_start = .
 *(.ctors)
                0x00000068                __ctors_end = .
                0x00000068                __dtors_start = .
 *(.dtors)
                0x00000068                __dtors_end = .
 SORT(*)(.ctors)
 SORT(*)(.dtors)
 *(.init0)
 .init0         0x00000068        0x0 c:/winavr-20100110/bin/../lib/gcc/avr/4.3.3/../../../../avr/lib/avr5/crtm328p.o
                0x00000068                __init
 *(.init0)
 *(.init1)
 *(.init1)
 *(.init2)
 .init2         0x00000068        0xc c:/winavr-20100110/bin/../lib/gcc/avr/4.3.3/../../../../avr/lib/avr5/crtm328p.o
 *(.init2)
 *(.init3)
 *(.init3)
 *(.init4)
 .init4         0x00000074       0x16 c:/winavr-20100110/bin/../lib/gcc/avr/4.3.3/avr5\libgcc.a(_copy_data.o)
                0x00000074                __do_copy_data
 .init4         0x0000008a       0x10 c:/winavr-20100110/bin/../lib/gcc/avr/4.3.3/avr5\libgcc.a(_clear_bss.o)
                0x0000008a                __do_clear_bss
 *(.init4)
 *(.init5)
 *(.init5)
 *(.init6)
 *(.init6)
 *(.init7)
 *(.init7)
 *(.init8)
 *(.init8)
 *(.init9)
 .init9         0x0000009a        0x8 c:/winavr-20100110/bin/../lib/gcc/avr/4.3.3/../../../../avr/lib/avr5/crtm328p.o
 *(.init9)
 *(.text)
 .text          0x000000a2        0x4 c:/winavr-20100110/bin/../lib/gcc/avr/4.3.3/../../../../avr/lib/avr5/crtm328p.o
                0x000000a2                __vector_22
                0x000000a2                __vector_1
                0x000000a2                __vector_24
                0x000000a2                __vector_12
                0x000000a2                __bad_interrupt
                0x000000a2                __vector_3
                0x000000a2                __vector_23
                0x000000a2                __vector_25
                0x000000a2                __vector_11
                0x000000a2                __vector_13
                0x000000a2                __vector_17
                0x000000a2                __vector_19
                0x000000a2                __vector_7
                0x000000a2                __vector_5
                0x000000a2                __vector_4
                0x000000a2                __vector_9
                0x000000a2                __vector_2
                0x000000a2                __vector_21
                0x000000a2                __vector_15
                0x000000a2                __vector_8
                0x000000a2                __vector_14
                0x000000a2                __vector_10
                0x000000a2                __vector_18
                0x000000a2                __vector_20
 .text          0x000000a6       0xe0 main.o
                0x000000a6                main
 .text          0x00000186     0x1a38 timebase.o
                0x000011f8                Timebase_LPDownCounter_Get_Status
                0x000008f6                Timebase_DownCounter_SS_Set_EndValueSec
                0x0000179c                Timebase_LPDownCounter_Expired_Event
                0x0000094e                Timebase_DownCounter_SS_Get_PeriodValue
                0x000007c2                Timebase_DownCounter_SS_Get_Status
                0x00001044                Timebase_DownCounter_SS_Set_Period_Value_Securely
                0x00000a2e                Timebase_DownCounter_SS_Clear_Period_Flag
                0x00000b52                Timebase_DownCounter_SS_Start
                0x00001a92                Timebase_ISR_Executables
                0x0000186e                Timebase_LPDownCounter_Set_Period_Value_Securely
                0x0000081c                Timebase_DownCounter_SS_Get_Value
                0x000003de                Timebase_LPTimer_Enable
                0x00000700                Timebase_LPTimer_Get_Seconds
                0x000008bc                Timebase_DownCounter_SS_Get_EndValueSubSec
                0x00000f78                Timebase_DownCounter_SS_Expired_Event
                0x00001a18                Timebase_Reset
                0x00001a24                Timebase_Init
                0x0000060a                Timebase_Timer_Await_SubSeconds
                0x0000044e                Timebase_LPTimer_Disable
                0x000011c8                Timebase_DownCounter_SS_Reset_All
                0x00000b08                Timebase_DownCounter_SS_Clear_All_Flags
                0x000003ca                Timebase_Timer_Disable
                0x0000046c                Timebase_Atomic_Operation_Start
                0x00001506                Timebase_LPDownCounter_Stop
                0x000004e0                Timebase_Timer_Get_SubSecondsShadow_Securely
                0x00001b6c                __vector_6
                0x000014d4                Timebase_LPDownCounter_Start
                0x0000049a                Timebase_Timer_Get_SubSeconds
                0x00000a92                Timebase_DownCounter_SS_Set_ReloadValue
                0x00000fd2                Timebase_DownCounter_SS_Oneshot_Expired_Event
                0x000002a8                Timebase_Timer_Enable
                0x00000a58                Timebase_DownCounter_SS_Get_ReloadValue
                0x00000748                Timebase_LPTimer_Delay_Seconds
                0x00001306                Timebase_LPDownCounter_Get_PeriodValue
                0x00001538                Timebase_LPDownCounter_Set_Securely
                0x000011c0                Timebase_DownCounter_SS_Update_All
                0x000004ce                Timebase_Timer_Set_Seconds
                0x000015e6                Timebase_LPDownCounter_Set_Forcefully
                0x0000199c                Timebase_LPDownCounter_Period_Value_Expired_Event
                0x00000882                Timebase_DownCounter_SS_Get_EndValueSec
                0x000007ec                Timebase_DownCounter_SS_Set_Status
                0x00000abe                Timebase_DownCounter_SS_Reset
                0x000012a8                Timebase_LPDownCounter_Get_EndValue
                0x000010b8                Timebase_DownCounter_SS_Get_Remaining_Period_Value
                0x00001492                Timebase_LPDownCounter_Clear_All_Flags
                0x0000124a                Timebase_LPDownCounter_Get_Value
                0x00001a4a                Timebase_Main_Loop_Executables
                0x000019e0                Timebase_LPDownCounter_Reset_All
                0x00000988                Timebase_DownCounter_SS_Set_PeriodValue
                0x000004fa                Timebase_Timer_Get_SecondsShadow_Securely
                0x00001a1e                Timebase_LP_Reset
                0x00000a04                Timebase_DownCounter_SS_Set_Period_Flag
                0x00000bbe                Timebase_DownCounter_SS_Set_Securely
                0x00000474                Timebase_Timer_Get_SubSecondsShadow
                0x00001926                Timebase_LPDownCounter_Period_Value_Expired
                0x00000fd8                Timebase_DownCounter_SS_Continuous_Expired_Event
                0x000004aa                Timebase_Timer_Get_Seconds
                0x00001104                Timebase_DownCounter_SS_Period_Value_Expired
                0x000009dc                Timebase_DownCounter_SS_Get_Period_Flag
                0x0000176c                Timebase_LPDownCounter_Expired
                0x00001450                Timebase_LPDownCounter_Reset
                0x0000133c                Timebase_LPDownCounter_Set_PeriodValue
                0x00000728                Timebase_LPTimer_Set_SubSeconds
                0x00000dde                Timebase_DownCounter_SS_Update
                0x00001180                Timebase_DownCounter_SS_Period_Value_Expired_Event
                0x00000186                Timebase_Struct_Init
                0x000006a4                Timebase_Timer_Delay_Seconds
                0x00001388                Timebase_LPDownCounter_Get_Period_Flag
                0x000004c0                Timebase_Timer_Set_SubSeconds
                0x00001424                Timebase_LPDownCounter_Set_ReloadValue
                0x000012de                Timebase_LPDownCounter_Set_EndValue
                0x00000d5c                Timebase_DownCounter_SS_Set_Forcefully
                0x00000470                Timebase_Atomic_Operation_End
                0x00001280                Timebase_LPDownCounter_Set_Value
                0x00000856                Timebase_DownCounter_SS_Set_Value
                0x000013ac                Timebase_LPDownCounter_Set_Period_Flag
                0x00001662                Timebase_LPDownCounter_Update
                0x00000522                Timebase_Timer_Sync_With_Shadow_Variables
                0x000017ee                Timebase_LPDownCounter_Oneshot_Expired_Event
                0x00000484                Timebase_Timer_Get_SecondsShadow
                0x00001a0c                Timebase_Get_Update_Req_Sts
                0x000013d2                Timebase_LPDownCounter_Clear_Period_Flag
                0x000013f8                Timebase_LPDownCounter_Get_ReloadValue
                0x00000b88                Timebase_DownCounter_SS_Stop
                0x00000736                Timebase_LPTimer_Set_Seconds
                0x000018de                Timebase_LPDownCounter_Get_Remaining_Period_Value
                0x000006e6                Timebase_LPTimer_Get_SubSeconds
                0x00001ad4                __vector_16
                0x00000552                Timebase_Timer_Delay_SubSeconds
                0x00000922                Timebase_DownCounter_SS_Set_EndValueSubSec
                0x00001b2a                Timebase_LP_ISR_Executables
                0x000017f4                Timebase_LPDownCounter_Continuous_Expired_Event
                0x0000121e                Timebase_LPDownCounter_Set_Status
                0x000019d8                Timebase_LPDownCounter_Update_All
                0x00000f44                Timebase_DownCounter_SS_Expired
 .text          0x00001bbe      0x38e uart.o
                0x00001e2a                UART_Transmit_New_Line
                0x00001ee6                UART_Transmit_Number
                0x00001f1a                UART_Init
                0x00001f18                UART_Flush_Buffer
                0x00001c4e                UART_Receive_Byte
                0x00001c3e                UART_Transmit_Byte
                0x00001bd6                UART_Config_Clock
                0x00001bd4                UART_Config_GPIO
                0x00001c30                UART_Config_Receiver_Interrupt
                0x00001d48                UART_Transmit_Byte_Bin
                0x00001e34                UART_Transmit_Space
                0x00001c0c                UART_Config_Transmitter
                0x00001bbe                UART_Struct_Init
                0x00001c1e                UART_Config_Receiver
                0x00001e08                UART_Transmit_Text
                0x00001bd8                UART_Config_BAUD_Rate
                0x00001e3e                UART_Determine_Digit_Numbers
                0x00001ebc                UART_Transmit_Number_Digits
                0x00001c96                UART_Transmit_Byte_Hex
 .text          0x00001f4c        0x0 c:/winavr-20100110/bin/../lib/gcc/avr/4.3.3/avr5\libgcc.a(_mulsi3.o)
 .text          0x00001f4c        0x0 c:/winavr-20100110/bin/../lib/gcc/avr/4.3.3/avr5\libgcc.a(_udivmodsi4.o)
 .text          0x00001f4c        0x0 c:/winavr-20100110/bin/../lib/gcc/avr/4.3.3/avr5\libgcc.a(_divmodsi4.o)
 .text          0x00001f4c        0x0 c:/winavr-20100110/bin/../lib/gcc/avr/4.3.3/avr5\libgcc.a(_exit.o)
 .text          0x00001f4c        0x0 c:/winavr-20100110/bin/../lib/gcc/avr/4.3.3/avr5\libgcc.a(_copy_data.o)
 .text          0x00001f4c        0x0 c:/winavr-20100110/bin/../lib/gcc/avr/4.3.3/avr5\libgcc.a(_clear_bss.o)
                0x00001f4c                . = ALIGN (0x2)
 *(.text.*)
 .text.libgcc   0x00001f4c       0x3e c:/winavr-20100110/bin/../lib/gcc/avr/4.3.3/avr5\libgcc.a(_mulsi3.o)
                0x00001f4c                __mulsi3
 .text.libgcc   0x00001f8a       0x44 c:/winavr-20100110/bin/../lib/gcc/avr/4.3.3/avr5\libgcc.a(_udivmodsi4.o)
                0x00001f8a                __udivmodsi4
 .text.libgcc   0x00001fce       0x36 c:/winavr-20100110/bin/../lib/gcc/avr/4.3.3/avr5\libgcc.a(_divmodsi4.o)
                0x00001fce                __divmodsi4
 .text.libgcc   0x00002004        0x0 c:/winavr-20100110/bin/../lib/gcc/avr/4.3.3/avr5\libgcc.a(_exit.o)
 .text.libgcc   0x00002004        0x0 c:/winavr-20100110/bin/../lib/gcc/avr/4.3.3/avr5\libgcc.a(_copy_data.o)
 .text.libgcc   0x00002004        0x0 c:/winavr-20100110/bin/../lib/gcc/avr/4.3.3/avr5\libgcc.a(_clear_bss.o)
                0x00002004                . = ALIGN (0x2)
 *(.fini9)
 .fini9         0x00002004        0x0 c:/winavr-20100110/bin/../lib/gcc/avr/4.3.3/avr5\libgcc.a(_exit.o)
                0x00002004                exit
                0x00002004                _exit
 *(.fini9)
 *(.fini8)
 *(.fini8)
 *(.fini7)
 *(.fini7)
 *(.fini6)
 *(.fini6)
 *(.fini5)
 *(.fini5)
 *(.fini4)
 *(.fini4)
 *(.fini3)
 *(.fini3)
 *(.fini2)
 *(.fini2)
 *(.fini1)
 *(.fini1)
 *(.fini0)
 .fini0         0x00002004        0x4 c:/winavr-20100110/bin/../lib/gcc/avr/4.3.3/avr5\libgcc.a(_exit.o)
 *(.fini0)
                0x00002008                _etext = .

.data           0x00800100       0x24 load address 0x00002008
                0x00800100                PROVIDE (__data_start, .)
 *(.data)
 .data          0x00800100        0x0 c:/winavr-20100110/bin/../lib/gcc/avr/4.3.3/../../../../avr/lib/avr5/crtm328p.o
 .data          0x00800100       0x15 main.o
 .data          0x00800115        0xa timebase.o
 .data          0x0080011f        0x5 uart.o
 .data          0x00800124        0x0 c:/winavr-20100110/bin/../lib/gcc/avr/4.3.3/avr5\libgcc.a(_mulsi3.o)
 .data          0x00800124        0x0 c:/winavr-20100110/bin/../lib/gcc/avr/4.3.3/avr5\libgcc.a(_udivmodsi4.o)
 .data          0x00800124        0x0 c:/winavr-20100110/bin/../lib/gcc/avr/4.3.3/avr5\libgcc.a(_divmodsi4.o)
 .data          0x00800124        0x0 c:/winavr-20100110/bin/../lib/gcc/avr/4.3.3/avr5\libgcc.a(_exit.o)
 .data          0x00800124        0x0 c:/winavr-20100110/bin/../lib/gcc/avr/4.3.3/avr5\libgcc.a(_copy_data.o)
 .data          0x00800124        0x0 c:/winavr-20100110/bin/../lib/gcc/avr/4.3.3/avr5\libgcc.a(_clear_bss.o)
 *(.data*)
 *(.rodata)
 *(.rodata*)
 *(.gnu.linkonce.d*)
                0x00800124                . = ALIGN (0x2)
                0x00800124                _edata = .
                0x00800124                PROVIDE (__data_end, .)

.bss            0x00800124       0x50
                0x00800124                PROVIDE (__bss_start, .)
 *(.bss)
 .bss           0x00800124        0x0 c:/winavr-20100110/bin/../lib/gcc/avr/4.3.3/../../../../avr/lib/avr5/crtm328p.o
 .bss           0x00800124        0x0 main.o
 .bss           0x00800124        0x0 timebase.o
 .bss           0x00800124        0xa uart.o
 .bss           0x0080012e        0x0 c:/winavr-20100110/bin/../lib/gcc/avr/4.3.3/avr5\libgcc.a(_mulsi3.o)
 .bss           0x0080012e        0x0 c:/winavr-20100110/bin/../lib/gcc/avr/4.3.3/avr5\libgcc.a(_udivmodsi4.o)
 .bss           0x0080012e        0x0 c:/winavr-20100110/bin/../lib/gcc/avr/4.3.3/avr5\libgcc.a(_divmodsi4.o)
 .bss           0x0080012e        0x0 c:/winavr-20100110/bin/../lib/gcc/avr/4.3.3/avr5\libgcc.a(_exit.o)
 .bss           0x0080012e        0x0 c:/winavr-20100110/bin/../lib/gcc/avr/4.3.3/avr5\libgcc.a(_copy_data.o)
 .bss           0x0080012e        0x0 c:/winavr-20100110/bin/../lib/gcc/avr/4.3.3/avr5\libgcc.a(_clear_bss.o)
 *(.bss*)
 *(COMMON)
 COMMON         0x0080012e       0x46 timebase.o
                0x0080012e                Timebase
                0x00800130                Timebase_type
                0x00800174                PROVIDE (__bss_end, .)
                0x00002008                __data_load_start = LOADADDR (.data)
                0x0000202c                __data_load_end = (__data_load_start + SIZEOF (.data))

.noinit         0x00800174        0x0
                0x00800174                PROVIDE (__noinit_start, .)
 *(.noinit*)
                0x00800174                PROVIDE (__noinit_end, .)
                0x00800174                _end = .
                0x00800174                PROVIDE (__heap_start, .)

.eeprom         0x00810000        0x0
 *(.eeprom*)
                0x00810000                __eeprom_end = .

.fuse
 *(.fuse)
 *(.lfuse)
 *(.hfuse)
 *(.efuse)

.lock
 *(.lock*)

.signature
 *(.signature*)

.stab
 *(.stab)

.stabstr
 *(.stabstr)

.stab.excl
 *(.stab.excl)

.stab.exclstr
 *(.stab.exclstr)

.stab.index
 *(.stab.index)

.stab.indexstr
 *(.stab.indexstr)

.comment
 *(.comment)

.debug
 *(.debug)

.line
 *(.line)

.debug_srcinfo
 *(.debug_srcinfo)

.debug_sfnames
 *(.debug_sfnames)

.debug_aranges  0x00000000       0x60
 *(.debug_aranges)
 .debug_aranges
                0x00000000       0x20 main.o
 .debug_aranges
                0x00000020       0x20 timebase.o
 .debug_aranges
                0x00000040       0x20 uart.o

.debug_pubnames
                0x00000000     0x109c
 *(.debug_pubnames)
 .debug_pubnames
                0x00000000       0x1b main.o
 .debug_pubnames
                0x0000001b      0xe92 timebase.o
 .debug_pubnames
                0x00000ead      0x1ef uart.o

.debug_info     0x00000000     0x33ec
 *(.debug_info)
 .debug_info    0x00000000      0x119 main.o
 .debug_info    0x00000119     0x2da6 timebase.o
 .debug_info    0x00002ebf      0x52d uart.o
 *(.gnu.linkonce.wi.*)

.debug_abbrev   0x00000000      0x562
 *(.debug_abbrev)
 .debug_abbrev  0x00000000       0xb6 main.o
 .debug_abbrev  0x000000b6      0x2a9 timebase.o
 .debug_abbrev  0x0000035f      0x203 uart.o

.debug_line     0x00000000     0x1aab
 *(.debug_line)
 .debug_line    0x00000000      0x1c2 main.o
 .debug_line    0x000001c2     0x1466 timebase.o
 .debug_line    0x00001628      0x483 uart.o

.debug_frame    0x00000000      0x760
 *(.debug_frame)
 .debug_frame   0x00000000       0x20 main.o
 .debug_frame   0x00000020      0x600 timebase.o
 .debug_frame   0x00000620      0x140 uart.o

.debug_str      0x00000000     0x12b8
 *(.debug_str)
 .debug_str     0x00000000       0xc6 main.o
                                 0xfa (size before relaxing)
 .debug_str     0x000000c6      0xffe timebase.o
                               0x1174 (size before relaxing)
 .debug_str     0x000010c4      0x1f4 uart.o
                                0x2cf (size before relaxing)

.debug_loc      0x00000000     0x12ca
 *(.debug_loc)
 .debug_loc     0x00000000       0x30 main.o
 .debug_loc     0x00000030      0xee9 timebase.o
 .debug_loc     0x00000f19      0x3b1 uart.o

.debug_macinfo
 *(.debug_macinfo)
OUTPUT(main.elf elf32-avr)
LOAD linker stubs

.debug_ranges   0x00000000       0x48
 .debug_ranges  0x00000000       0x48 uart.o

Cross Reference Table

Symbol                                            File
Timebase                                          timebase.o
Timebase_Atomic_Operation_End                     timebase.o
Timebase_Atomic_Operation_Start                   timebase.o
Timebase_DownCounter_SS_Clear_All_Flags           timebase.o
Timebase_DownCounter_SS_Clear_Period_Flag         timebase.o
Timebase_DownCounter_SS_Continuous_Expired_Event  timebase.o
Timebase_DownCounter_SS_Expired                   timebase.o
Timebase_DownCounter_SS_Expired_Event             timebase.o
Timebase_DownCounter_SS_Get_EndValueSec           timebase.o
Timebase_DownCounter_SS_Get_EndValueSubSec        timebase.o
Timebase_DownCounter_SS_Get_PeriodValue           timebase.o
Timebase_DownCounter_SS_Get_Period_Flag           timebase.o
Timebase_DownCounter_SS_Get_ReloadValue           timebase.o
Timebase_DownCounter_SS_Get_Remaining_Period_Value timebase.o
Timebase_DownCounter_SS_Get_Status                timebase.o
Timebase_DownCounter_SS_Get_Value                 timebase.o
                                                  main.o
Timebase_DownCounter_SS_Oneshot_Expired_Event     timebase.o
Timebase_DownCounter_SS_Period_Value_Expired      timebase.o
Timebase_DownCounter_SS_Period_Value_Expired_Event timebase.o
Timebase_DownCounter_SS_Reset                     timebase.o
Timebase_DownCounter_SS_Reset_All                 timebase.o
Timebase_DownCounter_SS_Set_EndValueSec           timebase.o
Timebase_DownCounter_SS_Set_EndValueSubSec        timebase.o
Timebase_DownCounter_SS_Set_Forcefully            timebase.o
Timebase_DownCounter_SS_Set_PeriodValue           timebase.o
Timebase_DownCounter_SS_Set_Period_Flag           timebase.o
Timebase_DownCounter_SS_Set_Period_Value_Securely timebase.o
Timebase_DownCounter_SS_Set_ReloadValue           timebase.o
Timebase_DownCounter_SS_Set_Securely              timebase.o
                                                  main.o
Timebase_DownCounter_SS_Set_Status                timebase.o
Timebase_DownCounter_SS_Set_Value                 timebase.o
Timebase_DownCounter_SS_Start                     timebase.o
Timebase_DownCounter_SS_Stop                      timebase.o
Timebase_DownCounter_SS_Update                    timebase.o
Timebase_DownCounter_SS_Update_All                timebase.o
Timebase_Get_Update_Req_Sts                       timebase.o
                                                  main.o
Timebase_ISR_Executables                          timebase.o
Timebase_Init                                     timebase.o
                                                  main.o
Timebase_LPDownCounter_Clear_All_Flags            timebase.o
Timebase_LPDownCounter_Clear_Period_Flag          timebase.o
Timebase_LPDownCounter_Continuous_Expired_Event   timebase.o
                                                  main.o
Timebase_LPDownCounter_Expired                    timebase.o
Timebase_LPDownCounter_Expired_Event              timebase.o
Timebase_LPDownCounter_Get_EndValue               timebase.o
Timebase_LPDownCounter_Get_PeriodValue            timebase.o
Timebase_LPDownCounter_Get_Period_Flag            timebase.o
Timebase_LPDownCounter_Get_ReloadValue            timebase.o
Timebase_LPDownCounter_Get_Remaining_Period_Value timebase.o
Timebase_LPDownCounter_Get_Status                 timebase.o
Timebase_LPDownCounter_Get_Value                  timebase.o
                                                  main.o
Timebase_LPDownCounter_Oneshot_Expired_Event      timebase.o
Timebase_LPDownCounter_Period_Value_Expired       timebase.o
Timebase_LPDownCounter_Period_Value_Expired_Event timebase.o
Timebase_LPDownCounter_Reset                      timebase.o
Timebase_LPDownCounter_Reset_All                  timebase.o
Timebase_LPDownCounter_Set_EndValue               timebase.o
Timebase_LPDownCounter_Set_Forcefully             timebase.o
Timebase_LPDownCounter_Set_PeriodValue            timebase.o
Timebase_LPDownCounter_Set_Period_Flag            timebase.o
Timebase_LPDownCounter_Set_Period_Value_Securely  timebase.o
Timebase_LPDownCounter_Set_ReloadValue            timebase.o
Timebase_LPDownCounter_Set_Securely               timebase.o
                                                  main.o
Timebase_LPDownCounter_Set_Status                 timebase.o
Timebase_LPDownCounter_Set_Value                  timebase.o
Timebase_LPDownCounter_Start                      timebase.o
Timebase_LPDownCounter_Stop                       timebase.o
Timebase_LPDownCounter_Update                     timebase.o
Timebase_LPDownCounter_Update_All                 timebase.o
Timebase_LPTimer_Delay_Seconds                    timebase.o
Timebase_LPTimer_Disable                          timebase.o
Timebase_LPTimer_Enable                           timebase.o
Timebase_LPTimer_Get_Seconds                      timebase.o
                                                  main.o
Timebase_LPTimer_Get_SubSeconds                   timebase.o
Timebase_LPTimer_Set_Seconds                      timebase.o
Timebase_LPTimer_Set_SubSeconds                   timebase.o
Timebase_LP_ISR_Executables                       timebase.o
Timebase_LP_Reset                                 timebase.o
Timebase_Main_Loop_Executables                    timebase.o
                                                  main.o
Timebase_Reset                                    timebase.o
Timebase_Struct_Init                              timebase.o
Timebase_Timer_Await_SubSeconds                   timebase.o
                                                  main.o
Timebase_Timer_Delay_Seconds                      timebase.o
Timebase_Timer_Delay_SubSeconds                   timebase.o
Timebase_Timer_Disable                            timebase.o
Timebase_Timer_Enable                             timebase.o
Timebase_Timer_Get_Seconds                        timebase.o
                                                  main.o
Timebase_Timer_Get_SecondsShadow                  timebase.o
Timebase_Timer_Get_SecondsShadow_Securely         timebase.o
Timebase_Timer_Get_SubSeconds                     timebase.o
                                                  main.o
Timebase_Timer_Get_SubSecondsShadow               timebase.o
Timebase_Timer_Get_SubSecondsShadow_Securely      timebase.o
Timebase_Timer_Set_Seconds                        timebase.o
Timebase_Timer_Set_SubSeconds                     timebase.o
Timebase_Timer_Sync_With_Shadow_Variables         timebase.o
Timebase_type                                     timebase.o
UART_Config_BAUD_Rate                             uart.o
UART_Config_Clock                                 uart.o
UART_Config_GPIO                                  uart.o
UART_Config_Receiver                              uart.o
UART_Config_Receiver_Interrupt                    uart.o
UART_Config_Transmitter                           uart.o
UART_Determine_Digit_Numbers                      uart.o
UART_Flush_Buffer                                 uart.o
UART_Init                                         uart.o
                                                  main.o
UART_Receive_Byte                                 uart.o
UART_Struct_Init                                  uart.o
UART_Transmit_Byte                                uart.o
UART_Transmit_Byte_Bin                            uart.o
UART_Transmit_Byte_Hex                            uart.o
                                                  main.o
UART_Transmit_New_Line                            uart.o
UART_Transmit_Number                              uart.o
                                                  main.o
UART_Transmit_Number_Digits                       uart.o
UART_Transmit_Space                               uart.o
UART_Transmit_Text                                uart.o
                                                  main.o
__bad_interrupt                                   c:/winavr-20100110/bin/../lib/gcc/avr/4.3.3/../../../../avr/lib/avr5/crtm328p.o
__bss_end                                         c:/winavr-20100110/bin/../lib/gcc/avr/4.3.3/avr5\libgcc.a(_clear_bss.o)
__bss_start                                       c:/winavr-20100110/bin/../lib/gcc/avr/4.3.3/avr5\libgcc.a(_clear_bss.o)
__data_end                                        c:/winavr-20100110/bin/../lib/gcc/avr/4.3.3/avr5\libgcc.a(_copy_data.o)
__data_load_start                                 c:/winavr-20100110/bin/../lib/gcc/avr/4.3.3/avr5\libgcc.a(_copy_data.o)
__data_start                                      c:/winavr-20100110/bin/../lib/gcc/avr/4.3.3/avr5\libgcc.a(_copy_data.o)
__divmodsi4                                       c:/winavr-20100110/bin/../lib/gcc/avr/4.3.3/avr5\libgcc.a(_divmodsi4.o)
                                                  timebase.o
__do_clear_bss                                    c:/winavr-20100110/bin/../lib/gcc/avr/4.3.3/avr5\libgcc.a(_clear_bss.o)
                                                  uart.o
                                                  timebase.o
__do_copy_data                                    c:/winavr-20100110/bin/../lib/gcc/avr/4.3.3/avr5\libgcc.a(_copy_data.o)
                                                  uart.o
                                                  timebase.o
                                                  main.o
__heap_end                                        c:/winavr-20100110/bin/../lib/gcc/avr/4.3.3/../../../../avr/lib/avr5/crtm328p.o
__init                                            c:/winavr-20100110/bin/../lib/gcc/avr/4.3.3/../../../../avr/lib/avr5/crtm328p.o
__mulsi3                                          c:/winavr-20100110/bin/../lib/gcc/avr/4.3.3/avr5\libgcc.a(_mulsi3.o)
                                                  timebase.o
__stack                                           c:/winavr-20100110/bin/../lib/gcc/avr/4.3.3/../../../../avr/lib/avr5/crtm328p.o
__udivmodsi4                                      c:/winavr-20100110/bin/../lib/gcc/avr/4.3.3/avr5\libgcc.a(_udivmodsi4.o)
                                                  c:/winavr-20100110/bin/../lib/gcc/avr/4.3.3/avr5\libgcc.a(_divmodsi4.o)
                                                  uart.o
__vector_1                                        c:/winavr-20100110/bin/../lib/gcc/avr/4.3.3/../../../../avr/lib/avr5/crtm328p.o
__vector_10                                       c:/winavr-20100110/bin/../lib/gcc/avr/4.3.3/../../../../avr/lib/avr5/crtm328p.o
__vector_11                                       c:/winavr-20100110/bin/../lib/gcc/avr/4.3.3/../../../../avr/lib/avr5/crtm328p.o
__vector_12                                       c:/winavr-20100110/bin/../lib/gcc/avr/4.3.3/../../../../avr/lib/avr5/crtm328p.o
__vector_13                                       c:/winavr-20100110/bin/../lib/gcc/avr/4.3.3/../../../../avr/lib/avr5/crtm328p.o
__vector_14                                       c:/winavr-20100110/bin/../lib/gcc/avr/4.3.3/../../../../avr/lib/avr5/crtm328p.o
__vector_15                                       c:/winavr-20100110/bin/../lib/gcc/avr/4.3.3/../../../../avr/lib/avr5/crtm328p.o
__vector_16                                       timebase.o
                                                  c:/winavr-20100110/bin/../lib/gcc/avr/4.3.3/../../../../avr/lib/avr5/crtm328p.o
__vector_17                                       c:/winavr-20100110/bin/../lib/gcc/avr/4.3.3/../../../../avr/lib/avr5/crtm328p.o
__vector_18                                       c:/winavr-20100110/bin/../lib/gcc/avr/4.3.3/../../../../avr/lib/avr5/crtm328p.o
__vector_19                                       c:/winavr-20100110/bin/../lib/gcc/avr/4.3.3/../../../../avr/lib/avr5/crtm328p.o
__vector_2                                        c:/winavr-20100110/bin/../lib/gcc/avr/4.3.3/../../../../avr/lib/avr5/crtm328p.o
__vector_20                                       c:/winavr-20100110/bin/../lib/gcc/avr/4.3.3/../../../../avr/lib/avr5/crtm328p.o
__vector_21                                       c:/winavr-20100110/bin/../lib/gcc/avr/4.3.3/../../../../avr/lib/avr5/crtm328p.o
__vector_22                                       c:/winavr-20100110/bin/../lib/gcc/avr/4.3.3/../../../../avr/lib/avr5/crtm328p.o
__vector_23                                       c:/winavr-20100110/bin/../lib/gcc/avr/4.3.3/../../../../avr/lib/avr5/crtm328p.o
__vector_24                                       c:/winavr-20100110/bin/../lib/gcc/avr/4.3.3/../../../../avr/lib/avr5/crtm328p.o
__vector_25                                       c:/winavr-20100110/bin/../lib/gcc/avr/4.3.3/../../../../avr/lib/avr5/crtm328p.o
__vector_3                                        c:/winavr-20100110/bin/../lib/gcc/avr/4.3.3/../../../../avr/lib/avr5/crtm328p.o
__vector_4                                        c:/winavr-20100110/bin/../lib/gcc/avr/4.3.3/../../../../avr/lib/avr5/crtm328p.o
__vector_5                                        c:/winavr-20100110/bin/../lib/gcc/avr/4.3.3/../../../../avr/lib/avr5/crtm328p.o
__vector_6                                        timebase.o
                                                  c:/winavr-20100110/bin/../lib/gcc/avr/4.3.3/../../../../avr/lib/avr5/crtm328p.o
__vector_7                                        c:/winavr-20100110/bin/../lib/gcc/avr/4.3.3/../../../../avr/lib/avr5/crtm328p.o
__vector_8                                        c:/winavr-20100110/bin/../lib/gcc/avr/4.3.3/../../../../avr/lib/avr5/crtm328p.o
__vector_9                                        c:/winavr-20100110/bin/../lib/gcc/avr/4.3.3/../../../../avr/lib/avr5/crtm328p.o
__vector_default                                  c:/winavr-20100110/bin/../lib/gcc/avr/4.3.3/../../../../avr/lib/avr5/crtm328p.o
__vectors                                         c:/winavr-20100110/bin/../lib/gcc/avr/4.3.3/../../../../avr/lib/avr5/crtm328p.o
_exit                                             c:/winavr-20100110/bin/../lib/gcc/avr/4.3.3/avr5\libgcc.a(_exit.o)
exit                                              c:/winavr-20100110/bin/../lib/gcc/avr/4.3.3/avr5\libgcc.a(_exit.o)
                                                  c:/winavr-20100110/bin/../lib/gcc/avr/4.3.3/../../../../avr/lib/avr5/crtm328p.o
main                                              main.o
                                                  c:/winavr-20100110/bin/../lib/gcc/avr/4.3.3/../../../../avr/lib/avr5/crtm328p.o
