Archive member included because of file (symbol)

c:/winavr-20100110/bin/../lib/gcc/avr/4.3.3/avr5\libgcc.a(_mulsi3.o)
                              timebase.o (__mulsi3)
c:/winavr-20100110/bin/../lib/gcc/avr/4.3.3/avr5\libgcc.a(_udivmodsi4.o)
                              uart.o (__udivmodsi4)
c:/winavr-20100110/bin/../lib/gcc/avr/4.3.3/avr5\libgcc.a(_divmodsi4.o)
                              timebase.o (__divmodsi4)
c:/winavr-20100110/bin/../lib/gcc/avr/4.3.3/avr5\libgcc.a(_exit.o)
                              c:/winavr-20100110/bin/../lib/gcc/avr/4.3.3/../../../../avr/lib/avr5/crtm328p.o (exit)
c:/winavr-20100110/bin/../lib/gcc/avr/4.3.3/avr5\libgcc.a(_copy_data.o)
                              app.o (__do_copy_data)
c:/winavr-20100110/bin/../lib/gcc/avr/4.3.3/avr5\libgcc.a(_clear_bss.o)
                              timebase.o (__do_clear_bss)

Allocating common symbols
Common symbol       size              file

ThreadedDbg         0x2b              thdbg.o
Timebase            0x2               timebase.o
Timebase_type       0x49              timebase.o

Memory Configuration

Name             Origin             Length             Attributes
text             0x00000000         0x00020000         xr
data             0x00800060         0x0000ffa0         rw !x
eeprom           0x00810000         0x00010000         rw !x
fuse             0x00820000         0x00000400         rw !x
lock             0x00830000         0x00000400         rw !x
signature        0x00840000         0x00000400         rw !x
*default*        0x00000000         0xffffffff

Linker script and memory map

Address of section .data set to 0x800100
LOAD c:/winavr-20100110/bin/../lib/gcc/avr/4.3.3/../../../../avr/lib/avr5/crtm328p.o
LOAD main.o
LOAD app.o
LOAD timebase.o
LOAD uart.o
LOAD pid.o
LOAD thdbg.o
LOAD c:/winavr-20100110/bin/../lib/gcc/avr/4.3.3/../../../../avr/lib/avr5\libm.a
LOAD c:/winavr-20100110/bin/../lib/gcc/avr/4.3.3/avr5\libgcc.a
LOAD c:/winavr-20100110/bin/../lib/gcc/avr/4.3.3/../../../../avr/lib/avr5\libc.a
LOAD c:/winavr-20100110/bin/../lib/gcc/avr/4.3.3/avr5\libgcc.a

.hash
 *(.hash)

.dynsym
 *(.dynsym)

.dynstr
 *(.dynstr)

.gnu.version
 *(.gnu.version)

.gnu.version_d
 *(.gnu.version_d)

.gnu.version_r
 *(.gnu.version_r)

.rel.init
 *(.rel.init)

.rela.init
 *(.rela.init)

.rel.text
 *(.rel.text)
 *(.rel.text.*)
 *(.rel.gnu.linkonce.t*)

.rela.text
 *(.rela.text)
 *(.rela.text.*)
 *(.rela.gnu.linkonce.t*)

.rel.fini
 *(.rel.fini)

.rela.fini
 *(.rela.fini)

.rel.rodata
 *(.rel.rodata)
 *(.rel.rodata.*)
 *(.rel.gnu.linkonce.r*)

.rela.rodata
 *(.rela.rodata)
 *(.rela.rodata.*)
 *(.rela.gnu.linkonce.r*)

.rel.data
 *(.rel.data)
 *(.rel.data.*)
 *(.rel.gnu.linkonce.d*)

.rela.data
 *(.rela.data)
 *(.rela.data.*)
 *(.rela.gnu.linkonce.d*)

.rel.ctors
 *(.rel.ctors)

.rela.ctors
 *(.rela.ctors)

.rel.dtors
 *(.rel.dtors)

.rela.dtors
 *(.rela.dtors)

.rel.got
 *(.rel.got)

.rela.got
 *(.rela.got)

.rel.bss
 *(.rel.bss)

.rela.bss
 *(.rela.bss)

.rel.plt
 *(.rel.plt)

.rela.plt
 *(.rela.plt)

.text           0x00000000     0x2d9c
 *(.vectors)
 .vectors       0x00000000       0x68 c:/winavr-20100110/bin/../lib/gcc/avr/4.3.3/../../../../avr/lib/avr5/crtm328p.o
                0x00000000                __vectors
                0x00000000                __vector_default
 *(.vectors)
 *(.progmem.gcc*)
 *(.progmem*)
                0x00000068                . = ALIGN (0x2)
                0x00000068                __trampolines_start = .
 *(.trampolines)
 .trampolines   0x00000068        0x0 linker stubs
 *(.trampolines*)
                0x00000068                __trampolines_end = .
 *(.jumptables)
 *(.jumptables*)
 *(.lowtext)
 *(.lowtext*)
                0x00000068                __ctors_start = .
 *(.ctors)
                0x00000068                __ctors_end = .
                0x00000068                __dtors_start = .
 *(.dtors)
                0x00000068                __dtors_end = .
 SORT(*)(.ctors)
 SORT(*)(.dtors)
 *(.init0)
 .init0         0x00000068        0x0 c:/winavr-20100110/bin/../lib/gcc/avr/4.3.3/../../../../avr/lib/avr5/crtm328p.o
                0x00000068                __init
 *(.init0)
 *(.init1)
 *(.init1)
 *(.init2)
 .init2         0x00000068        0xc c:/winavr-20100110/bin/../lib/gcc/avr/4.3.3/../../../../avr/lib/avr5/crtm328p.o
 *(.init2)
 *(.init3)
 *(.init3)
 *(.init4)
 .init4         0x00000074       0x16 c:/winavr-20100110/bin/../lib/gcc/avr/4.3.3/avr5\libgcc.a(_copy_data.o)
                0x00000074                __do_copy_data
 .init4         0x0000008a       0x10 c:/winavr-20100110/bin/../lib/gcc/avr/4.3.3/avr5\libgcc.a(_clear_bss.o)
                0x0000008a                __do_clear_bss
 *(.init4)
 *(.init5)
 *(.init5)
 *(.init6)
 *(.init6)
 *(.init7)
 *(.init7)
 *(.init8)
 *(.init8)
 *(.init9)
 .init9         0x0000009a        0x8 c:/winavr-20100110/bin/../lib/gcc/avr/4.3.3/../../../../avr/lib/avr5/crtm328p.o
 *(.init9)
 *(.text)
 .text          0x000000a2        0x4 c:/winavr-20100110/bin/../lib/gcc/avr/4.3.3/../../../../avr/lib/avr5/crtm328p.o
                0x000000a2                __vector_22
                0x000000a2                __vector_1
                0x000000a2                __vector_24
                0x000000a2                __vector_12
                0x000000a2                __bad_interrupt
                0x000000a2                __vector_6
                0x000000a2                __vector_3
                0x000000a2                __vector_23
                0x000000a2                __vector_25
                0x000000a2                __vector_11
                0x000000a2                __vector_13
                0x000000a2                __vector_17
                0x000000a2                __vector_19
                0x000000a2                __vector_7
                0x000000a2                __vector_5
                0x000000a2                __vector_4
                0x000000a2                __vector_2
                0x000000a2                __vector_21
                0x000000a2                __vector_15
                0x000000a2                __vector_8
                0x000000a2                __vector_14
                0x000000a2                __vector_10
                0x000000a2                __vector_20
 .text          0x000000a6       0x16 main.o
                0x000000a6                main
 .text          0x000000bc       0xdc app.o
                0x00000186                Print0
                0x00000150                Print3
                0x00000162                Print2
                0x000000bc                App_Main_Loop
                0x00000174                Print1
                0x00000110                App_Setup
 .text          0x00000198     0x1a0c timebase.o
                0x000018f2                Timebase_DownCounter_Period_Value_Expired
                0x000009ae                Timebase_DownCounter_SS_Set_EndValueSec
                0x00000a06                Timebase_DownCounter_SS_Get_PeriodValue
                0x0000087a                Timebase_DownCounter_SS_Get_Status
                0x000012b0                Timebase_DownCounter_Get_Status
                0x000010fc                Timebase_DownCounter_SS_Set_Period_Value_Securely
                0x0000048a                Timebase_Timer_Set_SubSecondsUpTime
                0x0000165e                Timebase_DownCounter_Set_Forcefully
                0x00000ae6                Timebase_DownCounter_SS_Clear_Period_Flag
                0x00000c0a                Timebase_DownCounter_SS_Start
                0x00001aee                Timebase_ISR_Executables
                0x00001a30                Timebase_DownCounter_Update_All
                0x000008d4                Timebase_DownCounter_SS_Get_Value
                0x0000041c                Timebase_Timer_Get_SubSecondsUpTime
                0x00000974                Timebase_DownCounter_SS_Get_EndValueSubSec
                0x000007d2                Timebase_Window_Timer_Get_Interval
                0x00001030                Timebase_DownCounter_SS_Expired_Event
                0x00001a74                Timebase_Reset
                0x00001a80                Timebase_Init
                0x0000079a                Timebase_Window_Timer_Start
                0x0000064e                Timebase_Timer_Await_SubSeconds
                0x00001280                Timebase_DownCounter_SS_Reset_All
                0x00000bc0                Timebase_DownCounter_SS_Clear_All_Flags
                0x000003f0                Timebase_Timer_Disable
                0x00000404                Timebase_Atomic_Operation_Start
                0x00000850                Timebase_Window_Timer_Get_Interval_Reset
                0x000004ae                Timebase_Timer_Get_SubSecondsShadow_Securely
                0x00001a38                Timebase_DownCounter_Reset_All
                0x0000047c                Timebase_Timer_Set_SubSecondsShadow
                0x00000448                Timebase_Timer_Get_SubSeconds
                0x00000b4a                Timebase_DownCounter_SS_Set_ReloadValue
                0x0000108a                Timebase_DownCounter_SS_Oneshot_Expired_Event
                0x000002ce                Timebase_Timer_Enable
                0x00000b10                Timebase_DownCounter_SS_Get_ReloadValue
                0x000004c8                Timebase_Timer_Get_SubSecondsUpTime_Securely
                0x000014d0                Timebase_DownCounter_Set_ReloadValue
                0x00001278                Timebase_DownCounter_SS_Update_All
                0x0000049c                Timebase_Timer_Set_Seconds
                0x0000182e                Timebase_DownCounter_Set_Period_Value_Securely
                0x00001972                Timebase_DownCounter_Period_Value_Expired_Event
                0x0000093a                Timebase_DownCounter_SS_Get_EndValueSec
                0x000017a8                Timebase_DownCounter_Expired
                0x000008a4                Timebase_DownCounter_SS_Set_Status
                0x00001542                Timebase_DownCounter_Clear_All_Flags
                0x00000b76                Timebase_DownCounter_SS_Reset
                0x00001356                Timebase_DownCounter_Get_EndValue
                0x000019ae                Timebase_DownCounter_Oneshot_Expired_Event
                0x0000132c                Timebase_DownCounter_Set_Value
                0x00001170                Timebase_DownCounter_SS_Get_Remaining_Period_Value
                0x00001a9a                Timebase_Main_Loop_Executables
                0x00000a40                Timebase_DownCounter_SS_Set_PeriodValue
                0x000004f0                Timebase_Timer_Get_SecondsShadow_Securely
                0x00001a7e                Timebase_LP_Reset
                0x00001434                Timebase_DownCounter_Get_Period_Flag
                0x00000abc                Timebase_DownCounter_SS_Set_Period_Flag
                0x0000077e                Timebase_Window_Timer_Reset
                0x000013e0                Timebase_DownCounter_Set_PeriodValue
                0x00000c76                Timebase_DownCounter_SS_Set_Securely
                0x000018a0                Timebase_DownCounter_Get_Remaining_Period_Value
                0x0000147e                Timebase_DownCounter_Clear_Period_Flag
                0x0000040c                Timebase_Timer_Get_SubSecondsShadow
                0x00001090                Timebase_DownCounter_SS_Continuous_Expired_Event
                0x00000458                Timebase_Timer_Get_Seconds
                0x000011bc                Timebase_DownCounter_SS_Period_Value_Expired
                0x00000a94                Timebase_DownCounter_SS_Get_Period_Flag
                0x00001458                Timebase_DownCounter_Set_Period_Flag
                0x00000e96                Timebase_DownCounter_SS_Update
                0x00001238                Timebase_DownCounter_SS_Period_Value_Expired_Event
                0x00001302                Timebase_DownCounter_Get_Value
                0x00000198                Timebase_Struct_Init
                0x0000070c                Timebase_Timer_Delay_Seconds
                0x0000046e                Timebase_Timer_Set_SubSeconds
                0x000016e2                Timebase_DownCounter_Update
                0x000014fc                Timebase_DownCounter_Reset
                0x00000e14                Timebase_DownCounter_SS_Set_Forcefully
                0x00000408                Timebase_Atomic_Operation_End
                0x000019b4                Timebase_DownCounter_Continuous_Expired_Event
                0x0000090e                Timebase_DownCounter_SS_Set_Value
                0x00000518                Timebase_Timer_Sync_With_Shadow_Variables
                0x00000432                Timebase_Timer_Get_SecondsShadow
                0x00001a68                Timebase_Get_Update_Req_Sts
                0x000013b4                Timebase_DownCounter_Get_PeriodValue
                0x0000138c                Timebase_DownCounter_Set_EndValue
                0x000017d8                Timebase_DownCounter_Expired_Event
                0x000015ba                Timebase_DownCounter_Stop
                0x000015ec                Timebase_DownCounter_Set_Securely
                0x00000c40                Timebase_DownCounter_SS_Stop
                0x000012d6                Timebase_DownCounter_Set_Status
                0x00001b4c                __vector_16
                0x00000560                Timebase_Timer_Delay_SubSeconds
                0x000009da                Timebase_DownCounter_SS_Set_EndValueSubSec
                0x00001ba2                Timebase_LP_ISR_Executables
                0x00001588                Timebase_DownCounter_Start
                0x00000ffc                Timebase_DownCounter_SS_Expired
                0x000014a4                Timebase_DownCounter_Get_ReloadValue
 .text          0x00001ba4      0xab6 uart.o
                0x00001c8a                UART_Rx_Byte
                0x0000233e                UART_Data_Print_Buf
                0x00001d7a                UART_Tx_SP
                0x00002372                UART_Error_Code_Get
                0x000020bc                UART_Tx_Number_Bin_CM
                0x00002498                UART_RX_Packet_CRC_Check
                0x00002468                UART_CRC_Calculate_Block
                0x00001cd2                UART_Timer_Struct_Init
                0x00001c58                UART_Config_Rx
                0x000025c8                UART_Init
                0x000021f0                UART_Tx_Parameter_Bin_NL
                0x000022ce                UART_Data_Received_CRC_Get
                0x000021c0                UART_Tx_Parameter_Hex_CM
                0x00002160                UART_Tx_Parameter_Hex_NL
                0x00001f7a                UART_Tx_Number_Bin
                0x00001c6a                UART_Config_Rx_Interrupt
                0x000022c2                UART_Data_Calculated_CRC_Get
                0x0000206c                UART_Tx_Number_Hex_NL
                0x00001d8a                UART_Tx_CM
                0x00002280                UART_Buf_Flush
                0x00002220                UART_Tx_Parameter_Bin_SP
                0x00002250                UART_Tx_Parameter_Bin_CM
                0x00002378                UART_Error_Code_Clear
                0x0000243c                UART_CRC_Calculate_Byte
                0x00001c10                UART_Config_Clock
                0x00001d26                UART_Timer_Value_Reset
                0x0000208a                UART_Tx_Number_Hex_CM
                0x00001dda                UART_Tx_Text_CM
                0x0000229e                UART_Buf_Get
                0x00001c0e                UART_Config_GPIO
                0x00001d32                UART_Tx_Buf
                0x0000209e                UART_Tx_Number_Bin_NL
                0x000022da                UART_Data_CRC_Status_Get
                0x00001d1e                UART_Timer_Get_Val
                0x00001d5c                UART_Tx_NL
                0x00001c78                UART_Clear_Interrupt_Flag
                0x00001d0a                UART_Timer_Enable
                0x00002058                UART_Tx_Number_CM
                0x00001bee                UART_RX_Packet_Struct_Init
                0x00002100                UART_Tx_Parameter_SP
                0x00001ec8                UART_Tx_Number_Hex
                0x00001d30                UART_Timer_Clear_Interrupt_Flag
                0x00001d12                UART_Timer_Disable
                0x00001ba4                UART_Struct_Init
                0x000020a8                UART_Tx_Number_Bin_SP
                0x000022e6                UART_Data_Clear_Available_Flag
                0x00001d18                UART_Timer_Get_Status
                0x00001dbc                UART_Tx_Text_NL
                0x00001e96                UART_Tx_Number
                0x0000237e                UART_ISR_Handler
                0x0000255a                __vector_9
                0x00001c46                UART_Config_Tx
                0x00001dc6                UART_Tx_Text_SP
                0x00001e6c                UART_Tx_Number_Digits
                0x000022e0                UART_Data_Read_Complete_Status
                0x00001c12                UART_Config_BAUD_Rate
                0x000020d0                UART_Tx_Parameter_NL
                0x00002190                UART_Tx_Parameter_Hex_SP
                0x00002130                UART_Tx_Parameter_CM
                0x00001dee                UART_Determine_Digit_Numbers
                0x000022ec                UART_Data_Clear_Read_Complete_Flag
                0x00002310                UART_Data_Copy_Buf
                0x00002076                UART_Tx_Number_Hex_SP
                0x00001cdc                UART_Timer_Init
                0x0000203a                UART_Tx_Number_NL
                0x00002520                UART_Timer_ISR_Handler
                0x00001d9a                UART_Tx_Text
                0x000022a8                UART_Buf_Get_Index
                0x000022b2                UART_Data_Available
                0x000023f4                __vector_18
                0x00001c7a                UART_Tx_Byte
                0x000025a2                UART_RX_Packet_Read_Complete
                0x00002044                UART_Tx_Number_SP
                0x000022b8                UART_Data_Len_Get
 .text          0x0000265a      0x606 pid.o
                0x000027d4                PID_Set_SetPoint
                0x000027f8                PID_Set_Max_IError
                0x000027e6                PID_Set_ProcessValue
                0x00002aec                PID_Get_Set_Point
                0x00002b34                PID_Get_DError
                0x0000276e                PID_Set_Ki
                0x00002b7c                PID_Get_DError_Product
                0x00002ada                PID_Get_Kd
                0x00002ab6                PID_Get_Kp
                0x00002bc4                PID_Init
                0x00002bb2                PID_Get_Output_NonNegative
                0x00002b22                PID_Get_IError
                0x0000275c                PID_Set_Kp
                0x00002afe                PID_Get_Process_Value
                0x0000265a                PID_Struct_Init
                0x00002ac8                PID_Get_Ki
                0x00002a36                PID_Execute_Routine
                0x0000280a                PID_Set_Scaling_Factor
                0x0000281c                PID_Reset_IError
                0x00002b58                PID_Get_PError_Product
                0x00002b46                PID_Get_Max_IError
                0x00002bca                PID_Init_Module
                0x00002ba0                PID_Get_Output
                0x00002930                PID_Calculate_Error_Products
                0x00002792                PID_Set_Constants
                0x00002b6a                PID_Get_IError_Product
                0x0000282e                PID_Calculate_Error
                0x00002b8e                PID_Get_Scaling_Factor
                0x00002b10                PID_Get_PError
                0x00002780                PID_Set_Kd
 .text          0x00002c60       0x80 thdbg.o
                0x00002c8a                ThreadedDbg_Execution_Enable
                0x00002cd2                ThreadedDbg_Init
                0x00002c6e                ThreadedDbg_Add_Function
                0x00002c98                ThreadedDbg_Execute_Function
                0x00002c92                ThreadedDbg_Execution_Disable
                0x00002c60                ThreadedDbg_Struct_Init
 .text          0x00002ce0        0x0 c:/winavr-20100110/bin/../lib/gcc/avr/4.3.3/avr5\libgcc.a(_mulsi3.o)
 .text          0x00002ce0        0x0 c:/winavr-20100110/bin/../lib/gcc/avr/4.3.3/avr5\libgcc.a(_udivmodsi4.o)
 .text          0x00002ce0        0x0 c:/winavr-20100110/bin/../lib/gcc/avr/4.3.3/avr5\libgcc.a(_divmodsi4.o)
 .text          0x00002ce0        0x0 c:/winavr-20100110/bin/../lib/gcc/avr/4.3.3/avr5\libgcc.a(_exit.o)
 .text          0x00002ce0        0x0 c:/winavr-20100110/bin/../lib/gcc/avr/4.3.3/avr5\libgcc.a(_copy_data.o)
 .text          0x00002ce0        0x0 c:/winavr-20100110/bin/../lib/gcc/avr/4.3.3/avr5\libgcc.a(_clear_bss.o)
                0x00002ce0                . = ALIGN (0x2)
 *(.text.*)
 .text.libgcc   0x00002ce0       0x3e c:/winavr-20100110/bin/../lib/gcc/avr/4.3.3/avr5\libgcc.a(_mulsi3.o)
                0x00002ce0                __mulsi3
 .text.libgcc   0x00002d1e       0x44 c:/winavr-20100110/bin/../lib/gcc/avr/4.3.3/avr5\libgcc.a(_udivmodsi4.o)
                0x00002d1e                __udivmodsi4
 .text.libgcc   0x00002d62       0x36 c:/winavr-20100110/bin/../lib/gcc/avr/4.3.3/avr5\libgcc.a(_divmodsi4.o)
                0x00002d62                __divmodsi4
 .text.libgcc   0x00002d98        0x0 c:/winavr-20100110/bin/../lib/gcc/avr/4.3.3/avr5\libgcc.a(_exit.o)
 .text.libgcc   0x00002d98        0x0 c:/winavr-20100110/bin/../lib/gcc/avr/4.3.3/avr5\libgcc.a(_copy_data.o)
 .text.libgcc   0x00002d98        0x0 c:/winavr-20100110/bin/../lib/gcc/avr/4.3.3/avr5\libgcc.a(_clear_bss.o)
                0x00002d98                . = ALIGN (0x2)
 *(.fini9)
 .fini9         0x00002d98        0x0 c:/winavr-20100110/bin/../lib/gcc/avr/4.3.3/avr5\libgcc.a(_exit.o)
                0x00002d98                exit
                0x00002d98                _exit
 *(.fini9)
 *(.fini8)
 *(.fini8)
 *(.fini7)
 *(.fini7)
 *(.fini6)
 *(.fini6)
 *(.fini5)
 *(.fini5)
 *(.fini4)
 *(.fini4)
 *(.fini3)
 *(.fini3)
 *(.fini2)
 *(.fini2)
 *(.fini1)
 *(.fini1)
 *(.fini0)
 .fini0         0x00002d98        0x4 c:/winavr-20100110/bin/../lib/gcc/avr/4.3.3/avr5\libgcc.a(_exit.o)
 *(.fini0)
                0x00002d9c                _etext = .

.data           0x00800100       0xae load address 0x00002d9c
                0x00800100                PROVIDE (__data_start, .)
 *(.data)
 .data          0x00800100        0x0 c:/winavr-20100110/bin/../lib/gcc/avr/4.3.3/../../../../avr/lib/avr5/crtm328p.o
 .data          0x00800100        0x0 main.o
 .data          0x00800100       0x2a app.o
 .data          0x0080012a        0xa timebase.o
 .data          0x00800134        0x0 uart.o
 .data          0x00800134       0x7a pid.o
                0x00800134                PID
 .data          0x008001ae        0x0 thdbg.o
 .data          0x008001ae        0x0 c:/winavr-20100110/bin/../lib/gcc/avr/4.3.3/avr5\libgcc.a(_mulsi3.o)
 .data          0x008001ae        0x0 c:/winavr-20100110/bin/../lib/gcc/avr/4.3.3/avr5\libgcc.a(_udivmodsi4.o)
 .data          0x008001ae        0x0 c:/winavr-20100110/bin/../lib/gcc/avr/4.3.3/avr5\libgcc.a(_divmodsi4.o)
 .data          0x008001ae        0x0 c:/winavr-20100110/bin/../lib/gcc/avr/4.3.3/avr5\libgcc.a(_exit.o)
 .data          0x008001ae        0x0 c:/winavr-20100110/bin/../lib/gcc/avr/4.3.3/avr5\libgcc.a(_copy_data.o)
 .data          0x008001ae        0x0 c:/winavr-20100110/bin/../lib/gcc/avr/4.3.3/avr5\libgcc.a(_clear_bss.o)
 *(.data*)
 *(.rodata)
 *(.rodata*)
 *(.gnu.linkonce.d*)
                0x008001ae                . = ALIGN (0x2)
                0x008001ae                _edata = .
                0x008001ae                PROVIDE (__data_end, .)

.bss            0x008001ae       0xce
                0x008001ae                PROVIDE (__bss_start, .)
 *(.bss)
 .bss           0x008001ae        0x0 c:/winavr-20100110/bin/../lib/gcc/avr/4.3.3/../../../../avr/lib/avr5/crtm328p.o
 .bss           0x008001ae        0x0 main.o
 .bss           0x008001ae        0x0 app.o
 .bss           0x008001ae        0x0 timebase.o
 .bss           0x008001ae       0x58 uart.o
 .bss           0x00800206        0x0 pid.o
 .bss           0x00800206        0x0 thdbg.o
 .bss           0x00800206        0x0 c:/winavr-20100110/bin/../lib/gcc/avr/4.3.3/avr5\libgcc.a(_mulsi3.o)
 .bss           0x00800206        0x0 c:/winavr-20100110/bin/../lib/gcc/avr/4.3.3/avr5\libgcc.a(_udivmodsi4.o)
 .bss           0x00800206        0x0 c:/winavr-20100110/bin/../lib/gcc/avr/4.3.3/avr5\libgcc.a(_divmodsi4.o)
 .bss           0x00800206        0x0 c:/winavr-20100110/bin/../lib/gcc/avr/4.3.3/avr5\libgcc.a(_exit.o)
 .bss           0x00800206        0x0 c:/winavr-20100110/bin/../lib/gcc/avr/4.3.3/avr5\libgcc.a(_copy_data.o)
 .bss           0x00800206        0x0 c:/winavr-20100110/bin/../lib/gcc/avr/4.3.3/avr5\libgcc.a(_clear_bss.o)
 *(.bss*)
 *(COMMON)
 COMMON         0x00800206       0x4b timebase.o
                0x00800206                Timebase
                0x00800208                Timebase_type
 COMMON         0x00800251       0x2b thdbg.o
                0x00800251                ThreadedDbg
                0x0080027c                PROVIDE (__bss_end, .)
                0x00002d9c                __data_load_start = LOADADDR (.data)
                0x00002e4a                __data_load_end = (__data_load_start + SIZEOF (.data))

.noinit         0x0080027c        0x0
                0x0080027c                PROVIDE (__noinit_start, .)
 *(.noinit*)
                0x0080027c                PROVIDE (__noinit_end, .)
                0x0080027c                _end = .
                0x0080027c                PROVIDE (__heap_start, .)

.eeprom         0x00810000        0x0
 *(.eeprom*)
                0x00810000                __eeprom_end = .

.fuse
 *(.fuse)
 *(.lfuse)
 *(.hfuse)
 *(.efuse)

.lock
 *(.lock*)

.signature
 *(.signature*)

.stab
 *(.stab)

.stabstr
 *(.stabstr)

.stab.excl
 *(.stab.excl)

.stab.exclstr
 *(.stab.exclstr)

.stab.index
 *(.stab.index)

.stab.indexstr
 *(.stab.indexstr)

.comment
 *(.comment)

.debug
 *(.debug)

.line
 *(.line)

.debug_srcinfo
 *(.debug_srcinfo)

.debug_sfnames
 *(.debug_sfnames)

.debug_aranges  0x00000000       0xc0
 *(.debug_aranges)
 .debug_aranges
                0x00000000       0x20 main.o
 .debug_aranges
                0x00000020       0x20 app.o
 .debug_aranges
                0x00000040       0x20 timebase.o
 .debug_aranges
                0x00000060       0x20 uart.o
 .debug_aranges
                0x00000080       0x20 pid.o
 .debug_aranges
                0x000000a0       0x20 thdbg.o

.debug_pubnames
                0x00000000     0x19ad
 *(.debug_pubnames)
 .debug_pubnames
                0x00000000       0x1b main.o
 .debug_pubnames
                0x0000001b       0x5e app.o
 .debug_pubnames
                0x00000079      0xe9e timebase.o
 .debug_pubnames
                0x00000f17      0x71f uart.o
 .debug_pubnames
                0x00001636      0x2a3 pid.o
 .debug_pubnames
                0x000018d9       0xd4 thdbg.o

.debug_info     0x00000000     0x4e9a
 *(.debug_info)
 .debug_info    0x00000000       0x76 main.o
 .debug_info    0x00000076       0xf1 app.o
 .debug_info    0x00000167     0x2d75 timebase.o
 .debug_info    0x00002edc     0x1519 uart.o
 .debug_info    0x000043f5      0x916 pid.o
 .debug_info    0x00004d0b      0x18f thdbg.o
 *(.gnu.linkonce.wi.*)

.debug_abbrev   0x00000000      0x949
 *(.debug_abbrev)
 .debug_abbrev  0x00000000       0x41 main.o
 .debug_abbrev  0x00000041       0x70 app.o
 .debug_abbrev  0x000000b1      0x2b8 timebase.o
 .debug_abbrev  0x00000369      0x322 uart.o
 .debug_abbrev  0x0000068b      0x1c5 pid.o
 .debug_abbrev  0x00000850       0xf9 thdbg.o

.debug_line     0x00000000     0x2b02
 *(.debug_line)
 .debug_line    0x00000000       0x70 main.o
 .debug_line    0x00000070      0x18c app.o
 .debug_line    0x000001fc     0x13fc timebase.o
 .debug_line    0x000015f8      0xf49 uart.o
 .debug_line    0x00002541      0x465 pid.o
 .debug_line    0x000029a6      0x15c thdbg.o

.debug_frame    0x00000000      0xda0
 *(.debug_frame)
 .debug_frame   0x00000000       0x20 main.o
 .debug_frame   0x00000020       0x70 app.o
 .debug_frame   0x00000090      0x600 timebase.o
 .debug_frame   0x00000690      0x4b0 uart.o
 .debug_frame   0x00000b40      0x1f0 pid.o
 .debug_frame   0x00000d30       0x70 thdbg.o

.debug_str      0x00000000     0x1cd9
 *(.debug_str)
 .debug_str     0x00000000       0x94 main.o
                                 0xc8 (size before relaxing)
 .debug_str     0x00000094       0x43 app.o
                                 0xff (size before relaxing)
 .debug_str     0x000000d7      0xfee timebase.o
                               0x1186 (size before relaxing)
 .debug_str     0x000010c5      0x712 uart.o
                                0x815 (size before relaxing)
 .debug_str     0x000017d7      0x414 pid.o
                                0x528 (size before relaxing)
 .debug_str     0x00001beb       0xee thdbg.o
                                0x1b2 (size before relaxing)

.debug_loc      0x00000000     0x1a55
 *(.debug_loc)
 .debug_loc     0x00000000      0xfa9 timebase.o
 .debug_loc     0x00000fa9      0xa10 uart.o
 .debug_loc     0x000019b9       0x9c pid.o

.debug_macinfo
 *(.debug_macinfo)
OUTPUT(main.elf elf32-avr)
LOAD linker stubs

.debug_ranges   0x00000000       0x48
 .debug_ranges  0x00000000       0x48 uart.o

Cross Reference Table

Symbol                                            File
App_Main_Loop                                     app.o
                                                  main.o
App_Setup                                         app.o
                                                  main.o
PID                                               pid.o
PID_Calculate_Error                               pid.o
PID_Calculate_Error_Products                      pid.o
PID_Execute_Routine                               pid.o
PID_Get_DError                                    pid.o
PID_Get_DError_Product                            pid.o
PID_Get_IError                                    pid.o
PID_Get_IError_Product                            pid.o
PID_Get_Kd                                        pid.o
PID_Get_Ki                                        pid.o
PID_Get_Kp                                        pid.o
PID_Get_Max_IError                                pid.o
PID_Get_Output                                    pid.o
PID_Get_Output_NonNegative                        pid.o
PID_Get_PError                                    pid.o
PID_Get_PError_Product                            pid.o
PID_Get_Process_Value                             pid.o
PID_Get_Scaling_Factor                            pid.o
PID_Get_Set_Point                                 pid.o
PID_Init                                          pid.o
PID_Init_Module                                   pid.o
PID_Reset_IError                                  pid.o
PID_Set_Constants                                 pid.o
PID_Set_Kd                                        pid.o
PID_Set_Ki                                        pid.o
PID_Set_Kp                                        pid.o
PID_Set_Max_IError                                pid.o
PID_Set_ProcessValue                              pid.o
PID_Set_Scaling_Factor                            pid.o
PID_Set_SetPoint                                  pid.o
PID_Struct_Init                                   pid.o
Print0                                            app.o
Print1                                            app.o
Print2                                            app.o
Print3                                            app.o
ThreadedDbg                                       thdbg.o
ThreadedDbg_Add_Function                          thdbg.o
                                                  app.o
ThreadedDbg_Execute_Function                      thdbg.o
                                                  app.o
ThreadedDbg_Execution_Disable                     thdbg.o
ThreadedDbg_Execution_Enable                      thdbg.o
                                                  app.o
ThreadedDbg_Init                                  thdbg.o
                                                  app.o
ThreadedDbg_Struct_Init                           thdbg.o
Timebase                                          timebase.o
Timebase_Atomic_Operation_End                     timebase.o
Timebase_Atomic_Operation_Start                   timebase.o
Timebase_DownCounter_Clear_All_Flags              timebase.o
Timebase_DownCounter_Clear_Period_Flag            timebase.o
Timebase_DownCounter_Continuous_Expired_Event     timebase.o
                                                  app.o
Timebase_DownCounter_Expired                      timebase.o
Timebase_DownCounter_Expired_Event                timebase.o
Timebase_DownCounter_Get_EndValue                 timebase.o
Timebase_DownCounter_Get_PeriodValue              timebase.o
Timebase_DownCounter_Get_Period_Flag              timebase.o
Timebase_DownCounter_Get_ReloadValue              timebase.o
Timebase_DownCounter_Get_Remaining_Period_Value   timebase.o
Timebase_DownCounter_Get_Status                   timebase.o
Timebase_DownCounter_Get_Value                    timebase.o
Timebase_DownCounter_Oneshot_Expired_Event        timebase.o
Timebase_DownCounter_Period_Value_Expired         timebase.o
Timebase_DownCounter_Period_Value_Expired_Event   timebase.o
Timebase_DownCounter_Reset                        timebase.o
Timebase_DownCounter_Reset_All                    timebase.o
Timebase_DownCounter_SS_Clear_All_Flags           timebase.o
Timebase_DownCounter_SS_Clear_Period_Flag         timebase.o
Timebase_DownCounter_SS_Continuous_Expired_Event  timebase.o
Timebase_DownCounter_SS_Expired                   timebase.o
Timebase_DownCounter_SS_Expired_Event             timebase.o
Timebase_DownCounter_SS_Get_EndValueSec           timebase.o
Timebase_DownCounter_SS_Get_EndValueSubSec        timebase.o
Timebase_DownCounter_SS_Get_PeriodValue           timebase.o
Timebase_DownCounter_SS_Get_Period_Flag           timebase.o
Timebase_DownCounter_SS_Get_ReloadValue           timebase.o
Timebase_DownCounter_SS_Get_Remaining_Period_Value timebase.o
Timebase_DownCounter_SS_Get_Status                timebase.o
Timebase_DownCounter_SS_Get_Value                 timebase.o
Timebase_DownCounter_SS_Oneshot_Expired_Event     timebase.o
Timebase_DownCounter_SS_Period_Value_Expired      timebase.o
Timebase_DownCounter_SS_Period_Value_Expired_Event timebase.o
Timebase_DownCounter_SS_Reset                     timebase.o
Timebase_DownCounter_SS_Reset_All                 timebase.o
Timebase_DownCounter_SS_Set_EndValueSec           timebase.o
Timebase_DownCounter_SS_Set_EndValueSubSec        timebase.o
Timebase_DownCounter_SS_Set_Forcefully            timebase.o
Timebase_DownCounter_SS_Set_PeriodValue           timebase.o
Timebase_DownCounter_SS_Set_Period_Flag           timebase.o
Timebase_DownCounter_SS_Set_Period_Value_Securely timebase.o
Timebase_DownCounter_SS_Set_ReloadValue           timebase.o
Timebase_DownCounter_SS_Set_Securely              timebase.o
Timebase_DownCounter_SS_Set_Status                timebase.o
Timebase_DownCounter_SS_Set_Value                 timebase.o
Timebase_DownCounter_SS_Start                     timebase.o
Timebase_DownCounter_SS_Stop                      timebase.o
Timebase_DownCounter_SS_Update                    timebase.o
Timebase_DownCounter_SS_Update_All                timebase.o
Timebase_DownCounter_Set_EndValue                 timebase.o
Timebase_DownCounter_Set_Forcefully               timebase.o
                                                  app.o
Timebase_DownCounter_Set_PeriodValue              timebase.o
Timebase_DownCounter_Set_Period_Flag              timebase.o
Timebase_DownCounter_Set_Period_Value_Securely    timebase.o
Timebase_DownCounter_Set_ReloadValue              timebase.o
Timebase_DownCounter_Set_Securely                 timebase.o
Timebase_DownCounter_Set_Status                   timebase.o
Timebase_DownCounter_Set_Value                    timebase.o
Timebase_DownCounter_Start                        timebase.o
Timebase_DownCounter_Stop                         timebase.o
Timebase_DownCounter_Update                       timebase.o
Timebase_DownCounter_Update_All                   timebase.o
Timebase_Get_Update_Req_Sts                       timebase.o
Timebase_ISR_Executables                          timebase.o
Timebase_Init                                     timebase.o
                                                  main.o
Timebase_LP_ISR_Executables                       timebase.o
Timebase_LP_Reset                                 timebase.o
Timebase_Main_Loop_Executables                    timebase.o
                                                  main.o
Timebase_Reset                                    timebase.o
Timebase_Struct_Init                              timebase.o
Timebase_Timer_Await_SubSeconds                   timebase.o
Timebase_Timer_Delay_Seconds                      timebase.o
Timebase_Timer_Delay_SubSeconds                   timebase.o
Timebase_Timer_Disable                            timebase.o
Timebase_Timer_Enable                             timebase.o
Timebase_Timer_Get_Seconds                        timebase.o
Timebase_Timer_Get_SecondsShadow                  timebase.o
Timebase_Timer_Get_SecondsShadow_Securely         timebase.o
Timebase_Timer_Get_SubSeconds                     timebase.o
Timebase_Timer_Get_SubSecondsShadow               timebase.o
Timebase_Timer_Get_SubSecondsShadow_Securely      timebase.o
Timebase_Timer_Get_SubSecondsUpTime               timebase.o
Timebase_Timer_Get_SubSecondsUpTime_Securely      timebase.o
Timebase_Timer_Set_Seconds                        timebase.o
Timebase_Timer_Set_SubSeconds                     timebase.o
Timebase_Timer_Set_SubSecondsShadow               timebase.o
Timebase_Timer_Set_SubSecondsUpTime               timebase.o
Timebase_Timer_Sync_With_Shadow_Variables         timebase.o
Timebase_Window_Timer_Get_Interval                timebase.o
Timebase_Window_Timer_Get_Interval_Reset          timebase.o
                                                  app.o
Timebase_Window_Timer_Reset                       timebase.o
Timebase_Window_Timer_Start                       timebase.o
                                                  app.o
Timebase_type                                     timebase.o
UART_Buf_Flush                                    uart.o
UART_Buf_Get                                      uart.o
UART_Buf_Get_Index                                uart.o
UART_CRC_Calculate_Block                          uart.o
UART_CRC_Calculate_Byte                           uart.o
UART_Clear_Interrupt_Flag                         uart.o
UART_Config_BAUD_Rate                             uart.o
UART_Config_Clock                                 uart.o
UART_Config_GPIO                                  uart.o
UART_Config_Rx                                    uart.o
UART_Config_Rx_Interrupt                          uart.o
UART_Config_Tx                                    uart.o
UART_Data_Available                               uart.o
                                                  app.o
UART_Data_CRC_Status_Get                          uart.o
UART_Data_Calculated_CRC_Get                      uart.o
                                                  app.o
UART_Data_Clear_Available_Flag                    uart.o
UART_Data_Clear_Read_Complete_Flag                uart.o
UART_Data_Copy_Buf                                uart.o
UART_Data_Len_Get                                 uart.o
UART_Data_Print_Buf                               uart.o
                                                  app.o
UART_Data_Read_Complete_Status                    uart.o
UART_Data_Received_CRC_Get                        uart.o
                                                  app.o
UART_Determine_Digit_Numbers                      uart.o
UART_Error_Code_Clear                             uart.o
UART_Error_Code_Get                               uart.o
UART_ISR_Handler                                  uart.o
UART_Init                                         uart.o
                                                  app.o
UART_RX_Packet_CRC_Check                          uart.o
UART_RX_Packet_Read_Complete                      uart.o
                                                  app.o
UART_RX_Packet_Struct_Init                        uart.o
UART_Rx_Byte                                      uart.o
UART_Struct_Init                                  uart.o
UART_Timer_Clear_Interrupt_Flag                   uart.o
UART_Timer_Disable                                uart.o
UART_Timer_Enable                                 uart.o
UART_Timer_Get_Status                             uart.o
UART_Timer_Get_Val                                uart.o
UART_Timer_ISR_Handler                            uart.o
UART_Timer_Init                                   uart.o
UART_Timer_Struct_Init                            uart.o
UART_Timer_Value_Reset                            uart.o
UART_Tx_Buf                                       uart.o
UART_Tx_Byte                                      uart.o
UART_Tx_CM                                        uart.o
UART_Tx_NL                                        uart.o
                                                  app.o
UART_Tx_Number                                    uart.o
UART_Tx_Number_Bin                                uart.o
UART_Tx_Number_Bin_CM                             uart.o
UART_Tx_Number_Bin_NL                             uart.o
UART_Tx_Number_Bin_SP                             uart.o
UART_Tx_Number_CM                                 uart.o
UART_Tx_Number_Digits                             uart.o
UART_Tx_Number_Hex                                uart.o
UART_Tx_Number_Hex_CM                             uart.o
UART_Tx_Number_Hex_NL                             uart.o
UART_Tx_Number_Hex_SP                             uart.o
UART_Tx_Number_NL                                 uart.o
UART_Tx_Number_SP                                 uart.o
UART_Tx_Parameter_Bin_CM                          uart.o
UART_Tx_Parameter_Bin_NL                          uart.o
UART_Tx_Parameter_Bin_SP                          uart.o
UART_Tx_Parameter_CM                              uart.o
UART_Tx_Parameter_Hex_CM                          uart.o
                                                  app.o
UART_Tx_Parameter_Hex_NL                          uart.o
                                                  app.o
UART_Tx_Parameter_Hex_SP                          uart.o
UART_Tx_Parameter_NL                              uart.o
UART_Tx_Parameter_SP                              uart.o
UART_Tx_SP                                        uart.o
UART_Tx_Text                                      uart.o
UART_Tx_Text_CM                                   uart.o
UART_Tx_Text_NL                                   uart.o
UART_Tx_Text_SP                                   uart.o
__bad_interrupt                                   c:/winavr-20100110/bin/../lib/gcc/avr/4.3.3/../../../../avr/lib/avr5/crtm328p.o
__bss_end                                         c:/winavr-20100110/bin/../lib/gcc/avr/4.3.3/avr5\libgcc.a(_clear_bss.o)
__bss_start                                       c:/winavr-20100110/bin/../lib/gcc/avr/4.3.3/avr5\libgcc.a(_clear_bss.o)
__data_end                                        c:/winavr-20100110/bin/../lib/gcc/avr/4.3.3/avr5\libgcc.a(_copy_data.o)
__data_load_start                                 c:/winavr-20100110/bin/../lib/gcc/avr/4.3.3/avr5\libgcc.a(_copy_data.o)
__data_start                                      c:/winavr-20100110/bin/../lib/gcc/avr/4.3.3/avr5\libgcc.a(_copy_data.o)
__divmodsi4                                       c:/winavr-20100110/bin/../lib/gcc/avr/4.3.3/avr5\libgcc.a(_divmodsi4.o)
                                                  pid.o
                                                  timebase.o
__do_clear_bss                                    c:/winavr-20100110/bin/../lib/gcc/avr/4.3.3/avr5\libgcc.a(_clear_bss.o)
                                                  thdbg.o
                                                  uart.o
                                                  timebase.o
__do_copy_data                                    c:/winavr-20100110/bin/../lib/gcc/avr/4.3.3/avr5\libgcc.a(_copy_data.o)
                                                  pid.o
                                                  timebase.o
                                                  app.o
__heap_end                                        c:/winavr-20100110/bin/../lib/gcc/avr/4.3.3/../../../../avr/lib/avr5/crtm328p.o
__init                                            c:/winavr-20100110/bin/../lib/gcc/avr/4.3.3/../../../../avr/lib/avr5/crtm328p.o
__mulsi3                                          c:/winavr-20100110/bin/../lib/gcc/avr/4.3.3/avr5\libgcc.a(_mulsi3.o)
                                                  pid.o
                                                  timebase.o
__stack                                           c:/winavr-20100110/bin/../lib/gcc/avr/4.3.3/../../../../avr/lib/avr5/crtm328p.o
__udivmodsi4                                      c:/winavr-20100110/bin/../lib/gcc/avr/4.3.3/avr5\libgcc.a(_udivmodsi4.o)
                                                  c:/winavr-20100110/bin/../lib/gcc/avr/4.3.3/avr5\libgcc.a(_divmodsi4.o)
                                                  uart.o
__vector_1                                        c:/winavr-20100110/bin/../lib/gcc/avr/4.3.3/../../../../avr/lib/avr5/crtm328p.o
__vector_10                                       c:/winavr-20100110/bin/../lib/gcc/avr/4.3.3/../../../../avr/lib/avr5/crtm328p.o
__vector_11                                       c:/winavr-20100110/bin/../lib/gcc/avr/4.3.3/../../../../avr/lib/avr5/crtm328p.o
__vector_12                                       c:/winavr-20100110/bin/../lib/gcc/avr/4.3.3/../../../../avr/lib/avr5/crtm328p.o
__vector_13                                       c:/winavr-20100110/bin/../lib/gcc/avr/4.3.3/../../../../avr/lib/avr5/crtm328p.o
__vector_14                                       c:/winavr-20100110/bin/../lib/gcc/avr/4.3.3/../../../../avr/lib/avr5/crtm328p.o
__vector_15                                       c:/winavr-20100110/bin/../lib/gcc/avr/4.3.3/../../../../avr/lib/avr5/crtm328p.o
__vector_16                                       timebase.o
                                                  c:/winavr-20100110/bin/../lib/gcc/avr/4.3.3/../../../../avr/lib/avr5/crtm328p.o
__vector_17                                       c:/winavr-20100110/bin/../lib/gcc/avr/4.3.3/../../../../avr/lib/avr5/crtm328p.o
__vector_18                                       uart.o
                                                  c:/winavr-20100110/bin/../lib/gcc/avr/4.3.3/../../../../avr/lib/avr5/crtm328p.o
__vector_19                                       c:/winavr-20100110/bin/../lib/gcc/avr/4.3.3/../../../../avr/lib/avr5/crtm328p.o
__vector_2                                        c:/winavr-20100110/bin/../lib/gcc/avr/4.3.3/../../../../avr/lib/avr5/crtm328p.o
__vector_20                                       c:/winavr-20100110/bin/../lib/gcc/avr/4.3.3/../../../../avr/lib/avr5/crtm328p.o
__vector_21                                       c:/winavr-20100110/bin/../lib/gcc/avr/4.3.3/../../../../avr/lib/avr5/crtm328p.o
__vector_22                                       c:/winavr-20100110/bin/../lib/gcc/avr/4.3.3/../../../../avr/lib/avr5/crtm328p.o
__vector_23                                       c:/winavr-20100110/bin/../lib/gcc/avr/4.3.3/../../../../avr/lib/avr5/crtm328p.o
__vector_24                                       c:/winavr-20100110/bin/../lib/gcc/avr/4.3.3/../../../../avr/lib/avr5/crtm328p.o
__vector_25                                       c:/winavr-20100110/bin/../lib/gcc/avr/4.3.3/../../../../avr/lib/avr5/crtm328p.o
__vector_3                                        c:/winavr-20100110/bin/../lib/gcc/avr/4.3.3/../../../../avr/lib/avr5/crtm328p.o
__vector_4                                        c:/winavr-20100110/bin/../lib/gcc/avr/4.3.3/../../../../avr/lib/avr5/crtm328p.o
__vector_5                                        c:/winavr-20100110/bin/../lib/gcc/avr/4.3.3/../../../../avr/lib/avr5/crtm328p.o
__vector_6                                        c:/winavr-20100110/bin/../lib/gcc/avr/4.3.3/../../../../avr/lib/avr5/crtm328p.o
__vector_7                                        c:/winavr-20100110/bin/../lib/gcc/avr/4.3.3/../../../../avr/lib/avr5/crtm328p.o
__vector_8                                        c:/winavr-20100110/bin/../lib/gcc/avr/4.3.3/../../../../avr/lib/avr5/crtm328p.o
__vector_9                                        uart.o
                                                  c:/winavr-20100110/bin/../lib/gcc/avr/4.3.3/../../../../avr/lib/avr5/crtm328p.o
__vector_default                                  c:/winavr-20100110/bin/../lib/gcc/avr/4.3.3/../../../../avr/lib/avr5/crtm328p.o
__vectors                                         c:/winavr-20100110/bin/../lib/gcc/avr/4.3.3/../../../../avr/lib/avr5/crtm328p.o
_exit                                             c:/winavr-20100110/bin/../lib/gcc/avr/4.3.3/avr5\libgcc.a(_exit.o)
exit                                              c:/winavr-20100110/bin/../lib/gcc/avr/4.3.3/avr5\libgcc.a(_exit.o)
                                                  c:/winavr-20100110/bin/../lib/gcc/avr/4.3.3/../../../../avr/lib/avr5/crtm328p.o
main                                              main.o
                                                  c:/winavr-20100110/bin/../lib/gcc/avr/4.3.3/../../../../avr/lib/avr5/crtm328p.o
