Archive member included because of file (symbol)

c:/winavr-20100110/bin/../lib/gcc/avr/4.3.3/avr5\libgcc.a(_mulsi3.o)
                              timebase.o (__mulsi3)
c:/winavr-20100110/bin/../lib/gcc/avr/4.3.3/avr5\libgcc.a(_udivmodsi4.o)
                              uart.o (__udivmodsi4)
c:/winavr-20100110/bin/../lib/gcc/avr/4.3.3/avr5\libgcc.a(_divmodsi4.o)
                              timebase.o (__divmodsi4)
c:/winavr-20100110/bin/../lib/gcc/avr/4.3.3/avr5\libgcc.a(_exit.o)
                              c:/winavr-20100110/bin/../lib/gcc/avr/4.3.3/../../../../avr/lib/avr5/crtm328p.o (exit)
c:/winavr-20100110/bin/../lib/gcc/avr/4.3.3/avr5\libgcc.a(_copy_data.o)
                              main.o (__do_copy_data)
c:/winavr-20100110/bin/../lib/gcc/avr/4.3.3/avr5\libgcc.a(_clear_bss.o)
                              uart.o (__do_clear_bss)

Allocating common symbols
Common symbol       size              file

Timebase            0x2               timebase.o
Timebase_type       0x6c              timebase.o

Memory Configuration

Name             Origin             Length             Attributes
text             0x00000000         0x00020000         xr
data             0x00800060         0x0000ffa0         rw !x
eeprom           0x00810000         0x00010000         rw !x
fuse             0x00820000         0x00000400         rw !x
lock             0x00830000         0x00000400         rw !x
signature        0x00840000         0x00000400         rw !x
*default*        0x00000000         0xffffffff

Linker script and memory map

Address of section .data set to 0x800100
LOAD c:/winavr-20100110/bin/../lib/gcc/avr/4.3.3/../../../../avr/lib/avr5/crtm328p.o
LOAD main.o
LOAD uart.o
LOAD timebase.o
LOAD c:/winavr-20100110/bin/../lib/gcc/avr/4.3.3/../../../../avr/lib/avr5\libm.a
LOAD c:/winavr-20100110/bin/../lib/gcc/avr/4.3.3/avr5\libgcc.a
LOAD c:/winavr-20100110/bin/../lib/gcc/avr/4.3.3/../../../../avr/lib/avr5\libc.a
LOAD c:/winavr-20100110/bin/../lib/gcc/avr/4.3.3/avr5\libgcc.a

.hash
 *(.hash)

.dynsym
 *(.dynsym)

.dynstr
 *(.dynstr)

.gnu.version
 *(.gnu.version)

.gnu.version_d
 *(.gnu.version_d)

.gnu.version_r
 *(.gnu.version_r)

.rel.init
 *(.rel.init)

.rela.init
 *(.rela.init)

.rel.text
 *(.rel.text)
 *(.rel.text.*)
 *(.rel.gnu.linkonce.t*)

.rela.text
 *(.rela.text)
 *(.rela.text.*)
 *(.rela.gnu.linkonce.t*)

.rel.fini
 *(.rel.fini)

.rela.fini
 *(.rela.fini)

.rel.rodata
 *(.rel.rodata)
 *(.rel.rodata.*)
 *(.rel.gnu.linkonce.r*)

.rela.rodata
 *(.rela.rodata)
 *(.rela.rodata.*)
 *(.rela.gnu.linkonce.r*)

.rel.data
 *(.rel.data)
 *(.rel.data.*)
 *(.rel.gnu.linkonce.d*)

.rela.data
 *(.rela.data)
 *(.rela.data.*)
 *(.rela.gnu.linkonce.d*)

.rel.ctors
 *(.rel.ctors)

.rela.ctors
 *(.rela.ctors)

.rel.dtors
 *(.rel.dtors)

.rela.dtors
 *(.rela.dtors)

.rel.got
 *(.rel.got)

.rela.got
 *(.rela.got)

.rel.bss
 *(.rel.bss)

.rela.bss
 *(.rela.bss)

.rel.plt
 *(.rel.plt)

.rela.plt
 *(.rela.plt)

.text           0x00000000     0x329a
 *(.vectors)
 .vectors       0x00000000       0x68 c:/winavr-20100110/bin/../lib/gcc/avr/4.3.3/../../../../avr/lib/avr5/crtm328p.o
                0x00000000                __vectors
                0x00000000                __vector_default
 *(.vectors)
 *(.progmem.gcc*)
 *(.progmem*)
                0x00000068                . = ALIGN (0x2)
                0x00000068                __trampolines_start = .
 *(.trampolines)
 .trampolines   0x00000068        0x0 linker stubs
 *(.trampolines*)
                0x00000068                __trampolines_end = .
 *(.jumptables)
 *(.jumptables*)
 *(.lowtext)
 *(.lowtext*)
                0x00000068                __ctors_start = .
 *(.ctors)
                0x00000068                __ctors_end = .
                0x00000068                __dtors_start = .
 *(.dtors)
                0x00000068                __dtors_end = .
 SORT(*)(.ctors)
 SORT(*)(.dtors)
 *(.init0)
 .init0         0x00000068        0x0 c:/winavr-20100110/bin/../lib/gcc/avr/4.3.3/../../../../avr/lib/avr5/crtm328p.o
                0x00000068                __init
 *(.init0)
 *(.init1)
 *(.init1)
 *(.init2)
 .init2         0x00000068        0xc c:/winavr-20100110/bin/../lib/gcc/avr/4.3.3/../../../../avr/lib/avr5/crtm328p.o
 *(.init2)
 *(.init3)
 *(.init3)
 *(.init4)
 .init4         0x00000074       0x16 c:/winavr-20100110/bin/../lib/gcc/avr/4.3.3/avr5\libgcc.a(_copy_data.o)
                0x00000074                __do_copy_data
 .init4         0x0000008a       0x10 c:/winavr-20100110/bin/../lib/gcc/avr/4.3.3/avr5\libgcc.a(_clear_bss.o)
                0x0000008a                __do_clear_bss
 *(.init4)
 *(.init5)
 *(.init5)
 *(.init6)
 *(.init6)
 *(.init7)
 *(.init7)
 *(.init8)
 *(.init8)
 *(.init9)
 .init9         0x0000009a        0x8 c:/winavr-20100110/bin/../lib/gcc/avr/4.3.3/../../../../avr/lib/avr5/crtm328p.o
 *(.init9)
 *(.text)
 .text          0x000000a2        0x4 c:/winavr-20100110/bin/../lib/gcc/avr/4.3.3/../../../../avr/lib/avr5/crtm328p.o
                0x000000a2                __vector_22
                0x000000a2                __vector_1
                0x000000a2                __vector_24
                0x000000a2                __vector_12
                0x000000a2                __bad_interrupt
                0x000000a2                __vector_6
                0x000000a2                __vector_3
                0x000000a2                __vector_23
                0x000000a2                __vector_25
                0x000000a2                __vector_11
                0x000000a2                __vector_13
                0x000000a2                __vector_17
                0x000000a2                __vector_19
                0x000000a2                __vector_7
                0x000000a2                __vector_5
                0x000000a2                __vector_4
                0x000000a2                __vector_9
                0x000000a2                __vector_2
                0x000000a2                __vector_21
                0x000000a2                __vector_15
                0x000000a2                __vector_8
                0x000000a2                __vector_14
                0x000000a2                __vector_10
                0x000000a2                __vector_20
 .text          0x000000a6       0xc4 main.o
                0x000000a6                main
 .text          0x0000016a      0x4ce uart.o
                0x00000274                UART_Reset_Last_Received_Byte
                0x000004fc                UART_Read_From_Buffer
                0x0000040e                UART_Transmit_New_Line
                0x000004ca                UART_Transmit_Number
                0x0000026e                UART_Last_Received_Byte
                0x000005f0                UART_Init
                0x00000512                UART_Flush_Buffer
                0x00000226                UART_Receive_Byte
                0x00000216                UART_Transmit_Byte
                0x000001ae                UART_Config_Clock
                0x000001ac                UART_Config_GPIO
                0x00000208                UART_Config_Receiver_Interrupt
                0x0000032c                UART_Transmit_Byte_Bin
                0x00000418                UART_Transmit_Space
                0x000001e4                UART_Config_Transmitter
                0x0000016a                UART_Struct_Init
                0x00000540                UART_Interrupt_Service_Routine
                0x000001f6                UART_Config_Receiver
                0x000003ec                UART_Transmit_Text
                0x000001b0                UART_Config_BAUD_Rate
                0x00000506                UART_Current_Buffer_Index
                0x00000422                UART_Determine_Digit_Numbers
                0x000004a0                UART_Transmit_Number_Digits
                0x000005a8                __vector_18
                0x0000027a                UART_Transmit_Byte_Hex
 .text          0x00000638     0x2ba6 timebase.o
                0x00001eac                Timebase_UpCounter_Set_Period_Value_Securely
                0x00002f74                Timebase_DownCounter_Period_Value_Expired
                0x00002032                Timebase_UpCounter_Reset_All
                0x00001c0e                Timebase_UpCounter_Set_Securely
                0x0000179c                Timebase_UpCounter_SS_Period_Value_Expired_Event
                0x00002144                Timebase_DownCounter_SS_Set_EndValueSec
                0x000010e4                Timebase_UpCounter_SS_Clear_All_Flags
                0x000018be                Timebase_UpCounter_Get_EndValueSec
                0x000012fc                Timebase_UpCounter_SS_Update
                0x0000219c                Timebase_DownCounter_SS_Get_PeriodValue
                0x0000203a                Timebase_DownCounter_SS_Get_Status
                0x00002958                Timebase_DownCounter_Get_Status
                0x00002786                Timebase_DownCounter_SS_Set_Period_Value_Securely
                0x00000efe                Timebase_UpCounter_SS_Set_TargetValue
                0x00002cf4                Timebase_DownCounter_Set_Forcefully
                0x0000226e                Timebase_DownCounter_SS_Clear_Period_Flag
                0x0000108a                Timebase_UpCounter_SS_Reset
                0x00002324                Timebase_DownCounter_SS_Start
                0x00003136                Timebase_ISR_Executables
                0x00001abe                Timebase_UpCounter_Get_Period_Flag
                0x00003044                Timebase_DownCounter_Update_All
                0x00002094                Timebase_DownCounter_SS_Get_Value
                0x00000e98                Timebase_UpCounter_SS_Set_EndValueSubSec
                0x00001ae6                Timebase_UpCounter_Set_Period_Flag
                0x0000161a                Timebase_UpCounter_SS_Expired
                0x00002118                Timebase_DownCounter_SS_Get_EndValueSubSec
                0x00000c78                Timebase_Window_Timer_Get_Interval
                0x0000272c                Timebase_DownCounter_SS_Expired_Event
                0x00003072                Timebase_Reset
                0x00003080                Timebase_Init
                0x00001b3a                Timebase_UpCounter_Reset
                0x00000c40                Timebase_Window_Timer_Start
                0x00000b48                Timebase_Timer_Await_SubSeconds
                0x00000f2a                Timebase_UpCounter_SS_Get_TemporaryValue
                0x000019e6                Timebase_UpCounter_Get_TemporaryValue
                0x00002928                Timebase_DownCounter_SS_Reset_All
                0x00001876                Timebase_UpCounter_Set_Value
                0x00001bd8                Timebase_UpCounter_Stop
                0x000022de                Timebase_DownCounter_SS_Clear_All_Flags
                0x000009a8                Timebase_Atomic_Operation_Start
                0x00000cf6                Timebase_Window_Timer_Get_Interval_Reset
                0x00001156                Timebase_UpCounter_SS_Set_Securely
                0x00001a16                Timebase_UpCounter_Set_TemporaryValue
                0x0000304c                Timebase_DownCounter_Reset_All
                0x000018f8                Timebase_UpCounter_Get_EndValueSubSec
                0x00000a1a                Timebase_Timer_Get_SubSeconds
                0x00000ec4                Timebase_UpCounter_SS_Get_TargetValue
                0x000016d4                Timebase_UpCounter_SS_Get_Remaining_Period_Value
                0x00000db4                Timebase_UpCounter_SS_Set_Value
                0x00001f62                Timebase_UpCounter_Period_Value_Expired
                0x00000e32                Timebase_UpCounter_SS_Get_EndValueSubSec
                0x00001cae                Timebase_UpCounter_Update
                0x0000202a                Timebase_UpCounter_Update_All
                0x00000e6c                Timebase_UpCounter_SS_Set_EndValueSec
                0x00000fe2                Timebase_UpCounter_SS_Set_PeriodValue
                0x00002920                Timebase_DownCounter_SS_Update_All
                0x00000a4e                Timebase_Timer_Set_Seconds
                0x00000d7a                Timebase_UpCounter_SS_Get_Value
                0x00002e98                Timebase_DownCounter_Set_Period_Value_Securely
                0x00001060                Timebase_UpCounter_SS_Clear_Period_Flag
                0x00001036                Timebase_UpCounter_SS_Set_Period_Flag
                0x00003000                Timebase_DownCounter_Period_Value_Expired_Event
                0x000020ec                Timebase_DownCounter_SS_Get_EndValueSec
                0x00002e0c                Timebase_DownCounter_Expired
                0x00002064                Timebase_DownCounter_SS_Set_Status
                0x0000164e                Timebase_UpCounter_SS_Expired_Event
                0x00001ba2                Timebase_UpCounter_Start
                0x00002bce                Timebase_DownCounter_Clear_All_Flags
                0x00002298                Timebase_DownCounter_SS_Reset
                0x00002a1a                Timebase_DownCounter_Get_EndValue
                0x00000d4a                Timebase_UpCounter_SS_Set_Status
                0x000029ea                Timebase_DownCounter_Set_Value
                0x00001f0a                Timebase_UpCounter_Get_Remaining_Period_Value
                0x00002806                Timebase_DownCounter_SS_Get_Remaining_Period_Value
                0x000010ea                Timebase_UpCounter_SS_Start
                0x0000309a                Timebase_Main_Loop_Executables
                0x000021c8                Timebase_DownCounter_SS_Set_PeriodValue
                0x00002b06                Timebase_DownCounter_Get_Period_Flag
                0x00001a8e                Timebase_UpCounter_Set_PeriodValue
                0x000009b0                Timebase_Token_Executing
                0x00002244                Timebase_DownCounter_SS_Set_Period_Flag
                0x00001120                Timebase_UpCounter_SS_Stop
                0x00000c24                Timebase_Window_Timer_Reset
                0x000017e4                Timebase_UpCounter_SS_Reset_All
                0x00002aaa                Timebase_DownCounter_Set_PeriodValue
                0x00002390                Timebase_DownCounter_SS_Set_Securely
                0x00002f1c                Timebase_DownCounter_Get_Remaining_Period_Value
                0x00002b60                Timebase_DownCounter_Clear_Period_Flag
                0x00001c84                Timebase_UpCounter_Set_Forcefully
                0x000009f4                Timebase_Timer_Get_SubSecondsShadow
                0x00001b9c                Timebase_UpCounter_Clear_All_Flags
                0x00001932                Timebase_UpCounter_Set_EndValueSec
                0x00000a2a                Timebase_Timer_Get_Seconds
                0x0000285a                Timebase_DownCounter_SS_Period_Value_Expired
                0x0000221c                Timebase_DownCounter_SS_Get_Period_Flag
                0x00000df8                Timebase_UpCounter_SS_Get_EndValueSec
                0x00000d20                Timebase_UpCounter_SS_Get_Status
                0x00001846                Timebase_UpCounter_Get_Value
                0x0000195e                Timebase_UpCounter_Set_EndValueSubSec
                0x00002b32                Timebase_DownCounter_Set_Period_Flag
                0x00002558                Timebase_DownCounter_SS_Update
                0x000028e0                Timebase_DownCounter_SS_Period_Value_Expired_Event
                0x0000168c                Timebase_UpCounter_SS_Set_Period_Value_Securely
                0x000029ba                Timebase_DownCounter_Get_Value
                0x00000638                Timebase_Struct_Init
                0x00000be2                Timebase_Timer_Delay_Seconds
                0x0000080e                Timebase_Timer_Config
                0x00001816                Timebase_UpCounter_Set_Status
                0x00000a40                Timebase_Timer_Set_SubSeconds
                0x00002d42                Timebase_DownCounter_Update
                0x00002b8e                Timebase_DownCounter_Reset
                0x0000250c                Timebase_DownCounter_SS_Set_Forcefully
                0x000009ac                Timebase_Atomic_Operation_End
                0x00001e3a                Timebase_UpCounter_Expired
                0x000020c0                Timebase_DownCounter_SS_Set_Value
                0x00000a60                Timebase_Timer_Sync_With_Shadow_Variables
                0x00000a04                Timebase_Timer_Get_SecondsShadow
                0x000012d2                Timebase_UpCounter_SS_Set_Forcefully
                0x000009e8                Timebase_Token_Remove_All
                0x00002a7a                Timebase_DownCounter_Get_PeriodValue
                0x00002a4a                Timebase_DownCounter_Set_EndValue
                0x00001b10                Timebase_UpCounter_Clear_Period_Flag
                0x00001fea                Timebase_UpCounter_Period_Value_Expired_Event
                0x00002e44                Timebase_DownCounter_Expired_Event
                0x00000fa8                Timebase_UpCounter_SS_Get_PeriodValue
                0x00001e6e                Timebase_UpCounter_Expired_Event
                0x00002c48                Timebase_DownCounter_Stop
                0x0000198a                Timebase_UpCounter_Get_TargetValue
                0x00001a5e                Timebase_UpCounter_Get_PeriodValue
                0x00002c82                Timebase_DownCounter_Set_Securely
                0x0000235a                Timebase_DownCounter_SS_Stop
                0x00002986                Timebase_DownCounter_Set_Status
                0x000009d2                Timebase_Token_Remove
                0x000009bc                Timebase_Token_Add
                0x0000318a                __vector_16
                0x00000a90                Timebase_Timer_Delay_SubSeconds
                0x00002170                Timebase_DownCounter_SS_Set_EndValueSubSec
                0x00001720                Timebase_UpCounter_SS_Period_Value_Expired
                0x00002c0e                Timebase_DownCounter_Start
                0x000017ec                Timebase_UpCounter_Get_Status
                0x000019b8                Timebase_UpCounter_Set_TargetValue
                0x0000100e                Timebase_UpCounter_SS_Get_Period_Flag
                0x00000f64                Timebase_UpCounter_SS_Set_TemporaryValue
                0x000017dc                Timebase_UpCounter_SS_Update_All
                0x000026f8                Timebase_DownCounter_SS_Expired
 .text          0x000031de        0x0 c:/winavr-20100110/bin/../lib/gcc/avr/4.3.3/avr5\libgcc.a(_mulsi3.o)
 .text          0x000031de        0x0 c:/winavr-20100110/bin/../lib/gcc/avr/4.3.3/avr5\libgcc.a(_udivmodsi4.o)
 .text          0x000031de        0x0 c:/winavr-20100110/bin/../lib/gcc/avr/4.3.3/avr5\libgcc.a(_divmodsi4.o)
 .text          0x000031de        0x0 c:/winavr-20100110/bin/../lib/gcc/avr/4.3.3/avr5\libgcc.a(_exit.o)
 .text          0x000031de        0x0 c:/winavr-20100110/bin/../lib/gcc/avr/4.3.3/avr5\libgcc.a(_copy_data.o)
 .text          0x000031de        0x0 c:/winavr-20100110/bin/../lib/gcc/avr/4.3.3/avr5\libgcc.a(_clear_bss.o)
                0x000031de                . = ALIGN (0x2)
 *(.text.*)
 .text.libgcc   0x000031de       0x3e c:/winavr-20100110/bin/../lib/gcc/avr/4.3.3/avr5\libgcc.a(_mulsi3.o)
                0x000031de                __mulsi3
 .text.libgcc   0x0000321c       0x44 c:/winavr-20100110/bin/../lib/gcc/avr/4.3.3/avr5\libgcc.a(_udivmodsi4.o)
                0x0000321c                __udivmodsi4
 .text.libgcc   0x00003260       0x36 c:/winavr-20100110/bin/../lib/gcc/avr/4.3.3/avr5\libgcc.a(_divmodsi4.o)
                0x00003260                __divmodsi4
 .text.libgcc   0x00003296        0x0 c:/winavr-20100110/bin/../lib/gcc/avr/4.3.3/avr5\libgcc.a(_exit.o)
 .text.libgcc   0x00003296        0x0 c:/winavr-20100110/bin/../lib/gcc/avr/4.3.3/avr5\libgcc.a(_copy_data.o)
 .text.libgcc   0x00003296        0x0 c:/winavr-20100110/bin/../lib/gcc/avr/4.3.3/avr5\libgcc.a(_clear_bss.o)
                0x00003296                . = ALIGN (0x2)
 *(.fini9)
 .fini9         0x00003296        0x0 c:/winavr-20100110/bin/../lib/gcc/avr/4.3.3/avr5\libgcc.a(_exit.o)
                0x00003296                exit
                0x00003296                _exit
 *(.fini9)
 *(.fini8)
 *(.fini8)
 *(.fini7)
 *(.fini7)
 *(.fini6)
 *(.fini6)
 *(.fini5)
 *(.fini5)
 *(.fini4)
 *(.fini4)
 *(.fini3)
 *(.fini3)
 *(.fini2)
 *(.fini2)
 *(.fini1)
 *(.fini1)
 *(.fini0)
 .fini0         0x00003296        0x4 c:/winavr-20100110/bin/../lib/gcc/avr/4.3.3/avr5\libgcc.a(_exit.o)
 *(.fini0)
                0x0000329a                _etext = .

.data           0x00800100       0x14 load address 0x0000329a
                0x00800100                PROVIDE (__data_start, .)
 *(.data)
 .data          0x00800100        0x0 c:/winavr-20100110/bin/../lib/gcc/avr/4.3.3/../../../../avr/lib/avr5/crtm328p.o
 .data          0x00800100        0x5 main.o
 .data          0x00800105        0x5 uart.o
 .data          0x0080010a        0xa timebase.o
 .data          0x00800114        0x0 c:/winavr-20100110/bin/../lib/gcc/avr/4.3.3/avr5\libgcc.a(_mulsi3.o)
 .data          0x00800114        0x0 c:/winavr-20100110/bin/../lib/gcc/avr/4.3.3/avr5\libgcc.a(_udivmodsi4.o)
 .data          0x00800114        0x0 c:/winavr-20100110/bin/../lib/gcc/avr/4.3.3/avr5\libgcc.a(_divmodsi4.o)
 .data          0x00800114        0x0 c:/winavr-20100110/bin/../lib/gcc/avr/4.3.3/avr5\libgcc.a(_exit.o)
 .data          0x00800114        0x0 c:/winavr-20100110/bin/../lib/gcc/avr/4.3.3/avr5\libgcc.a(_copy_data.o)
 .data          0x00800114        0x0 c:/winavr-20100110/bin/../lib/gcc/avr/4.3.3/avr5\libgcc.a(_clear_bss.o)
 *(.data*)
 *(.rodata)
 *(.rodata*)
 *(.gnu.linkonce.d*)
                0x00800114                . = ALIGN (0x2)
                0x00800114                _edata = .
                0x00800114                PROVIDE (__data_end, .)

.bss            0x00800114       0x9d
                0x00800114                PROVIDE (__bss_start, .)
 *(.bss)
 .bss           0x00800114        0x0 c:/winavr-20100110/bin/../lib/gcc/avr/4.3.3/../../../../avr/lib/avr5/crtm328p.o
 .bss           0x00800114        0x0 main.o
 .bss           0x00800114       0x2f uart.o
 .bss           0x00800143        0x0 timebase.o
 .bss           0x00800143        0x0 c:/winavr-20100110/bin/../lib/gcc/avr/4.3.3/avr5\libgcc.a(_mulsi3.o)
 .bss           0x00800143        0x0 c:/winavr-20100110/bin/../lib/gcc/avr/4.3.3/avr5\libgcc.a(_udivmodsi4.o)
 .bss           0x00800143        0x0 c:/winavr-20100110/bin/../lib/gcc/avr/4.3.3/avr5\libgcc.a(_divmodsi4.o)
 .bss           0x00800143        0x0 c:/winavr-20100110/bin/../lib/gcc/avr/4.3.3/avr5\libgcc.a(_exit.o)
 .bss           0x00800143        0x0 c:/winavr-20100110/bin/../lib/gcc/avr/4.3.3/avr5\libgcc.a(_copy_data.o)
 .bss           0x00800143        0x0 c:/winavr-20100110/bin/../lib/gcc/avr/4.3.3/avr5\libgcc.a(_clear_bss.o)
 *(.bss*)
 *(COMMON)
 COMMON         0x00800143       0x6e timebase.o
                0x00800143                Timebase
                0x00800145                Timebase_type
                0x008001b1                PROVIDE (__bss_end, .)
                0x0000329a                __data_load_start = LOADADDR (.data)
                0x000032ae                __data_load_end = (__data_load_start + SIZEOF (.data))

.noinit         0x008001b1        0x0
                0x008001b1                PROVIDE (__noinit_start, .)
 *(.noinit*)
                0x008001b1                PROVIDE (__noinit_end, .)
                0x008001b1                _end = .
                0x008001b1                PROVIDE (__heap_start, .)

.eeprom         0x00810000        0x0
 *(.eeprom*)
                0x00810000                __eeprom_end = .

.fuse
 *(.fuse)
 *(.lfuse)
 *(.hfuse)
 *(.efuse)

.lock
 *(.lock*)

.signature
 *(.signature*)

.stab
 *(.stab)

.stabstr
 *(.stabstr)

.stab.excl
 *(.stab.excl)

.stab.exclstr
 *(.stab.exclstr)

.stab.index
 *(.stab.index)

.stab.indexstr
 *(.stab.indexstr)

.comment
 *(.comment)

.debug
 *(.debug)

.line
 *(.line)

.debug_srcinfo
 *(.debug_srcinfo)

.debug_sfnames
 *(.debug_sfnames)

.debug_aranges  0x00000000       0x60
 *(.debug_aranges)
 .debug_aranges
                0x00000000       0x20 main.o
 .debug_aranges
                0x00000020       0x20 uart.o
 .debug_aranges
                0x00000040       0x20 timebase.o

.debug_pubnames
                0x00000000     0x18aa
 *(.debug_pubnames)
 .debug_pubnames
                0x00000000       0x1b main.o
 .debug_pubnames
                0x0000001b      0x298 uart.o
 .debug_pubnames
                0x000002b3     0x15f7 timebase.o

.debug_info     0x00000000     0x4896
 *(.debug_info)
 .debug_info    0x00000000      0x119 main.o
 .debug_info    0x00000119      0x68c uart.o
 .debug_info    0x000007a5     0x40f1 timebase.o
 *(.gnu.linkonce.wi.*)

.debug_abbrev   0x00000000      0x5bb
 *(.debug_abbrev)
 .debug_abbrev  0x00000000       0xb6 main.o
 .debug_abbrev  0x000000b6      0x249 uart.o
 .debug_abbrev  0x000002ff      0x2bc timebase.o

.debug_line     0x00000000     0x236d
 *(.debug_line)
 .debug_line    0x00000000      0x1a2 main.o
 .debug_line    0x000001a2      0x5bb uart.o
 .debug_line    0x0000075d     0x1c10 timebase.o

.debug_frame    0x00000000      0xae0
 *(.debug_frame)
 .debug_frame   0x00000000       0x20 main.o
 .debug_frame   0x00000020      0x1a0 uart.o
 .debug_frame   0x000001c0      0x920 timebase.o

.debug_str      0x00000000     0x1aad
 *(.debug_str)
 .debug_str     0x00000000       0xc6 main.o
                                 0xfa (size before relaxing)
 .debug_str     0x000000c6      0x2c8 uart.o
                                0x39d (size before relaxing)
 .debug_str     0x0000038e     0x171f timebase.o
                               0x1866 (size before relaxing)

.debug_loc      0x00000000     0x1c18
 *(.debug_loc)
 .debug_loc     0x00000000       0x30 main.o
 .debug_loc     0x00000030      0x40c uart.o
 .debug_loc     0x0000043c     0x17dc timebase.o

.debug_macinfo
 *(.debug_macinfo)
OUTPUT(main.elf elf32-avr)
LOAD linker stubs

.debug_ranges   0x00000000       0x48
 .debug_ranges  0x00000000       0x48 uart.o

Cross Reference Table

Symbol                                            File
Timebase                                          timebase.o
Timebase_Atomic_Operation_End                     timebase.o
Timebase_Atomic_Operation_Start                   timebase.o
Timebase_DownCounter_Clear_All_Flags              timebase.o
Timebase_DownCounter_Clear_Period_Flag            timebase.o
Timebase_DownCounter_Expired                      timebase.o
Timebase_DownCounter_Expired_Event                timebase.o
Timebase_DownCounter_Get_EndValue                 timebase.o
Timebase_DownCounter_Get_PeriodValue              timebase.o
Timebase_DownCounter_Get_Period_Flag              timebase.o
Timebase_DownCounter_Get_Remaining_Period_Value   timebase.o
Timebase_DownCounter_Get_Status                   timebase.o
Timebase_DownCounter_Get_Value                    timebase.o
                                                  main.o
Timebase_DownCounter_Period_Value_Expired         timebase.o
Timebase_DownCounter_Period_Value_Expired_Event   timebase.o
Timebase_DownCounter_Reset                        timebase.o
Timebase_DownCounter_Reset_All                    timebase.o
Timebase_DownCounter_SS_Clear_All_Flags           timebase.o
Timebase_DownCounter_SS_Clear_Period_Flag         timebase.o
Timebase_DownCounter_SS_Expired                   timebase.o
Timebase_DownCounter_SS_Expired_Event             timebase.o
Timebase_DownCounter_SS_Get_EndValueSec           timebase.o
Timebase_DownCounter_SS_Get_EndValueSubSec        timebase.o
Timebase_DownCounter_SS_Get_PeriodValue           timebase.o
Timebase_DownCounter_SS_Get_Period_Flag           timebase.o
Timebase_DownCounter_SS_Get_Remaining_Period_Value timebase.o
Timebase_DownCounter_SS_Get_Status                timebase.o
Timebase_DownCounter_SS_Get_Value                 timebase.o
                                                  main.o
Timebase_DownCounter_SS_Period_Value_Expired      timebase.o
Timebase_DownCounter_SS_Period_Value_Expired_Event timebase.o
Timebase_DownCounter_SS_Reset                     timebase.o
Timebase_DownCounter_SS_Reset_All                 timebase.o
Timebase_DownCounter_SS_Set_EndValueSec           timebase.o
Timebase_DownCounter_SS_Set_EndValueSubSec        timebase.o
Timebase_DownCounter_SS_Set_Forcefully            timebase.o
Timebase_DownCounter_SS_Set_PeriodValue           timebase.o
Timebase_DownCounter_SS_Set_Period_Flag           timebase.o
Timebase_DownCounter_SS_Set_Period_Value_Securely timebase.o
Timebase_DownCounter_SS_Set_Securely              timebase.o
                                                  main.o
Timebase_DownCounter_SS_Set_Status                timebase.o
Timebase_DownCounter_SS_Set_Value                 timebase.o
Timebase_DownCounter_SS_Start                     timebase.o
Timebase_DownCounter_SS_Stop                      timebase.o
Timebase_DownCounter_SS_Update                    timebase.o
Timebase_DownCounter_SS_Update_All                timebase.o
Timebase_DownCounter_Set_EndValue                 timebase.o
Timebase_DownCounter_Set_Forcefully               timebase.o
Timebase_DownCounter_Set_PeriodValue              timebase.o
Timebase_DownCounter_Set_Period_Flag              timebase.o
Timebase_DownCounter_Set_Period_Value_Securely    timebase.o
Timebase_DownCounter_Set_Securely                 timebase.o
                                                  main.o
Timebase_DownCounter_Set_Status                   timebase.o
Timebase_DownCounter_Set_Value                    timebase.o
Timebase_DownCounter_Start                        timebase.o
Timebase_DownCounter_Stop                         timebase.o
Timebase_DownCounter_Update                       timebase.o
Timebase_DownCounter_Update_All                   timebase.o
Timebase_ISR_Executables                          timebase.o
Timebase_Init                                     timebase.o
                                                  main.o
Timebase_Main_Loop_Executables                    timebase.o
                                                  main.o
Timebase_Reset                                    timebase.o
Timebase_Struct_Init                              timebase.o
Timebase_Timer_Await_SubSeconds                   timebase.o
                                                  main.o
Timebase_Timer_Config                             timebase.o
Timebase_Timer_Delay_Seconds                      timebase.o
Timebase_Timer_Delay_SubSeconds                   timebase.o
Timebase_Timer_Get_Seconds                        timebase.o
Timebase_Timer_Get_SecondsShadow                  timebase.o
Timebase_Timer_Get_SubSeconds                     timebase.o
Timebase_Timer_Get_SubSecondsShadow               timebase.o
Timebase_Timer_Set_Seconds                        timebase.o
Timebase_Timer_Set_SubSeconds                     timebase.o
Timebase_Timer_Sync_With_Shadow_Variables         timebase.o
Timebase_Token_Add                                timebase.o
Timebase_Token_Executing                          timebase.o
Timebase_Token_Remove                             timebase.o
Timebase_Token_Remove_All                         timebase.o
Timebase_UpCounter_Clear_All_Flags                timebase.o
Timebase_UpCounter_Clear_Period_Flag              timebase.o
Timebase_UpCounter_Expired                        timebase.o
Timebase_UpCounter_Expired_Event                  timebase.o
Timebase_UpCounter_Get_EndValueSec                timebase.o
Timebase_UpCounter_Get_EndValueSubSec             timebase.o
Timebase_UpCounter_Get_PeriodValue                timebase.o
Timebase_UpCounter_Get_Period_Flag                timebase.o
Timebase_UpCounter_Get_Remaining_Period_Value     timebase.o
Timebase_UpCounter_Get_Status                     timebase.o
Timebase_UpCounter_Get_TargetValue                timebase.o
Timebase_UpCounter_Get_TemporaryValue             timebase.o
Timebase_UpCounter_Get_Value                      timebase.o
                                                  main.o
Timebase_UpCounter_Period_Value_Expired           timebase.o
Timebase_UpCounter_Period_Value_Expired_Event     timebase.o
Timebase_UpCounter_Reset                          timebase.o
Timebase_UpCounter_Reset_All                      timebase.o
Timebase_UpCounter_SS_Clear_All_Flags             timebase.o
Timebase_UpCounter_SS_Clear_Period_Flag           timebase.o
Timebase_UpCounter_SS_Expired                     timebase.o
Timebase_UpCounter_SS_Expired_Event               timebase.o
Timebase_UpCounter_SS_Get_EndValueSec             timebase.o
Timebase_UpCounter_SS_Get_EndValueSubSec          timebase.o
Timebase_UpCounter_SS_Get_PeriodValue             timebase.o
Timebase_UpCounter_SS_Get_Period_Flag             timebase.o
Timebase_UpCounter_SS_Get_Remaining_Period_Value  timebase.o
Timebase_UpCounter_SS_Get_Status                  timebase.o
Timebase_UpCounter_SS_Get_TargetValue             timebase.o
Timebase_UpCounter_SS_Get_TemporaryValue          timebase.o
Timebase_UpCounter_SS_Get_Value                   timebase.o
                                                  main.o
Timebase_UpCounter_SS_Period_Value_Expired        timebase.o
Timebase_UpCounter_SS_Period_Value_Expired_Event  timebase.o
Timebase_UpCounter_SS_Reset                       timebase.o
Timebase_UpCounter_SS_Reset_All                   timebase.o
Timebase_UpCounter_SS_Set_EndValueSec             timebase.o
Timebase_UpCounter_SS_Set_EndValueSubSec          timebase.o
Timebase_UpCounter_SS_Set_Forcefully              timebase.o
Timebase_UpCounter_SS_Set_PeriodValue             timebase.o
Timebase_UpCounter_SS_Set_Period_Flag             timebase.o
Timebase_UpCounter_SS_Set_Period_Value_Securely   timebase.o
Timebase_UpCounter_SS_Set_Securely                timebase.o
                                                  main.o
Timebase_UpCounter_SS_Set_Status                  timebase.o
Timebase_UpCounter_SS_Set_TargetValue             timebase.o
Timebase_UpCounter_SS_Set_TemporaryValue          timebase.o
Timebase_UpCounter_SS_Set_Value                   timebase.o
Timebase_UpCounter_SS_Start                       timebase.o
Timebase_UpCounter_SS_Stop                        timebase.o
Timebase_UpCounter_SS_Update                      timebase.o
Timebase_UpCounter_SS_Update_All                  timebase.o
Timebase_UpCounter_Set_EndValueSec                timebase.o
Timebase_UpCounter_Set_EndValueSubSec             timebase.o
Timebase_UpCounter_Set_Forcefully                 timebase.o
Timebase_UpCounter_Set_PeriodValue                timebase.o
Timebase_UpCounter_Set_Period_Flag                timebase.o
Timebase_UpCounter_Set_Period_Value_Securely      timebase.o
Timebase_UpCounter_Set_Securely                   timebase.o
                                                  main.o
Timebase_UpCounter_Set_Status                     timebase.o
Timebase_UpCounter_Set_TargetValue                timebase.o
Timebase_UpCounter_Set_TemporaryValue             timebase.o
Timebase_UpCounter_Set_Value                      timebase.o
Timebase_UpCounter_Start                          timebase.o
Timebase_UpCounter_Stop                           timebase.o
Timebase_UpCounter_Update                         timebase.o
Timebase_UpCounter_Update_All                     timebase.o
Timebase_Window_Timer_Get_Interval                timebase.o
Timebase_Window_Timer_Get_Interval_Reset          timebase.o
Timebase_Window_Timer_Reset                       timebase.o
Timebase_Window_Timer_Start                       timebase.o
Timebase_type                                     timebase.o
UART_Config_BAUD_Rate                             uart.o
UART_Config_Clock                                 uart.o
UART_Config_GPIO                                  uart.o
UART_Config_Receiver                              uart.o
UART_Config_Receiver_Interrupt                    uart.o
UART_Config_Transmitter                           uart.o
UART_Current_Buffer_Index                         uart.o
UART_Determine_Digit_Numbers                      uart.o
UART_Flush_Buffer                                 uart.o
UART_Init                                         uart.o
                                                  main.o
UART_Interrupt_Service_Routine                    uart.o
UART_Last_Received_Byte                           uart.o
UART_Read_From_Buffer                             uart.o
UART_Receive_Byte                                 uart.o
UART_Reset_Last_Received_Byte                     uart.o
UART_Struct_Init                                  uart.o
UART_Transmit_Byte                                uart.o
UART_Transmit_Byte_Bin                            uart.o
UART_Transmit_Byte_Hex                            uart.o
UART_Transmit_New_Line                            uart.o
UART_Transmit_Number                              uart.o
                                                  main.o
UART_Transmit_Number_Digits                       uart.o
UART_Transmit_Space                               uart.o
UART_Transmit_Text                                uart.o
                                                  main.o
__bad_interrupt                                   c:/winavr-20100110/bin/../lib/gcc/avr/4.3.3/../../../../avr/lib/avr5/crtm328p.o
__bss_end                                         c:/winavr-20100110/bin/../lib/gcc/avr/4.3.3/avr5\libgcc.a(_clear_bss.o)
__bss_start                                       c:/winavr-20100110/bin/../lib/gcc/avr/4.3.3/avr5\libgcc.a(_clear_bss.o)
__data_end                                        c:/winavr-20100110/bin/../lib/gcc/avr/4.3.3/avr5\libgcc.a(_copy_data.o)
__data_load_start                                 c:/winavr-20100110/bin/../lib/gcc/avr/4.3.3/avr5\libgcc.a(_copy_data.o)
__data_start                                      c:/winavr-20100110/bin/../lib/gcc/avr/4.3.3/avr5\libgcc.a(_copy_data.o)
__divmodsi4                                       c:/winavr-20100110/bin/../lib/gcc/avr/4.3.3/avr5\libgcc.a(_divmodsi4.o)
                                                  timebase.o
__do_clear_bss                                    c:/winavr-20100110/bin/../lib/gcc/avr/4.3.3/avr5\libgcc.a(_clear_bss.o)
                                                  timebase.o
                                                  uart.o
__do_copy_data                                    c:/winavr-20100110/bin/../lib/gcc/avr/4.3.3/avr5\libgcc.a(_copy_data.o)
                                                  timebase.o
                                                  uart.o
                                                  main.o
__heap_end                                        c:/winavr-20100110/bin/../lib/gcc/avr/4.3.3/../../../../avr/lib/avr5/crtm328p.o
__init                                            c:/winavr-20100110/bin/../lib/gcc/avr/4.3.3/../../../../avr/lib/avr5/crtm328p.o
__mulsi3                                          c:/winavr-20100110/bin/../lib/gcc/avr/4.3.3/avr5\libgcc.a(_mulsi3.o)
                                                  timebase.o
__stack                                           c:/winavr-20100110/bin/../lib/gcc/avr/4.3.3/../../../../avr/lib/avr5/crtm328p.o
__udivmodsi4                                      c:/winavr-20100110/bin/../lib/gcc/avr/4.3.3/avr5\libgcc.a(_udivmodsi4.o)
                                                  c:/winavr-20100110/bin/../lib/gcc/avr/4.3.3/avr5\libgcc.a(_divmodsi4.o)
                                                  uart.o
__vector_1                                        c:/winavr-20100110/bin/../lib/gcc/avr/4.3.3/../../../../avr/lib/avr5/crtm328p.o
__vector_10                                       c:/winavr-20100110/bin/../lib/gcc/avr/4.3.3/../../../../avr/lib/avr5/crtm328p.o
__vector_11                                       c:/winavr-20100110/bin/../lib/gcc/avr/4.3.3/../../../../avr/lib/avr5/crtm328p.o
__vector_12                                       c:/winavr-20100110/bin/../lib/gcc/avr/4.3.3/../../../../avr/lib/avr5/crtm328p.o
__vector_13                                       c:/winavr-20100110/bin/../lib/gcc/avr/4.3.3/../../../../avr/lib/avr5/crtm328p.o
__vector_14                                       c:/winavr-20100110/bin/../lib/gcc/avr/4.3.3/../../../../avr/lib/avr5/crtm328p.o
__vector_15                                       c:/winavr-20100110/bin/../lib/gcc/avr/4.3.3/../../../../avr/lib/avr5/crtm328p.o
__vector_16                                       timebase.o
                                                  c:/winavr-20100110/bin/../lib/gcc/avr/4.3.3/../../../../avr/lib/avr5/crtm328p.o
__vector_17                                       c:/winavr-20100110/bin/../lib/gcc/avr/4.3.3/../../../../avr/lib/avr5/crtm328p.o
__vector_18                                       uart.o
                                                  c:/winavr-20100110/bin/../lib/gcc/avr/4.3.3/../../../../avr/lib/avr5/crtm328p.o
__vector_19                                       c:/winavr-20100110/bin/../lib/gcc/avr/4.3.3/../../../../avr/lib/avr5/crtm328p.o
__vector_2                                        c:/winavr-20100110/bin/../lib/gcc/avr/4.3.3/../../../../avr/lib/avr5/crtm328p.o
__vector_20                                       c:/winavr-20100110/bin/../lib/gcc/avr/4.3.3/../../../../avr/lib/avr5/crtm328p.o
__vector_21                                       c:/winavr-20100110/bin/../lib/gcc/avr/4.3.3/../../../../avr/lib/avr5/crtm328p.o
__vector_22                                       c:/winavr-20100110/bin/../lib/gcc/avr/4.3.3/../../../../avr/lib/avr5/crtm328p.o
__vector_23                                       c:/winavr-20100110/bin/../lib/gcc/avr/4.3.3/../../../../avr/lib/avr5/crtm328p.o
__vector_24                                       c:/winavr-20100110/bin/../lib/gcc/avr/4.3.3/../../../../avr/lib/avr5/crtm328p.o
__vector_25                                       c:/winavr-20100110/bin/../lib/gcc/avr/4.3.3/../../../../avr/lib/avr5/crtm328p.o
__vector_3                                        c:/winavr-20100110/bin/../lib/gcc/avr/4.3.3/../../../../avr/lib/avr5/crtm328p.o
__vector_4                                        c:/winavr-20100110/bin/../lib/gcc/avr/4.3.3/../../../../avr/lib/avr5/crtm328p.o
__vector_5                                        c:/winavr-20100110/bin/../lib/gcc/avr/4.3.3/../../../../avr/lib/avr5/crtm328p.o
__vector_6                                        c:/winavr-20100110/bin/../lib/gcc/avr/4.3.3/../../../../avr/lib/avr5/crtm328p.o
__vector_7                                        c:/winavr-20100110/bin/../lib/gcc/avr/4.3.3/../../../../avr/lib/avr5/crtm328p.o
__vector_8                                        c:/winavr-20100110/bin/../lib/gcc/avr/4.3.3/../../../../avr/lib/avr5/crtm328p.o
__vector_9                                        c:/winavr-20100110/bin/../lib/gcc/avr/4.3.3/../../../../avr/lib/avr5/crtm328p.o
__vector_default                                  c:/winavr-20100110/bin/../lib/gcc/avr/4.3.3/../../../../avr/lib/avr5/crtm328p.o
__vectors                                         c:/winavr-20100110/bin/../lib/gcc/avr/4.3.3/../../../../avr/lib/avr5/crtm328p.o
_exit                                             c:/winavr-20100110/bin/../lib/gcc/avr/4.3.3/avr5\libgcc.a(_exit.o)
exit                                              c:/winavr-20100110/bin/../lib/gcc/avr/4.3.3/avr5\libgcc.a(_exit.o)
                                                  c:/winavr-20100110/bin/../lib/gcc/avr/4.3.3/../../../../avr/lib/avr5/crtm328p.o
main                                              main.o
                                                  c:/winavr-20100110/bin/../lib/gcc/avr/4.3.3/../../../../avr/lib/avr5/crtm328p.o
