Archive member included because of file (symbol)

c:/winavr-20100110/bin/../lib/gcc/avr/4.3.3/avr5\libgcc.a(_mulsi3.o)
                              timebase.o (__mulsi3)
c:/winavr-20100110/bin/../lib/gcc/avr/4.3.3/avr5\libgcc.a(_udivmodhi4.o)
                              timebase.o (__udivmodhi4)
c:/winavr-20100110/bin/../lib/gcc/avr/4.3.3/avr5\libgcc.a(_udivmodsi4.o)
                              uart.o (__udivmodsi4)
c:/winavr-20100110/bin/../lib/gcc/avr/4.3.3/avr5\libgcc.a(_divmodsi4.o)
                              timebase.o (__divmodsi4)
c:/winavr-20100110/bin/../lib/gcc/avr/4.3.3/avr5\libgcc.a(_exit.o)
                              c:/winavr-20100110/bin/../lib/gcc/avr/4.3.3/../../../../avr/lib/avr5/crtm328p.o (exit)
c:/winavr-20100110/bin/../lib/gcc/avr/4.3.3/avr5\libgcc.a(_copy_data.o)
                              main.o (__do_copy_data)
c:/winavr-20100110/bin/../lib/gcc/avr/4.3.3/avr5\libgcc.a(_clear_bss.o)
                              uart.o (__do_clear_bss)

Allocating common symbols
Common symbol       size              file

Timebase            0x2               timebase.o
Timebase_type       0x65              timebase.o

Memory Configuration

Name             Origin             Length             Attributes
text             0x00000000         0x00020000         xr
data             0x00800060         0x0000ffa0         rw !x
eeprom           0x00810000         0x00010000         rw !x
fuse             0x00820000         0x00000400         rw !x
lock             0x00830000         0x00000400         rw !x
signature        0x00840000         0x00000400         rw !x
*default*        0x00000000         0xffffffff

Linker script and memory map

Address of section .data set to 0x800100
LOAD c:/winavr-20100110/bin/../lib/gcc/avr/4.3.3/../../../../avr/lib/avr5/crtm328p.o
LOAD main.o
LOAD uart.o
LOAD timebase.o
LOAD c:/winavr-20100110/bin/../lib/gcc/avr/4.3.3/../../../../avr/lib/avr5\libm.a
LOAD c:/winavr-20100110/bin/../lib/gcc/avr/4.3.3/avr5\libgcc.a
LOAD c:/winavr-20100110/bin/../lib/gcc/avr/4.3.3/../../../../avr/lib/avr5\libc.a
LOAD c:/winavr-20100110/bin/../lib/gcc/avr/4.3.3/avr5\libgcc.a

.hash
 *(.hash)

.dynsym
 *(.dynsym)

.dynstr
 *(.dynstr)

.gnu.version
 *(.gnu.version)

.gnu.version_d
 *(.gnu.version_d)

.gnu.version_r
 *(.gnu.version_r)

.rel.init
 *(.rel.init)

.rela.init
 *(.rela.init)

.rel.text
 *(.rel.text)
 *(.rel.text.*)
 *(.rel.gnu.linkonce.t*)

.rela.text
 *(.rela.text)
 *(.rela.text.*)
 *(.rela.gnu.linkonce.t*)

.rel.fini
 *(.rel.fini)

.rela.fini
 *(.rela.fini)

.rel.rodata
 *(.rel.rodata)
 *(.rel.rodata.*)
 *(.rel.gnu.linkonce.r*)

.rela.rodata
 *(.rela.rodata)
 *(.rela.rodata.*)
 *(.rela.gnu.linkonce.r*)

.rel.data
 *(.rel.data)
 *(.rel.data.*)
 *(.rel.gnu.linkonce.d*)

.rela.data
 *(.rela.data)
 *(.rela.data.*)
 *(.rela.gnu.linkonce.d*)

.rel.ctors
 *(.rel.ctors)

.rela.ctors
 *(.rela.ctors)

.rel.dtors
 *(.rel.dtors)

.rela.dtors
 *(.rela.dtors)

.rel.got
 *(.rel.got)

.rela.got
 *(.rela.got)

.rel.bss
 *(.rel.bss)

.rela.bss
 *(.rela.bss)

.rel.plt
 *(.rel.plt)

.rela.plt
 *(.rela.plt)

.text           0x00000000     0x3050
 *(.vectors)
 .vectors       0x00000000       0x68 c:/winavr-20100110/bin/../lib/gcc/avr/4.3.3/../../../../avr/lib/avr5/crtm328p.o
                0x00000000                __vectors
                0x00000000                __vector_default
 *(.vectors)
 *(.progmem.gcc*)
 *(.progmem*)
                0x00000068                . = ALIGN (0x2)
                0x00000068                __trampolines_start = .
 *(.trampolines)
 .trampolines   0x00000068        0x0 linker stubs
 *(.trampolines*)
                0x00000068                __trampolines_end = .
 *(.jumptables)
 *(.jumptables*)
 *(.lowtext)
 *(.lowtext*)
                0x00000068                __ctors_start = .
 *(.ctors)
                0x00000068                __ctors_end = .
                0x00000068                __dtors_start = .
 *(.dtors)
                0x00000068                __dtors_end = .
 SORT(*)(.ctors)
 SORT(*)(.dtors)
 *(.init0)
 .init0         0x00000068        0x0 c:/winavr-20100110/bin/../lib/gcc/avr/4.3.3/../../../../avr/lib/avr5/crtm328p.o
                0x00000068                __init
 *(.init0)
 *(.init1)
 *(.init1)
 *(.init2)
 .init2         0x00000068        0xc c:/winavr-20100110/bin/../lib/gcc/avr/4.3.3/../../../../avr/lib/avr5/crtm328p.o
 *(.init2)
 *(.init3)
 *(.init3)
 *(.init4)
 .init4         0x00000074       0x16 c:/winavr-20100110/bin/../lib/gcc/avr/4.3.3/avr5\libgcc.a(_copy_data.o)
                0x00000074                __do_copy_data
 .init4         0x0000008a       0x10 c:/winavr-20100110/bin/../lib/gcc/avr/4.3.3/avr5\libgcc.a(_clear_bss.o)
                0x0000008a                __do_clear_bss
 *(.init4)
 *(.init5)
 *(.init5)
 *(.init6)
 *(.init6)
 *(.init7)
 *(.init7)
 *(.init8)
 *(.init8)
 *(.init9)
 .init9         0x0000009a        0x8 c:/winavr-20100110/bin/../lib/gcc/avr/4.3.3/../../../../avr/lib/avr5/crtm328p.o
 *(.init9)
 *(.text)
 .text          0x000000a2        0x4 c:/winavr-20100110/bin/../lib/gcc/avr/4.3.3/../../../../avr/lib/avr5/crtm328p.o
                0x000000a2                __vector_22
                0x000000a2                __vector_1
                0x000000a2                __vector_24
                0x000000a2                __vector_12
                0x000000a2                __bad_interrupt
                0x000000a2                __vector_6
                0x000000a2                __vector_3
                0x000000a2                __vector_23
                0x000000a2                __vector_25
                0x000000a2                __vector_11
                0x000000a2                __vector_13
                0x000000a2                __vector_17
                0x000000a2                __vector_19
                0x000000a2                __vector_7
                0x000000a2                __vector_5
                0x000000a2                __vector_4
                0x000000a2                __vector_9
                0x000000a2                __vector_2
                0x000000a2                __vector_21
                0x000000a2                __vector_15
                0x000000a2                __vector_8
                0x000000a2                __vector_14
                0x000000a2                __vector_10
                0x000000a2                __vector_20
 .text          0x000000a6       0x84 main.o
                0x000000a6                main
 .text          0x0000012a      0x4ce uart.o
                0x00000234                UART_Reset_Last_Received_Byte
                0x000004bc                UART_Read_From_Buffer
                0x000003ce                UART_Transmit_New_Line
                0x0000048a                UART_Transmit_Number
                0x0000022e                UART_Last_Received_Byte
                0x000005b0                UART_Init
                0x000004d2                UART_Flush_Buffer
                0x000001e6                UART_Receive_Byte
                0x000001d6                UART_Transmit_Byte
                0x0000016e                UART_Config_Clock
                0x0000016c                UART_Config_GPIO
                0x000001c8                UART_Config_Receiver_Interrupt
                0x000002ec                UART_Transmit_Byte_Bin
                0x000003d8                UART_Transmit_Space
                0x000001a4                UART_Config_Transmitter
                0x0000012a                UART_Struct_Init
                0x00000500                UART_Interrupt_Service_Routine
                0x000001b6                UART_Config_Receiver
                0x000003ac                UART_Transmit_Text
                0x00000170                UART_Config_BAUD_Rate
                0x000004c6                UART_Current_Buffer_Index
                0x000003e2                UART_Determine_Digit_Numbers
                0x00000460                UART_Transmit_Number_Digits
                0x00000568                __vector_18
                0x0000023a                UART_Transmit_Byte_Hex
 .text          0x000005f8     0x2974 timebase.o
                0x00001ba8                Timebase_UpCounter_Set_Period_Value_Securely
                0x00002d2e                Timebase_DownCounter_Period_Value_Expired
                0x00001d26                Timebase_UpCounter_Reset_All
                0x0000166a                Timebase_UpCounter_Get_EndValue
                0x00001948                Timebase_UpCounter_Set_Securely
                0x00001562                Timebase_UpCounter_SS_Period_Value_Expired_Event
                0x00001e38                Timebase_DownCounter_SS_Set_EndValueSec
                0x00001028                Timebase_UpCounter_SS_Clear_All_Flags
                0x00001290                Timebase_UpCounter_SS_Update
                0x00001e90                Timebase_DownCounter_SS_Get_PeriodValue
                0x00001d2e                Timebase_DownCounter_SS_Get_Status
                0x000026c6                Timebase_DownCounter_Get_Status
                0x000024f4                Timebase_DownCounter_SS_Set_Period_Value_Securely
                0x00000e3a                Timebase_UpCounter_SS_Set_TargetValue
                0x00002a88                Timebase_DownCounter_Set_Forcefully
                0x00001f62                Timebase_DownCounter_SS_Clear_Period_Flag
                0x00000fb4                Timebase_UpCounter_SS_Reset
                0x00002018                Timebase_DownCounter_SS_Start
                0x00002ec2                Timebase_ISR_Executables
                0x000017fc                Timebase_UpCounter_Get_Period_Flag
                0x00002dfe                Timebase_DownCounter_Update_All
                0x00001d88                Timebase_DownCounter_SS_Get_Value
                0x00000dd4                Timebase_UpCounter_SS_Set_EndValueSubSec
                0x00001824                Timebase_UpCounter_Set_Period_Flag
                0x000013b0                Timebase_UpCounter_SS_Expired
                0x00001e0c                Timebase_DownCounter_SS_Get_EndValueSubSec
                0x00000bc4                Timebase_Window_Timer_Get_Interval
                0x0000249a                Timebase_DownCounter_SS_Expired_Event
                0x00002e2c                Timebase_Reset
                0x00002e3a                Timebase_Init
                0x00001878                Timebase_UpCounter_Reset
                0x00000b88                Timebase_Window_Timer_Start
                0x00000aae                Timebase_Timer_Await_SubSeconds
                0x00000e66                Timebase_UpCounter_SS_Get_TemporaryValue
                0x00001736                Timebase_UpCounter_Get_TemporaryValue
                0x00002696                Timebase_DownCounter_SS_Reset_All
                0x000016a4                Timebase_UpCounter_Set_EndValue
                0x0000163c                Timebase_UpCounter_Set_Value
                0x00001912                Timebase_UpCounter_Stop
                0x00001fd2                Timebase_DownCounter_SS_Clear_All_Flags
                0x0000094c                Timebase_Atomic_Operation_Start
                0x00000c46                Timebase_Window_Timer_Get_Interval_Reset
                0x0000109e                Timebase_UpCounter_SS_Set_Securely
                0x00001770                Timebase_UpCounter_Set_TemporaryValue
                0x00002e06                Timebase_DownCounter_Reset_All
                0x00000998                Timebase_Timer_Get_SubSeconds
                0x00000e00                Timebase_UpCounter_SS_Get_TargetValue
                0x00001496                Timebase_UpCounter_SS_Get_Remaining_Period_Value
                0x00000d08                Timebase_UpCounter_SS_Set_Value
                0x00001c58                Timebase_UpCounter_Period_Value_Expired
                0x00000d6e                Timebase_UpCounter_SS_Get_EndValueSubSec
                0x00001a0e                Timebase_UpCounter_Update
                0x00001d1e                Timebase_UpCounter_Update_All
                0x00000da8                Timebase_UpCounter_SS_Set_EndValueSec
                0x00000f06                Timebase_UpCounter_SS_Set_PeriodValue
                0x0000268e                Timebase_DownCounter_SS_Update_All
                0x000009d8                Timebase_Timer_Set_Seconds
                0x00000cce                Timebase_UpCounter_SS_Get_Value
                0x00002c52                Timebase_DownCounter_Set_Period_Value_Securely
                0x00000f88                Timebase_UpCounter_SS_Clear_Period_Flag
                0x00000f5c                Timebase_UpCounter_SS_Set_Period_Flag
                0x00002dba                Timebase_DownCounter_Period_Value_Expired_Event
                0x00001de0                Timebase_DownCounter_SS_Get_EndValueSec
                0x00002bc6                Timebase_DownCounter_Expired
                0x00001d58                Timebase_DownCounter_SS_Set_Status
                0x000013e6                Timebase_UpCounter_SS_Expired_Event
                0x000018dc                Timebase_UpCounter_Start
                0x0000293c                Timebase_DownCounter_Clear_All_Flags
                0x00001f8c                Timebase_DownCounter_SS_Reset
                0x00002788                Timebase_DownCounter_Get_EndValue
                0x00000c9c                Timebase_UpCounter_SS_Set_Status
                0x00002758                Timebase_DownCounter_Set_Value
                0x00001c02                Timebase_UpCounter_Get_Remaining_Period_Value
                0x00002574                Timebase_DownCounter_SS_Get_Remaining_Period_Value
                0x0000102e                Timebase_UpCounter_SS_Start
                0x00002e54                Timebase_Main_Loop_Executables
                0x00001ebc                Timebase_DownCounter_SS_Set_PeriodValue
                0x00002874                Timebase_DownCounter_Get_Period_Flag
                0x000017cc                Timebase_UpCounter_Set_PeriodValue
                0x00000954                Timebase_Token_Executing
                0x00001f38                Timebase_DownCounter_SS_Set_Period_Flag
                0x00001066                Timebase_UpCounter_SS_Stop
                0x00000b6c                Timebase_Window_Timer_Reset
                0x000015ac                Timebase_UpCounter_SS_Reset_All
                0x00002818                Timebase_DownCounter_Set_PeriodValue
                0x00002084                Timebase_DownCounter_SS_Set_Securely
                0x00002cd6                Timebase_DownCounter_Get_Remaining_Period_Value
                0x000028ce                Timebase_DownCounter_Clear_Period_Flag
                0x000019e4                Timebase_UpCounter_Set_Forcefully
                0x000018d6                Timebase_UpCounter_Clear_All_Flags
                0x000009ac                Timebase_Timer_Get_Seconds
                0x000025c8                Timebase_DownCounter_SS_Period_Value_Expired
                0x00001f10                Timebase_DownCounter_SS_Get_Period_Flag
                0x00000d34                Timebase_UpCounter_SS_Get_EndValueSec
                0x00000c70                Timebase_UpCounter_SS_Get_Status
                0x0000160e                Timebase_UpCounter_Get_Value
                0x000028a0                Timebase_DownCounter_Set_Period_Flag
                0x00002254                Timebase_DownCounter_SS_Update
                0x0000264e                Timebase_DownCounter_SS_Period_Value_Expired_Event
                0x00001424                Timebase_UpCounter_SS_Set_Period_Value_Securely
                0x00002728                Timebase_DownCounter_Get_Value
                0x000005f8                Timebase_Struct_Init
                0x00000b2a                Timebase_Timer_Delay_Seconds
                0x000007b2                Timebase_Timer_Config
                0x000015de                Timebase_UpCounter_Set_Status
                0x000009c6                Timebase_Timer_Set_SubSeconds
                0x00002ad6                Timebase_DownCounter_Update
                0x000028fc                Timebase_DownCounter_Reset
                0x00002208                Timebase_DownCounter_SS_Set_Forcefully
                0x00000950                Timebase_Atomic_Operation_End
                0x00001b36                Timebase_UpCounter_Expired
                0x00001db4                Timebase_DownCounter_SS_Set_Value
                0x00001266                Timebase_UpCounter_SS_Set_Forcefully
                0x0000098c                Timebase_Token_Remove_All
                0x000027e8                Timebase_DownCounter_Get_PeriodValue
                0x000027b8                Timebase_DownCounter_Set_EndValue
                0x0000184e                Timebase_UpCounter_Clear_Period_Flag
                0x00001cde                Timebase_UpCounter_Period_Value_Expired_Event
                0x00002bfe                Timebase_DownCounter_Expired_Event
                0x00000ecc                Timebase_UpCounter_SS_Get_PeriodValue
                0x00001b6a                Timebase_UpCounter_Expired_Event
                0x000029b6                Timebase_DownCounter_Stop
                0x000016d0                Timebase_UpCounter_Get_TargetValue
                0x0000179c                Timebase_UpCounter_Get_PeriodValue
                0x000029f0                Timebase_DownCounter_Set_Securely
                0x0000204e                Timebase_DownCounter_SS_Stop
                0x000026f4                Timebase_DownCounter_Set_Status
                0x00000976                Timebase_Token_Remove
                0x00000960                Timebase_Token_Add
                0x00002f18                __vector_16
                0x000009ee                Timebase_Timer_Delay_SubSeconds
                0x00001e64                Timebase_DownCounter_SS_Set_EndValueSubSec
                0x000014e2                Timebase_UpCounter_SS_Period_Value_Expired
                0x0000297c                Timebase_DownCounter_Start
                0x000015b4                Timebase_UpCounter_Get_Status
                0x0000170a                Timebase_UpCounter_Set_TargetValue
                0x00000f32                Timebase_UpCounter_SS_Get_Period_Flag
                0x00000ea0                Timebase_UpCounter_SS_Set_TemporaryValue
                0x000015a4                Timebase_UpCounter_SS_Update_All
                0x00002466                Timebase_DownCounter_SS_Expired
 .text          0x00002f6c        0x0 c:/winavr-20100110/bin/../lib/gcc/avr/4.3.3/avr5\libgcc.a(_mulsi3.o)
 .text          0x00002f6c        0x0 c:/winavr-20100110/bin/../lib/gcc/avr/4.3.3/avr5\libgcc.a(_udivmodhi4.o)
 .text          0x00002f6c        0x0 c:/winavr-20100110/bin/../lib/gcc/avr/4.3.3/avr5\libgcc.a(_udivmodsi4.o)
 .text          0x00002f6c        0x0 c:/winavr-20100110/bin/../lib/gcc/avr/4.3.3/avr5\libgcc.a(_divmodsi4.o)
 .text          0x00002f6c        0x0 c:/winavr-20100110/bin/../lib/gcc/avr/4.3.3/avr5\libgcc.a(_exit.o)
 .text          0x00002f6c        0x0 c:/winavr-20100110/bin/../lib/gcc/avr/4.3.3/avr5\libgcc.a(_copy_data.o)
 .text          0x00002f6c        0x0 c:/winavr-20100110/bin/../lib/gcc/avr/4.3.3/avr5\libgcc.a(_clear_bss.o)
                0x00002f6c                . = ALIGN (0x2)
 *(.text.*)
 .text.libgcc   0x00002f6c       0x3e c:/winavr-20100110/bin/../lib/gcc/avr/4.3.3/avr5\libgcc.a(_mulsi3.o)
                0x00002f6c                __mulsi3
 .text.libgcc   0x00002faa       0x28 c:/winavr-20100110/bin/../lib/gcc/avr/4.3.3/avr5\libgcc.a(_udivmodhi4.o)
                0x00002faa                __udivmodhi4
 .text.libgcc   0x00002fd2       0x44 c:/winavr-20100110/bin/../lib/gcc/avr/4.3.3/avr5\libgcc.a(_udivmodsi4.o)
                0x00002fd2                __udivmodsi4
 .text.libgcc   0x00003016       0x36 c:/winavr-20100110/bin/../lib/gcc/avr/4.3.3/avr5\libgcc.a(_divmodsi4.o)
                0x00003016                __divmodsi4
 .text.libgcc   0x0000304c        0x0 c:/winavr-20100110/bin/../lib/gcc/avr/4.3.3/avr5\libgcc.a(_exit.o)
 .text.libgcc   0x0000304c        0x0 c:/winavr-20100110/bin/../lib/gcc/avr/4.3.3/avr5\libgcc.a(_copy_data.o)
 .text.libgcc   0x0000304c        0x0 c:/winavr-20100110/bin/../lib/gcc/avr/4.3.3/avr5\libgcc.a(_clear_bss.o)
                0x0000304c                . = ALIGN (0x2)
 *(.fini9)
 .fini9         0x0000304c        0x0 c:/winavr-20100110/bin/../lib/gcc/avr/4.3.3/avr5\libgcc.a(_exit.o)
                0x0000304c                exit
                0x0000304c                _exit
 *(.fini9)
 *(.fini8)
 *(.fini8)
 *(.fini7)
 *(.fini7)
 *(.fini6)
 *(.fini6)
 *(.fini5)
 *(.fini5)
 *(.fini4)
 *(.fini4)
 *(.fini3)
 *(.fini3)
 *(.fini2)
 *(.fini2)
 *(.fini1)
 *(.fini1)
 *(.fini0)
 .fini0         0x0000304c        0x4 c:/winavr-20100110/bin/../lib/gcc/avr/4.3.3/avr5\libgcc.a(_exit.o)
 *(.fini0)
                0x00003050                _etext = .

.data           0x00800100       0x1a load address 0x00003050
                0x00800100                PROVIDE (__data_start, .)
 *(.data)
 .data          0x00800100        0x0 c:/winavr-20100110/bin/../lib/gcc/avr/4.3.3/../../../../avr/lib/avr5/crtm328p.o
 .data          0x00800100        0xb main.o
 .data          0x0080010b        0x5 uart.o
 .data          0x00800110        0xa timebase.o
 .data          0x0080011a        0x0 c:/winavr-20100110/bin/../lib/gcc/avr/4.3.3/avr5\libgcc.a(_mulsi3.o)
 .data          0x0080011a        0x0 c:/winavr-20100110/bin/../lib/gcc/avr/4.3.3/avr5\libgcc.a(_udivmodhi4.o)
 .data          0x0080011a        0x0 c:/winavr-20100110/bin/../lib/gcc/avr/4.3.3/avr5\libgcc.a(_udivmodsi4.o)
 .data          0x0080011a        0x0 c:/winavr-20100110/bin/../lib/gcc/avr/4.3.3/avr5\libgcc.a(_divmodsi4.o)
 .data          0x0080011a        0x0 c:/winavr-20100110/bin/../lib/gcc/avr/4.3.3/avr5\libgcc.a(_exit.o)
 .data          0x0080011a        0x0 c:/winavr-20100110/bin/../lib/gcc/avr/4.3.3/avr5\libgcc.a(_copy_data.o)
 .data          0x0080011a        0x0 c:/winavr-20100110/bin/../lib/gcc/avr/4.3.3/avr5\libgcc.a(_clear_bss.o)
 *(.data*)
 *(.rodata)
 *(.rodata*)
 *(.gnu.linkonce.d*)
                0x0080011a                . = ALIGN (0x2)
                0x0080011a                _edata = .
                0x0080011a                PROVIDE (__data_end, .)

.bss            0x0080011a       0x96
                0x0080011a                PROVIDE (__bss_start, .)
 *(.bss)
 .bss           0x0080011a        0x0 c:/winavr-20100110/bin/../lib/gcc/avr/4.3.3/../../../../avr/lib/avr5/crtm328p.o
 .bss           0x0080011a        0x0 main.o
 .bss           0x0080011a       0x2f uart.o
 .bss           0x00800149        0x0 timebase.o
 .bss           0x00800149        0x0 c:/winavr-20100110/bin/../lib/gcc/avr/4.3.3/avr5\libgcc.a(_mulsi3.o)
 .bss           0x00800149        0x0 c:/winavr-20100110/bin/../lib/gcc/avr/4.3.3/avr5\libgcc.a(_udivmodhi4.o)
 .bss           0x00800149        0x0 c:/winavr-20100110/bin/../lib/gcc/avr/4.3.3/avr5\libgcc.a(_udivmodsi4.o)
 .bss           0x00800149        0x0 c:/winavr-20100110/bin/../lib/gcc/avr/4.3.3/avr5\libgcc.a(_divmodsi4.o)
 .bss           0x00800149        0x0 c:/winavr-20100110/bin/../lib/gcc/avr/4.3.3/avr5\libgcc.a(_exit.o)
 .bss           0x00800149        0x0 c:/winavr-20100110/bin/../lib/gcc/avr/4.3.3/avr5\libgcc.a(_copy_data.o)
 .bss           0x00800149        0x0 c:/winavr-20100110/bin/../lib/gcc/avr/4.3.3/avr5\libgcc.a(_clear_bss.o)
 *(.bss*)
 *(COMMON)
 COMMON         0x00800149       0x67 timebase.o
                0x00800149                Timebase
                0x0080014b                Timebase_type
                0x008001b0                PROVIDE (__bss_end, .)
                0x00003050                __data_load_start = LOADADDR (.data)
                0x0000306a                __data_load_end = (__data_load_start + SIZEOF (.data))

.noinit         0x008001b0        0x0
                0x008001b0                PROVIDE (__noinit_start, .)
 *(.noinit*)
                0x008001b0                PROVIDE (__noinit_end, .)
                0x008001b0                _end = .
                0x008001b0                PROVIDE (__heap_start, .)

.eeprom         0x00810000        0x0
 *(.eeprom*)
                0x00810000                __eeprom_end = .

.fuse
 *(.fuse)
 *(.lfuse)
 *(.hfuse)
 *(.efuse)

.lock
 *(.lock*)

.signature
 *(.signature*)

.stab
 *(.stab)

.stabstr
 *(.stabstr)

.stab.excl
 *(.stab.excl)

.stab.exclstr
 *(.stab.exclstr)

.stab.index
 *(.stab.index)

.stab.indexstr
 *(.stab.indexstr)

.comment
 *(.comment)

.debug
 *(.debug)

.line
 *(.line)

.debug_srcinfo
 *(.debug_srcinfo)

.debug_sfnames
 *(.debug_sfnames)

.debug_aranges  0x00000000       0x60
 *(.debug_aranges)
 .debug_aranges
                0x00000000       0x20 main.o
 .debug_aranges
                0x00000020       0x20 uart.o
 .debug_aranges
                0x00000040       0x20 timebase.o

.debug_pubnames
                0x00000000     0x17d5
 *(.debug_pubnames)
 .debug_pubnames
                0x00000000       0x1b main.o
 .debug_pubnames
                0x0000001b      0x298 uart.o
 .debug_pubnames
                0x000002b3     0x1522 timebase.o

.debug_info     0x00000000     0x4b93
 *(.debug_info)
 .debug_info    0x00000000      0x119 main.o
 .debug_info    0x00000119      0x68c uart.o
 .debug_info    0x000007a5     0x43ee timebase.o
 *(.gnu.linkonce.wi.*)

.debug_abbrev   0x00000000      0x5d0
 *(.debug_abbrev)
 .debug_abbrev  0x00000000       0xb6 main.o
 .debug_abbrev  0x000000b6      0x249 uart.o
 .debug_abbrev  0x000002ff      0x2d1 timebase.o

.debug_line     0x00000000     0x233f
 *(.debug_line)
 .debug_line    0x00000000      0x16a main.o
 .debug_line    0x0000016a      0x5bb uart.o
 .debug_line    0x00000725     0x1c1a timebase.o

.debug_frame    0x00000000      0xa90
 *(.debug_frame)
 .debug_frame   0x00000000       0x20 main.o
 .debug_frame   0x00000020      0x1a0 uart.o
 .debug_frame   0x000001c0      0x8d0 timebase.o

.debug_str      0x00000000     0x19f0
 *(.debug_str)
 .debug_str     0x00000000       0xd8 main.o
                                0x10c (size before relaxing)
 .debug_str     0x000000d8      0x2c8 uart.o
                                0x3af (size before relaxing)
 .debug_str     0x000003a0     0x1650 timebase.o
                               0x178a (size before relaxing)

.debug_loc      0x00000000     0x1b4a
 *(.debug_loc)
 .debug_loc     0x00000000       0x30 main.o
 .debug_loc     0x00000030      0x40c uart.o
 .debug_loc     0x0000043c     0x170e timebase.o

.debug_macinfo
 *(.debug_macinfo)
OUTPUT(main.elf elf32-avr)
LOAD linker stubs

.debug_ranges   0x00000000       0x48
 .debug_ranges  0x00000000       0x48 uart.o

Cross Reference Table

Symbol                                            File
Timebase                                          timebase.o
Timebase_Atomic_Operation_End                     timebase.o
Timebase_Atomic_Operation_Start                   timebase.o
Timebase_DownCounter_Clear_All_Flags              timebase.o
Timebase_DownCounter_Clear_Period_Flag            timebase.o
Timebase_DownCounter_Expired                      timebase.o
Timebase_DownCounter_Expired_Event                timebase.o
Timebase_DownCounter_Get_EndValue                 timebase.o
Timebase_DownCounter_Get_PeriodValue              timebase.o
Timebase_DownCounter_Get_Period_Flag              timebase.o
Timebase_DownCounter_Get_Remaining_Period_Value   timebase.o
Timebase_DownCounter_Get_Status                   timebase.o
Timebase_DownCounter_Get_Value                    timebase.o
Timebase_DownCounter_Period_Value_Expired         timebase.o
Timebase_DownCounter_Period_Value_Expired_Event   timebase.o
Timebase_DownCounter_Reset                        timebase.o
Timebase_DownCounter_Reset_All                    timebase.o
Timebase_DownCounter_SS_Clear_All_Flags           timebase.o
Timebase_DownCounter_SS_Clear_Period_Flag         timebase.o
Timebase_DownCounter_SS_Expired                   timebase.o
Timebase_DownCounter_SS_Expired_Event             timebase.o
Timebase_DownCounter_SS_Get_EndValueSec           timebase.o
Timebase_DownCounter_SS_Get_EndValueSubSec        timebase.o
Timebase_DownCounter_SS_Get_PeriodValue           timebase.o
Timebase_DownCounter_SS_Get_Period_Flag           timebase.o
Timebase_DownCounter_SS_Get_Remaining_Period_Value timebase.o
Timebase_DownCounter_SS_Get_Status                timebase.o
Timebase_DownCounter_SS_Get_Value                 timebase.o
Timebase_DownCounter_SS_Period_Value_Expired      timebase.o
Timebase_DownCounter_SS_Period_Value_Expired_Event timebase.o
Timebase_DownCounter_SS_Reset                     timebase.o
Timebase_DownCounter_SS_Reset_All                 timebase.o
Timebase_DownCounter_SS_Set_EndValueSec           timebase.o
Timebase_DownCounter_SS_Set_EndValueSubSec        timebase.o
Timebase_DownCounter_SS_Set_Forcefully            timebase.o
Timebase_DownCounter_SS_Set_PeriodValue           timebase.o
Timebase_DownCounter_SS_Set_Period_Flag           timebase.o
Timebase_DownCounter_SS_Set_Period_Value_Securely timebase.o
Timebase_DownCounter_SS_Set_Securely              timebase.o
                                                  main.o
Timebase_DownCounter_SS_Set_Status                timebase.o
Timebase_DownCounter_SS_Set_Value                 timebase.o
Timebase_DownCounter_SS_Start                     timebase.o
Timebase_DownCounter_SS_Stop                      timebase.o
Timebase_DownCounter_SS_Update                    timebase.o
Timebase_DownCounter_SS_Update_All                timebase.o
Timebase_DownCounter_Set_EndValue                 timebase.o
Timebase_DownCounter_Set_Forcefully               timebase.o
Timebase_DownCounter_Set_PeriodValue              timebase.o
Timebase_DownCounter_Set_Period_Flag              timebase.o
Timebase_DownCounter_Set_Period_Value_Securely    timebase.o
Timebase_DownCounter_Set_Securely                 timebase.o
Timebase_DownCounter_Set_Status                   timebase.o
Timebase_DownCounter_Set_Value                    timebase.o
Timebase_DownCounter_Start                        timebase.o
Timebase_DownCounter_Stop                         timebase.o
Timebase_DownCounter_Update                       timebase.o
Timebase_DownCounter_Update_All                   timebase.o
Timebase_ISR_Executables                          timebase.o
Timebase_Init                                     timebase.o
                                                  main.o
Timebase_Main_Loop_Executables                    timebase.o
                                                  main.o
Timebase_Reset                                    timebase.o
Timebase_Struct_Init                              timebase.o
Timebase_Timer_Await_SubSeconds                   timebase.o
                                                  main.o
Timebase_Timer_Config                             timebase.o
Timebase_Timer_Delay_Seconds                      timebase.o
Timebase_Timer_Delay_SubSeconds                   timebase.o
Timebase_Timer_Get_Seconds                        timebase.o
Timebase_Timer_Get_SubSeconds                     timebase.o
Timebase_Timer_Set_Seconds                        timebase.o
Timebase_Timer_Set_SubSeconds                     timebase.o
Timebase_Token_Add                                timebase.o
Timebase_Token_Executing                          timebase.o
Timebase_Token_Remove                             timebase.o
Timebase_Token_Remove_All                         timebase.o
Timebase_UpCounter_Clear_All_Flags                timebase.o
Timebase_UpCounter_Clear_Period_Flag              timebase.o
Timebase_UpCounter_Expired                        timebase.o
Timebase_UpCounter_Expired_Event                  timebase.o
Timebase_UpCounter_Get_EndValue                   timebase.o
Timebase_UpCounter_Get_PeriodValue                timebase.o
Timebase_UpCounter_Get_Period_Flag                timebase.o
Timebase_UpCounter_Get_Remaining_Period_Value     timebase.o
Timebase_UpCounter_Get_Status                     timebase.o
Timebase_UpCounter_Get_TargetValue                timebase.o
Timebase_UpCounter_Get_TemporaryValue             timebase.o
Timebase_UpCounter_Get_Value                      timebase.o
Timebase_UpCounter_Period_Value_Expired           timebase.o
Timebase_UpCounter_Period_Value_Expired_Event     timebase.o
Timebase_UpCounter_Reset                          timebase.o
Timebase_UpCounter_Reset_All                      timebase.o
Timebase_UpCounter_SS_Clear_All_Flags             timebase.o
Timebase_UpCounter_SS_Clear_Period_Flag           timebase.o
Timebase_UpCounter_SS_Expired                     timebase.o
Timebase_UpCounter_SS_Expired_Event               timebase.o
Timebase_UpCounter_SS_Get_EndValueSec             timebase.o
Timebase_UpCounter_SS_Get_EndValueSubSec          timebase.o
Timebase_UpCounter_SS_Get_PeriodValue             timebase.o
Timebase_UpCounter_SS_Get_Period_Flag             timebase.o
Timebase_UpCounter_SS_Get_Remaining_Period_Value  timebase.o
Timebase_UpCounter_SS_Get_Status                  timebase.o
Timebase_UpCounter_SS_Get_TargetValue             timebase.o
Timebase_UpCounter_SS_Get_TemporaryValue          timebase.o
Timebase_UpCounter_SS_Get_Value                   timebase.o
Timebase_UpCounter_SS_Period_Value_Expired        timebase.o
Timebase_UpCounter_SS_Period_Value_Expired_Event  timebase.o
Timebase_UpCounter_SS_Reset                       timebase.o
Timebase_UpCounter_SS_Reset_All                   timebase.o
Timebase_UpCounter_SS_Set_EndValueSec             timebase.o
Timebase_UpCounter_SS_Set_EndValueSubSec          timebase.o
Timebase_UpCounter_SS_Set_Forcefully              timebase.o
Timebase_UpCounter_SS_Set_PeriodValue             timebase.o
Timebase_UpCounter_SS_Set_Period_Flag             timebase.o
Timebase_UpCounter_SS_Set_Period_Value_Securely   timebase.o
Timebase_UpCounter_SS_Set_Securely                timebase.o
Timebase_UpCounter_SS_Set_Status                  timebase.o
Timebase_UpCounter_SS_Set_TargetValue             timebase.o
Timebase_UpCounter_SS_Set_TemporaryValue          timebase.o
Timebase_UpCounter_SS_Set_Value                   timebase.o
Timebase_UpCounter_SS_Start                       timebase.o
Timebase_UpCounter_SS_Stop                        timebase.o
Timebase_UpCounter_SS_Update                      timebase.o
Timebase_UpCounter_SS_Update_All                  timebase.o
Timebase_UpCounter_Set_EndValue                   timebase.o
Timebase_UpCounter_Set_Forcefully                 timebase.o
Timebase_UpCounter_Set_PeriodValue                timebase.o
Timebase_UpCounter_Set_Period_Flag                timebase.o
Timebase_UpCounter_Set_Period_Value_Securely      timebase.o
Timebase_UpCounter_Set_Securely                   timebase.o
Timebase_UpCounter_Set_Status                     timebase.o
Timebase_UpCounter_Set_TargetValue                timebase.o
Timebase_UpCounter_Set_TemporaryValue             timebase.o
Timebase_UpCounter_Set_Value                      timebase.o
Timebase_UpCounter_Start                          timebase.o
Timebase_UpCounter_Stop                           timebase.o
Timebase_UpCounter_Update                         timebase.o
Timebase_UpCounter_Update_All                     timebase.o
Timebase_Window_Timer_Get_Interval                timebase.o
Timebase_Window_Timer_Get_Interval_Reset          timebase.o
Timebase_Window_Timer_Reset                       timebase.o
Timebase_Window_Timer_Start                       timebase.o
Timebase_type                                     timebase.o
UART_Config_BAUD_Rate                             uart.o
UART_Config_Clock                                 uart.o
UART_Config_GPIO                                  uart.o
UART_Config_Receiver                              uart.o
UART_Config_Receiver_Interrupt                    uart.o
UART_Config_Transmitter                           uart.o
UART_Current_Buffer_Index                         uart.o
UART_Determine_Digit_Numbers                      uart.o
UART_Flush_Buffer                                 uart.o
UART_Init                                         uart.o
                                                  main.o
UART_Interrupt_Service_Routine                    uart.o
UART_Last_Received_Byte                           uart.o
UART_Read_From_Buffer                             uart.o
UART_Receive_Byte                                 uart.o
UART_Reset_Last_Received_Byte                     uart.o
UART_Struct_Init                                  uart.o
UART_Transmit_Byte                                uart.o
UART_Transmit_Byte_Bin                            uart.o
UART_Transmit_Byte_Hex                            uart.o
UART_Transmit_New_Line                            uart.o
UART_Transmit_Number                              uart.o
UART_Transmit_Number_Digits                       uart.o
UART_Transmit_Space                               uart.o
UART_Transmit_Text                                uart.o
                                                  main.o
__bad_interrupt                                   c:/winavr-20100110/bin/../lib/gcc/avr/4.3.3/../../../../avr/lib/avr5/crtm328p.o
__bss_end                                         c:/winavr-20100110/bin/../lib/gcc/avr/4.3.3/avr5\libgcc.a(_clear_bss.o)
__bss_start                                       c:/winavr-20100110/bin/../lib/gcc/avr/4.3.3/avr5\libgcc.a(_clear_bss.o)
__data_end                                        c:/winavr-20100110/bin/../lib/gcc/avr/4.3.3/avr5\libgcc.a(_copy_data.o)
__data_load_start                                 c:/winavr-20100110/bin/../lib/gcc/avr/4.3.3/avr5\libgcc.a(_copy_data.o)
__data_start                                      c:/winavr-20100110/bin/../lib/gcc/avr/4.3.3/avr5\libgcc.a(_copy_data.o)
__divmodsi4                                       c:/winavr-20100110/bin/../lib/gcc/avr/4.3.3/avr5\libgcc.a(_divmodsi4.o)
                                                  timebase.o
__do_clear_bss                                    c:/winavr-20100110/bin/../lib/gcc/avr/4.3.3/avr5\libgcc.a(_clear_bss.o)
                                                  timebase.o
                                                  uart.o
__do_copy_data                                    c:/winavr-20100110/bin/../lib/gcc/avr/4.3.3/avr5\libgcc.a(_copy_data.o)
                                                  timebase.o
                                                  uart.o
                                                  main.o
__heap_end                                        c:/winavr-20100110/bin/../lib/gcc/avr/4.3.3/../../../../avr/lib/avr5/crtm328p.o
__init                                            c:/winavr-20100110/bin/../lib/gcc/avr/4.3.3/../../../../avr/lib/avr5/crtm328p.o
__mulsi3                                          c:/winavr-20100110/bin/../lib/gcc/avr/4.3.3/avr5\libgcc.a(_mulsi3.o)
                                                  timebase.o
__stack                                           c:/winavr-20100110/bin/../lib/gcc/avr/4.3.3/../../../../avr/lib/avr5/crtm328p.o
__udivmodhi4                                      c:/winavr-20100110/bin/../lib/gcc/avr/4.3.3/avr5\libgcc.a(_udivmodhi4.o)
                                                  timebase.o
__udivmodsi4                                      c:/winavr-20100110/bin/../lib/gcc/avr/4.3.3/avr5\libgcc.a(_udivmodsi4.o)
                                                  c:/winavr-20100110/bin/../lib/gcc/avr/4.3.3/avr5\libgcc.a(_divmodsi4.o)
                                                  uart.o
__vector_1                                        c:/winavr-20100110/bin/../lib/gcc/avr/4.3.3/../../../../avr/lib/avr5/crtm328p.o
__vector_10                                       c:/winavr-20100110/bin/../lib/gcc/avr/4.3.3/../../../../avr/lib/avr5/crtm328p.o
__vector_11                                       c:/winavr-20100110/bin/../lib/gcc/avr/4.3.3/../../../../avr/lib/avr5/crtm328p.o
__vector_12                                       c:/winavr-20100110/bin/../lib/gcc/avr/4.3.3/../../../../avr/lib/avr5/crtm328p.o
__vector_13                                       c:/winavr-20100110/bin/../lib/gcc/avr/4.3.3/../../../../avr/lib/avr5/crtm328p.o
__vector_14                                       c:/winavr-20100110/bin/../lib/gcc/avr/4.3.3/../../../../avr/lib/avr5/crtm328p.o
__vector_15                                       c:/winavr-20100110/bin/../lib/gcc/avr/4.3.3/../../../../avr/lib/avr5/crtm328p.o
__vector_16                                       timebase.o
                                                  c:/winavr-20100110/bin/../lib/gcc/avr/4.3.3/../../../../avr/lib/avr5/crtm328p.o
__vector_17                                       c:/winavr-20100110/bin/../lib/gcc/avr/4.3.3/../../../../avr/lib/avr5/crtm328p.o
__vector_18                                       uart.o
                                                  c:/winavr-20100110/bin/../lib/gcc/avr/4.3.3/../../../../avr/lib/avr5/crtm328p.o
__vector_19                                       c:/winavr-20100110/bin/../lib/gcc/avr/4.3.3/../../../../avr/lib/avr5/crtm328p.o
__vector_2                                        c:/winavr-20100110/bin/../lib/gcc/avr/4.3.3/../../../../avr/lib/avr5/crtm328p.o
__vector_20                                       c:/winavr-20100110/bin/../lib/gcc/avr/4.3.3/../../../../avr/lib/avr5/crtm328p.o
__vector_21                                       c:/winavr-20100110/bin/../lib/gcc/avr/4.3.3/../../../../avr/lib/avr5/crtm328p.o
__vector_22                                       c:/winavr-20100110/bin/../lib/gcc/avr/4.3.3/../../../../avr/lib/avr5/crtm328p.o
__vector_23                                       c:/winavr-20100110/bin/../lib/gcc/avr/4.3.3/../../../../avr/lib/avr5/crtm328p.o
__vector_24                                       c:/winavr-20100110/bin/../lib/gcc/avr/4.3.3/../../../../avr/lib/avr5/crtm328p.o
__vector_25                                       c:/winavr-20100110/bin/../lib/gcc/avr/4.3.3/../../../../avr/lib/avr5/crtm328p.o
__vector_3                                        c:/winavr-20100110/bin/../lib/gcc/avr/4.3.3/../../../../avr/lib/avr5/crtm328p.o
__vector_4                                        c:/winavr-20100110/bin/../lib/gcc/avr/4.3.3/../../../../avr/lib/avr5/crtm328p.o
__vector_5                                        c:/winavr-20100110/bin/../lib/gcc/avr/4.3.3/../../../../avr/lib/avr5/crtm328p.o
__vector_6                                        c:/winavr-20100110/bin/../lib/gcc/avr/4.3.3/../../../../avr/lib/avr5/crtm328p.o
__vector_7                                        c:/winavr-20100110/bin/../lib/gcc/avr/4.3.3/../../../../avr/lib/avr5/crtm328p.o
__vector_8                                        c:/winavr-20100110/bin/../lib/gcc/avr/4.3.3/../../../../avr/lib/avr5/crtm328p.o
__vector_9                                        c:/winavr-20100110/bin/../lib/gcc/avr/4.3.3/../../../../avr/lib/avr5/crtm328p.o
__vector_default                                  c:/winavr-20100110/bin/../lib/gcc/avr/4.3.3/../../../../avr/lib/avr5/crtm328p.o
__vectors                                         c:/winavr-20100110/bin/../lib/gcc/avr/4.3.3/../../../../avr/lib/avr5/crtm328p.o
_exit                                             c:/winavr-20100110/bin/../lib/gcc/avr/4.3.3/avr5\libgcc.a(_exit.o)
exit                                              c:/winavr-20100110/bin/../lib/gcc/avr/4.3.3/avr5\libgcc.a(_exit.o)
                                                  c:/winavr-20100110/bin/../lib/gcc/avr/4.3.3/../../../../avr/lib/avr5/crtm328p.o
main                                              main.o
                                                  c:/winavr-20100110/bin/../lib/gcc/avr/4.3.3/../../../../avr/lib/avr5/crtm328p.o
