Archive member included because of file (symbol)

c:/winavr-20100110/bin/../lib/gcc/avr/4.3.3/avr5\libgcc.a(_mulsi3.o)
                              timebase.o (__mulsi3)
c:/winavr-20100110/bin/../lib/gcc/avr/4.3.3/avr5\libgcc.a(_udivmodsi4.o)
                              uart.o (__udivmodsi4)
c:/winavr-20100110/bin/../lib/gcc/avr/4.3.3/avr5\libgcc.a(_divmodsi4.o)
                              timebase.o (__divmodsi4)
c:/winavr-20100110/bin/../lib/gcc/avr/4.3.3/avr5\libgcc.a(_exit.o)
                              c:/winavr-20100110/bin/../lib/gcc/avr/4.3.3/../../../../avr/lib/avr5/crtm328p.o (exit)
c:/winavr-20100110/bin/../lib/gcc/avr/4.3.3/avr5\libgcc.a(_copy_data.o)
                              app.o (__do_copy_data)
c:/winavr-20100110/bin/../lib/gcc/avr/4.3.3/avr5\libgcc.a(_clear_bss.o)
                              timebase.o (__do_clear_bss)

Allocating common symbols
Common symbol       size              file

ThreadedDbg         0x2b              thdbg.o
Timebase            0x2               timebase.o
Timebase_type       0x49              timebase.o

Memory Configuration

Name             Origin             Length             Attributes
text             0x00000000         0x00020000         xr
data             0x00800060         0x0000ffa0         rw !x
eeprom           0x00810000         0x00010000         rw !x
fuse             0x00820000         0x00000400         rw !x
lock             0x00830000         0x00000400         rw !x
signature        0x00840000         0x00000400         rw !x
*default*        0x00000000         0xffffffff

Linker script and memory map

Address of section .data set to 0x800100
LOAD c:/winavr-20100110/bin/../lib/gcc/avr/4.3.3/../../../../avr/lib/avr5/crtm328p.o
LOAD main.o
LOAD app.o
LOAD timebase.o
LOAD uart.o
LOAD pid.o
LOAD thdbg.o
LOAD c:/winavr-20100110/bin/../lib/gcc/avr/4.3.3/../../../../avr/lib/avr5\libm.a
LOAD c:/winavr-20100110/bin/../lib/gcc/avr/4.3.3/avr5\libgcc.a
LOAD c:/winavr-20100110/bin/../lib/gcc/avr/4.3.3/../../../../avr/lib/avr5\libc.a
LOAD c:/winavr-20100110/bin/../lib/gcc/avr/4.3.3/avr5\libgcc.a

.hash
 *(.hash)

.dynsym
 *(.dynsym)

.dynstr
 *(.dynstr)

.gnu.version
 *(.gnu.version)

.gnu.version_d
 *(.gnu.version_d)

.gnu.version_r
 *(.gnu.version_r)

.rel.init
 *(.rel.init)

.rela.init
 *(.rela.init)

.rel.text
 *(.rel.text)
 *(.rel.text.*)
 *(.rel.gnu.linkonce.t*)

.rela.text
 *(.rela.text)
 *(.rela.text.*)
 *(.rela.gnu.linkonce.t*)

.rel.fini
 *(.rel.fini)

.rela.fini
 *(.rela.fini)

.rel.rodata
 *(.rel.rodata)
 *(.rel.rodata.*)
 *(.rel.gnu.linkonce.r*)

.rela.rodata
 *(.rela.rodata)
 *(.rela.rodata.*)
 *(.rela.gnu.linkonce.r*)

.rel.data
 *(.rel.data)
 *(.rel.data.*)
 *(.rel.gnu.linkonce.d*)

.rela.data
 *(.rela.data)
 *(.rela.data.*)
 *(.rela.gnu.linkonce.d*)

.rel.ctors
 *(.rel.ctors)

.rela.ctors
 *(.rela.ctors)

.rel.dtors
 *(.rel.dtors)

.rela.dtors
 *(.rela.dtors)

.rel.got
 *(.rel.got)

.rela.got
 *(.rela.got)

.rel.bss
 *(.rel.bss)

.rela.bss
 *(.rela.bss)

.rel.plt
 *(.rel.plt)

.rela.plt
 *(.rela.plt)

.text           0x00000000     0x2d4c
 *(.vectors)
 .vectors       0x00000000       0x68 c:/winavr-20100110/bin/../lib/gcc/avr/4.3.3/../../../../avr/lib/avr5/crtm328p.o
                0x00000000                __vectors
                0x00000000                __vector_default
 *(.vectors)
 *(.progmem.gcc*)
 *(.progmem*)
                0x00000068                . = ALIGN (0x2)
                0x00000068                __trampolines_start = .
 *(.trampolines)
 .trampolines   0x00000068        0x0 linker stubs
 *(.trampolines*)
                0x00000068                __trampolines_end = .
 *(.jumptables)
 *(.jumptables*)
 *(.lowtext)
 *(.lowtext*)
                0x00000068                __ctors_start = .
 *(.ctors)
                0x00000068                __ctors_end = .
                0x00000068                __dtors_start = .
 *(.dtors)
                0x00000068                __dtors_end = .
 SORT(*)(.ctors)
 SORT(*)(.dtors)
 *(.init0)
 .init0         0x00000068        0x0 c:/winavr-20100110/bin/../lib/gcc/avr/4.3.3/../../../../avr/lib/avr5/crtm328p.o
                0x00000068                __init
 *(.init0)
 *(.init1)
 *(.init1)
 *(.init2)
 .init2         0x00000068        0xc c:/winavr-20100110/bin/../lib/gcc/avr/4.3.3/../../../../avr/lib/avr5/crtm328p.o
 *(.init2)
 *(.init3)
 *(.init3)
 *(.init4)
 .init4         0x00000074       0x16 c:/winavr-20100110/bin/../lib/gcc/avr/4.3.3/avr5\libgcc.a(_copy_data.o)
                0x00000074                __do_copy_data
 .init4         0x0000008a       0x10 c:/winavr-20100110/bin/../lib/gcc/avr/4.3.3/avr5\libgcc.a(_clear_bss.o)
                0x0000008a                __do_clear_bss
 *(.init4)
 *(.init5)
 *(.init5)
 *(.init6)
 *(.init6)
 *(.init7)
 *(.init7)
 *(.init8)
 *(.init8)
 *(.init9)
 .init9         0x0000009a        0x8 c:/winavr-20100110/bin/../lib/gcc/avr/4.3.3/../../../../avr/lib/avr5/crtm328p.o
 *(.init9)
 *(.text)
 .text          0x000000a2        0x4 c:/winavr-20100110/bin/../lib/gcc/avr/4.3.3/../../../../avr/lib/avr5/crtm328p.o
                0x000000a2                __vector_22
                0x000000a2                __vector_1
                0x000000a2                __vector_24
                0x000000a2                __vector_12
                0x000000a2                __bad_interrupt
                0x000000a2                __vector_6
                0x000000a2                __vector_3
                0x000000a2                __vector_23
                0x000000a2                __vector_25
                0x000000a2                __vector_11
                0x000000a2                __vector_13
                0x000000a2                __vector_17
                0x000000a2                __vector_19
                0x000000a2                __vector_7
                0x000000a2                __vector_5
                0x000000a2                __vector_4
                0x000000a2                __vector_2
                0x000000a2                __vector_21
                0x000000a2                __vector_15
                0x000000a2                __vector_8
                0x000000a2                __vector_14
                0x000000a2                __vector_10
                0x000000a2                __vector_20
 .text          0x000000a6       0x16 main.o
                0x000000a6                main
 .text          0x000000bc       0xa4 app.o
                0x0000014e                Print0
                0x00000118                Print3
                0x0000012a                Print2
                0x000000bc                App_Main_Loop
                0x0000013c                Print1
                0x000000d8                App_Setup
 .text          0x00000160     0x1a0c timebase.o
                0x000018ba                Timebase_DownCounter_Period_Value_Expired
                0x00000976                Timebase_DownCounter_SS_Set_EndValueSec
                0x000009ce                Timebase_DownCounter_SS_Get_PeriodValue
                0x00000842                Timebase_DownCounter_SS_Get_Status
                0x00001278                Timebase_DownCounter_Get_Status
                0x000010c4                Timebase_DownCounter_SS_Set_Period_Value_Securely
                0x00000452                Timebase_Timer_Set_SubSecondsUpTime
                0x00001626                Timebase_DownCounter_Set_Forcefully
                0x00000aae                Timebase_DownCounter_SS_Clear_Period_Flag
                0x00000bd2                Timebase_DownCounter_SS_Start
                0x00001ab6                Timebase_ISR_Executables
                0x000019f8                Timebase_DownCounter_Update_All
                0x0000089c                Timebase_DownCounter_SS_Get_Value
                0x000003e4                Timebase_Timer_Get_SubSecondsUpTime
                0x0000093c                Timebase_DownCounter_SS_Get_EndValueSubSec
                0x0000079a                Timebase_Window_Timer_Get_Interval
                0x00000ff8                Timebase_DownCounter_SS_Expired_Event
                0x00001a3c                Timebase_Reset
                0x00001a48                Timebase_Init
                0x00000762                Timebase_Window_Timer_Start
                0x00000616                Timebase_Timer_Await_SubSeconds
                0x00001248                Timebase_DownCounter_SS_Reset_All
                0x00000b88                Timebase_DownCounter_SS_Clear_All_Flags
                0x000003b8                Timebase_Timer_Disable
                0x000003cc                Timebase_Atomic_Operation_Start
                0x00000818                Timebase_Window_Timer_Get_Interval_Reset
                0x00000476                Timebase_Timer_Get_SubSecondsShadow_Securely
                0x00001a00                Timebase_DownCounter_Reset_All
                0x00000444                Timebase_Timer_Set_SubSecondsShadow
                0x00000410                Timebase_Timer_Get_SubSeconds
                0x00000b12                Timebase_DownCounter_SS_Set_ReloadValue
                0x00001052                Timebase_DownCounter_SS_Oneshot_Expired_Event
                0x00000296                Timebase_Timer_Enable
                0x00000ad8                Timebase_DownCounter_SS_Get_ReloadValue
                0x00000490                Timebase_Timer_Get_SubSecondsUpTime_Securely
                0x00001498                Timebase_DownCounter_Set_ReloadValue
                0x00001240                Timebase_DownCounter_SS_Update_All
                0x00000464                Timebase_Timer_Set_Seconds
                0x000017f6                Timebase_DownCounter_Set_Period_Value_Securely
                0x0000193a                Timebase_DownCounter_Period_Value_Expired_Event
                0x00000902                Timebase_DownCounter_SS_Get_EndValueSec
                0x00001770                Timebase_DownCounter_Expired
                0x0000086c                Timebase_DownCounter_SS_Set_Status
                0x0000150a                Timebase_DownCounter_Clear_All_Flags
                0x00000b3e                Timebase_DownCounter_SS_Reset
                0x0000131e                Timebase_DownCounter_Get_EndValue
                0x00001976                Timebase_DownCounter_Oneshot_Expired_Event
                0x000012f4                Timebase_DownCounter_Set_Value
                0x00001138                Timebase_DownCounter_SS_Get_Remaining_Period_Value
                0x00001a62                Timebase_Main_Loop_Executables
                0x00000a08                Timebase_DownCounter_SS_Set_PeriodValue
                0x000004b8                Timebase_Timer_Get_SecondsShadow_Securely
                0x00001a46                Timebase_LP_Reset
                0x000013fc                Timebase_DownCounter_Get_Period_Flag
                0x00000a84                Timebase_DownCounter_SS_Set_Period_Flag
                0x00000746                Timebase_Window_Timer_Reset
                0x000013a8                Timebase_DownCounter_Set_PeriodValue
                0x00000c3e                Timebase_DownCounter_SS_Set_Securely
                0x00001868                Timebase_DownCounter_Get_Remaining_Period_Value
                0x00001446                Timebase_DownCounter_Clear_Period_Flag
                0x000003d4                Timebase_Timer_Get_SubSecondsShadow
                0x00001058                Timebase_DownCounter_SS_Continuous_Expired_Event
                0x00000420                Timebase_Timer_Get_Seconds
                0x00001184                Timebase_DownCounter_SS_Period_Value_Expired
                0x00000a5c                Timebase_DownCounter_SS_Get_Period_Flag
                0x00001420                Timebase_DownCounter_Set_Period_Flag
                0x00000e5e                Timebase_DownCounter_SS_Update
                0x00001200                Timebase_DownCounter_SS_Period_Value_Expired_Event
                0x000012ca                Timebase_DownCounter_Get_Value
                0x00000160                Timebase_Struct_Init
                0x000006d4                Timebase_Timer_Delay_Seconds
                0x00000436                Timebase_Timer_Set_SubSeconds
                0x000016aa                Timebase_DownCounter_Update
                0x000014c4                Timebase_DownCounter_Reset
                0x00000ddc                Timebase_DownCounter_SS_Set_Forcefully
                0x000003d0                Timebase_Atomic_Operation_End
                0x0000197c                Timebase_DownCounter_Continuous_Expired_Event
                0x000008d6                Timebase_DownCounter_SS_Set_Value
                0x000004e0                Timebase_Timer_Sync_With_Shadow_Variables
                0x000003fa                Timebase_Timer_Get_SecondsShadow
                0x00001a30                Timebase_Get_Update_Req_Sts
                0x0000137c                Timebase_DownCounter_Get_PeriodValue
                0x00001354                Timebase_DownCounter_Set_EndValue
                0x000017a0                Timebase_DownCounter_Expired_Event
                0x00001582                Timebase_DownCounter_Stop
                0x000015b4                Timebase_DownCounter_Set_Securely
                0x00000c08                Timebase_DownCounter_SS_Stop
                0x0000129e                Timebase_DownCounter_Set_Status
                0x00001b14                __vector_16
                0x00000528                Timebase_Timer_Delay_SubSeconds
                0x000009a2                Timebase_DownCounter_SS_Set_EndValueSubSec
                0x00001b6a                Timebase_LP_ISR_Executables
                0x00001550                Timebase_DownCounter_Start
                0x00000fc4                Timebase_DownCounter_SS_Expired
                0x0000146c                Timebase_DownCounter_Get_ReloadValue
 .text          0x00001b6c      0xa9e uart.o
                0x00001c52                UART_Rx_Byte
                0x00002306                UART_Data_Print_Buf
                0x00001d42                UART_Tx_SP
                0x0000233a                UART_Error_Code_Get
                0x00002084                UART_Tx_Number_Bin_CM
                0x00002460                UART_RX_Packet_CRC_Check
                0x00002430                UART_CRC_Calculate_Block
                0x00001c9a                UART_Timer_Struct_Init
                0x00001c20                UART_Config_Rx
                0x00002578                UART_Init
                0x000021b8                UART_Tx_Parameter_Bin_NL
                0x00002296                UART_Data_Received_CRC_Get
                0x00002188                UART_Tx_Parameter_Hex_CM
                0x00002128                UART_Tx_Parameter_Hex_NL
                0x00001f42                UART_Tx_Number_Bin
                0x00001c32                UART_Config_Rx_Interrupt
                0x0000228a                UART_Data_Calculated_CRC_Get
                0x00002034                UART_Tx_Number_Hex_NL
                0x00001d52                UART_Tx_CM
                0x00002248                UART_Buf_Flush
                0x000021e8                UART_Tx_Parameter_Bin_SP
                0x00002218                UART_Tx_Parameter_Bin_CM
                0x00002340                UART_Error_Code_Clear
                0x00002404                UART_CRC_Calculate_Byte
                0x00001bd8                UART_Config_Clock
                0x00001cee                UART_Timer_Value_Reset
                0x00002052                UART_Tx_Number_Hex_CM
                0x00001da2                UART_Tx_Text_CM
                0x00002266                UART_Buf_Get
                0x00001bd6                UART_Config_GPIO
                0x00001cfa                UART_Tx_Buf
                0x00002066                UART_Tx_Number_Bin_NL
                0x000022a2                UART_Data_CRC_Status_Get
                0x00001ce6                UART_Timer_Get_Val
                0x00001d24                UART_Tx_NL
                0x00001c40                UART_Clear_Interrupt_Flag
                0x00001cd2                UART_Timer_Enable
                0x00002020                UART_Tx_Number_CM
                0x00001bb6                UART_RX_Packet_Struct_Init
                0x000020c8                UART_Tx_Parameter_SP
                0x00001e90                UART_Tx_Number_Hex
                0x00001cf8                UART_Timer_Clear_Interrupt_Flag
                0x00001cda                UART_Timer_Disable
                0x00001b6c                UART_Struct_Init
                0x00002070                UART_Tx_Number_Bin_SP
                0x000022ae                UART_Data_Clear_Available_Flag
                0x00001ce0                UART_Timer_Get_Status
                0x00001d84                UART_Tx_Text_NL
                0x00001e5e                UART_Tx_Number
                0x00002346                UART_ISR_Handler
                0x0000250a                __vector_9
                0x00001c0e                UART_Config_Tx
                0x00001d8e                UART_Tx_Text_SP
                0x00001e34                UART_Tx_Number_Digits
                0x000022a8                UART_Data_Read_Complete_Status
                0x00001bda                UART_Config_BAUD_Rate
                0x00002098                UART_Tx_Parameter_NL
                0x00002158                UART_Tx_Parameter_Hex_SP
                0x000020f8                UART_Tx_Parameter_CM
                0x00001db6                UART_Determine_Digit_Numbers
                0x000022b4                UART_Data_Clear_Read_Complete_Flag
                0x000022d8                UART_Data_Copy_Buf
                0x0000203e                UART_Tx_Number_Hex_SP
                0x00001ca4                UART_Timer_Init
                0x00002002                UART_Tx_Number_NL
                0x000024d0                UART_Timer_ISR_Handler
                0x00001d62                UART_Tx_Text
                0x00002270                UART_Buf_Get_Index
                0x0000227a                UART_Data_Available
                0x000023bc                __vector_18
                0x00001c42                UART_Tx_Byte
                0x00002552                UART_RX_Packet_Read_Complete
                0x0000200c                UART_Tx_Number_SP
                0x00002280                UART_Data_Len_Get
 .text          0x0000260a      0x606 pid.o
                0x00002784                PID_Set_SetPoint
                0x000027a8                PID_Set_Max_IError
                0x00002796                PID_Set_ProcessValue
                0x00002a9c                PID_Get_Set_Point
                0x00002ae4                PID_Get_DError
                0x0000271e                PID_Set_Ki
                0x00002b2c                PID_Get_DError_Product
                0x00002a8a                PID_Get_Kd
                0x00002a66                PID_Get_Kp
                0x00002b74                PID_Init
                0x00002b62                PID_Get_Output_NonNegative
                0x00002ad2                PID_Get_IError
                0x0000270c                PID_Set_Kp
                0x00002aae                PID_Get_Process_Value
                0x0000260a                PID_Struct_Init
                0x00002a78                PID_Get_Ki
                0x000029e6                PID_Execute_Routine
                0x000027ba                PID_Set_Scaling_Factor
                0x000027cc                PID_Reset_IError
                0x00002b08                PID_Get_PError_Product
                0x00002af6                PID_Get_Max_IError
                0x00002b7a                PID_Init_Module
                0x00002b50                PID_Get_Output
                0x000028e0                PID_Calculate_Error_Products
                0x00002742                PID_Set_Constants
                0x00002b1a                PID_Get_IError_Product
                0x000027de                PID_Calculate_Error
                0x00002b3e                PID_Get_Scaling_Factor
                0x00002ac0                PID_Get_PError
                0x00002730                PID_Set_Kd
 .text          0x00002c10       0x80 thdbg.o
                0x00002c3a                ThreadedDbg_Execution_Enable
                0x00002c82                ThreadedDbg_Init
                0x00002c1e                ThreadedDbg_Add_Function
                0x00002c48                ThreadedDbg_Execute_Function
                0x00002c42                ThreadedDbg_Execution_Disable
                0x00002c10                ThreadedDbg_Struct_Init
 .text          0x00002c90        0x0 c:/winavr-20100110/bin/../lib/gcc/avr/4.3.3/avr5\libgcc.a(_mulsi3.o)
 .text          0x00002c90        0x0 c:/winavr-20100110/bin/../lib/gcc/avr/4.3.3/avr5\libgcc.a(_udivmodsi4.o)
 .text          0x00002c90        0x0 c:/winavr-20100110/bin/../lib/gcc/avr/4.3.3/avr5\libgcc.a(_divmodsi4.o)
 .text          0x00002c90        0x0 c:/winavr-20100110/bin/../lib/gcc/avr/4.3.3/avr5\libgcc.a(_exit.o)
 .text          0x00002c90        0x0 c:/winavr-20100110/bin/../lib/gcc/avr/4.3.3/avr5\libgcc.a(_copy_data.o)
 .text          0x00002c90        0x0 c:/winavr-20100110/bin/../lib/gcc/avr/4.3.3/avr5\libgcc.a(_clear_bss.o)
                0x00002c90                . = ALIGN (0x2)
 *(.text.*)
 .text.libgcc   0x00002c90       0x3e c:/winavr-20100110/bin/../lib/gcc/avr/4.3.3/avr5\libgcc.a(_mulsi3.o)
                0x00002c90                __mulsi3
 .text.libgcc   0x00002cce       0x44 c:/winavr-20100110/bin/../lib/gcc/avr/4.3.3/avr5\libgcc.a(_udivmodsi4.o)
                0x00002cce                __udivmodsi4
 .text.libgcc   0x00002d12       0x36 c:/winavr-20100110/bin/../lib/gcc/avr/4.3.3/avr5\libgcc.a(_divmodsi4.o)
                0x00002d12                __divmodsi4
 .text.libgcc   0x00002d48        0x0 c:/winavr-20100110/bin/../lib/gcc/avr/4.3.3/avr5\libgcc.a(_exit.o)
 .text.libgcc   0x00002d48        0x0 c:/winavr-20100110/bin/../lib/gcc/avr/4.3.3/avr5\libgcc.a(_copy_data.o)
 .text.libgcc   0x00002d48        0x0 c:/winavr-20100110/bin/../lib/gcc/avr/4.3.3/avr5\libgcc.a(_clear_bss.o)
                0x00002d48                . = ALIGN (0x2)
 *(.fini9)
 .fini9         0x00002d48        0x0 c:/winavr-20100110/bin/../lib/gcc/avr/4.3.3/avr5\libgcc.a(_exit.o)
                0x00002d48                exit
                0x00002d48                _exit
 *(.fini9)
 *(.fini8)
 *(.fini8)
 *(.fini7)
 *(.fini7)
 *(.fini6)
 *(.fini6)
 *(.fini5)
 *(.fini5)
 *(.fini4)
 *(.fini4)
 *(.fini3)
 *(.fini3)
 *(.fini2)
 *(.fini2)
 *(.fini1)
 *(.fini1)
 *(.fini0)
 .fini0         0x00002d48        0x4 c:/winavr-20100110/bin/../lib/gcc/avr/4.3.3/avr5\libgcc.a(_exit.o)
 *(.fini0)
                0x00002d4c                _etext = .

.data           0x00800100       0xa0 load address 0x00002d4c
                0x00800100                PROVIDE (__data_start, .)
 *(.data)
 .data          0x00800100        0x0 c:/winavr-20100110/bin/../lib/gcc/avr/4.3.3/../../../../avr/lib/avr5/crtm328p.o
 .data          0x00800100        0x0 main.o
 .data          0x00800100       0x1c app.o
 .data          0x0080011c        0xa timebase.o
 .data          0x00800126        0x0 uart.o
 .data          0x00800126       0x7a pid.o
                0x00800126                PID
 .data          0x008001a0        0x0 thdbg.o
 .data          0x008001a0        0x0 c:/winavr-20100110/bin/../lib/gcc/avr/4.3.3/avr5\libgcc.a(_mulsi3.o)
 .data          0x008001a0        0x0 c:/winavr-20100110/bin/../lib/gcc/avr/4.3.3/avr5\libgcc.a(_udivmodsi4.o)
 .data          0x008001a0        0x0 c:/winavr-20100110/bin/../lib/gcc/avr/4.3.3/avr5\libgcc.a(_divmodsi4.o)
 .data          0x008001a0        0x0 c:/winavr-20100110/bin/../lib/gcc/avr/4.3.3/avr5\libgcc.a(_exit.o)
 .data          0x008001a0        0x0 c:/winavr-20100110/bin/../lib/gcc/avr/4.3.3/avr5\libgcc.a(_copy_data.o)
 .data          0x008001a0        0x0 c:/winavr-20100110/bin/../lib/gcc/avr/4.3.3/avr5\libgcc.a(_clear_bss.o)
 *(.data*)
 *(.rodata)
 *(.rodata*)
 *(.gnu.linkonce.d*)
                0x008001a0                . = ALIGN (0x2)
                0x008001a0                _edata = .
                0x008001a0                PROVIDE (__data_end, .)

.bss            0x008001a0       0xce
                0x008001a0                PROVIDE (__bss_start, .)
 *(.bss)
 .bss           0x008001a0        0x0 c:/winavr-20100110/bin/../lib/gcc/avr/4.3.3/../../../../avr/lib/avr5/crtm328p.o
 .bss           0x008001a0        0x0 main.o
 .bss           0x008001a0        0x0 app.o
 .bss           0x008001a0        0x0 timebase.o
 .bss           0x008001a0       0x58 uart.o
 .bss           0x008001f8        0x0 pid.o
 .bss           0x008001f8        0x0 thdbg.o
 .bss           0x008001f8        0x0 c:/winavr-20100110/bin/../lib/gcc/avr/4.3.3/avr5\libgcc.a(_mulsi3.o)
 .bss           0x008001f8        0x0 c:/winavr-20100110/bin/../lib/gcc/avr/4.3.3/avr5\libgcc.a(_udivmodsi4.o)
 .bss           0x008001f8        0x0 c:/winavr-20100110/bin/../lib/gcc/avr/4.3.3/avr5\libgcc.a(_divmodsi4.o)
 .bss           0x008001f8        0x0 c:/winavr-20100110/bin/../lib/gcc/avr/4.3.3/avr5\libgcc.a(_exit.o)
 .bss           0x008001f8        0x0 c:/winavr-20100110/bin/../lib/gcc/avr/4.3.3/avr5\libgcc.a(_copy_data.o)
 .bss           0x008001f8        0x0 c:/winavr-20100110/bin/../lib/gcc/avr/4.3.3/avr5\libgcc.a(_clear_bss.o)
 *(.bss*)
 *(COMMON)
 COMMON         0x008001f8       0x4b timebase.o
                0x008001f8                Timebase
                0x008001fa                Timebase_type
 COMMON         0x00800243       0x2b thdbg.o
                0x00800243                ThreadedDbg
                0x0080026e                PROVIDE (__bss_end, .)
                0x00002d4c                __data_load_start = LOADADDR (.data)
                0x00002dec                __data_load_end = (__data_load_start + SIZEOF (.data))

.noinit         0x0080026e        0x0
                0x0080026e                PROVIDE (__noinit_start, .)
 *(.noinit*)
                0x0080026e                PROVIDE (__noinit_end, .)
                0x0080026e                _end = .
                0x0080026e                PROVIDE (__heap_start, .)

.eeprom         0x00810000        0x0
 *(.eeprom*)
                0x00810000                __eeprom_end = .

.fuse
 *(.fuse)
 *(.lfuse)
 *(.hfuse)
 *(.efuse)

.lock
 *(.lock*)

.signature
 *(.signature*)

.stab
 *(.stab)

.stabstr
 *(.stabstr)

.stab.excl
 *(.stab.excl)

.stab.exclstr
 *(.stab.exclstr)

.stab.index
 *(.stab.index)

.stab.indexstr
 *(.stab.indexstr)

.comment
 *(.comment)

.debug
 *(.debug)

.line
 *(.line)

.debug_srcinfo
 *(.debug_srcinfo)

.debug_sfnames
 *(.debug_sfnames)

.debug_aranges  0x00000000       0xc0
 *(.debug_aranges)
 .debug_aranges
                0x00000000       0x20 main.o
 .debug_aranges
                0x00000020       0x20 app.o
 .debug_aranges
                0x00000040       0x20 timebase.o
 .debug_aranges
                0x00000060       0x20 uart.o
 .debug_aranges
                0x00000080       0x20 pid.o
 .debug_aranges
                0x000000a0       0x20 thdbg.o

.debug_pubnames
                0x00000000     0x19ad
 *(.debug_pubnames)
 .debug_pubnames
                0x00000000       0x1b main.o
 .debug_pubnames
                0x0000001b       0x5e app.o
 .debug_pubnames
                0x00000079      0xe9e timebase.o
 .debug_pubnames
                0x00000f17      0x71f uart.o
 .debug_pubnames
                0x00001636      0x2a3 pid.o
 .debug_pubnames
                0x000018d9       0xd4 thdbg.o

.debug_info     0x00000000     0x4e78
 *(.debug_info)
 .debug_info    0x00000000       0x76 main.o
 .debug_info    0x00000076       0xf1 app.o
 .debug_info    0x00000167     0x2d75 timebase.o
 .debug_info    0x00002edc     0x14f7 uart.o
 .debug_info    0x000043d3      0x916 pid.o
 .debug_info    0x00004ce9      0x18f thdbg.o
 *(.gnu.linkonce.wi.*)

.debug_abbrev   0x00000000      0x958
 *(.debug_abbrev)
 .debug_abbrev  0x00000000       0x41 main.o
 .debug_abbrev  0x00000041       0x70 app.o
 .debug_abbrev  0x000000b1      0x2b8 timebase.o
 .debug_abbrev  0x00000369      0x331 uart.o
 .debug_abbrev  0x0000069a      0x1c5 pid.o
 .debug_abbrev  0x0000085f       0xf9 thdbg.o

.debug_line     0x00000000     0x2ac7
 *(.debug_line)
 .debug_line    0x00000000       0x70 main.o
 .debug_line    0x00000070      0x164 app.o
 .debug_line    0x000001d4     0x13fc timebase.o
 .debug_line    0x000015d0      0xf36 uart.o
 .debug_line    0x00002506      0x465 pid.o
 .debug_line    0x0000296b      0x15c thdbg.o

.debug_frame    0x00000000      0xda0
 *(.debug_frame)
 .debug_frame   0x00000000       0x20 main.o
 .debug_frame   0x00000020       0x70 app.o
 .debug_frame   0x00000090      0x600 timebase.o
 .debug_frame   0x00000690      0x4b0 uart.o
 .debug_frame   0x00000b40      0x1f0 pid.o
 .debug_frame   0x00000d30       0x70 thdbg.o

.debug_str      0x00000000     0x1cda
 *(.debug_str)
 .debug_str     0x00000000       0x95 main.o
                                 0xc9 (size before relaxing)
 .debug_str     0x00000095       0x43 app.o
                                0x100 (size before relaxing)
 .debug_str     0x000000d8      0xfee timebase.o
                               0x1187 (size before relaxing)
 .debug_str     0x000010c6      0x712 uart.o
                                0x816 (size before relaxing)
 .debug_str     0x000017d8      0x414 pid.o
                                0x529 (size before relaxing)
 .debug_str     0x00001bec       0xee thdbg.o
                                0x1b3 (size before relaxing)

.debug_loc      0x00000000     0x19fd
 *(.debug_loc)
 .debug_loc     0x00000000      0xfa9 timebase.o
 .debug_loc     0x00000fa9      0x9b8 uart.o
 .debug_loc     0x00001961       0x9c pid.o

.debug_macinfo
 *(.debug_macinfo)
OUTPUT(main.elf elf32-avr)
LOAD linker stubs

.debug_ranges   0x00000000       0x48
 .debug_ranges  0x00000000       0x48 uart.o

Cross Reference Table

Symbol                                            File
App_Main_Loop                                     app.o
                                                  main.o
App_Setup                                         app.o
                                                  main.o
PID                                               pid.o
PID_Calculate_Error                               pid.o
PID_Calculate_Error_Products                      pid.o
PID_Execute_Routine                               pid.o
PID_Get_DError                                    pid.o
PID_Get_DError_Product                            pid.o
PID_Get_IError                                    pid.o
PID_Get_IError_Product                            pid.o
PID_Get_Kd                                        pid.o
PID_Get_Ki                                        pid.o
PID_Get_Kp                                        pid.o
PID_Get_Max_IError                                pid.o
PID_Get_Output                                    pid.o
PID_Get_Output_NonNegative                        pid.o
PID_Get_PError                                    pid.o
PID_Get_PError_Product                            pid.o
PID_Get_Process_Value                             pid.o
PID_Get_Scaling_Factor                            pid.o
PID_Get_Set_Point                                 pid.o
PID_Init                                          pid.o
PID_Init_Module                                   pid.o
PID_Reset_IError                                  pid.o
PID_Set_Constants                                 pid.o
PID_Set_Kd                                        pid.o
PID_Set_Ki                                        pid.o
PID_Set_Kp                                        pid.o
PID_Set_Max_IError                                pid.o
PID_Set_ProcessValue                              pid.o
PID_Set_Scaling_Factor                            pid.o
PID_Set_SetPoint                                  pid.o
PID_Struct_Init                                   pid.o
Print0                                            app.o
Print1                                            app.o
Print2                                            app.o
Print3                                            app.o
ThreadedDbg                                       thdbg.o
ThreadedDbg_Add_Function                          thdbg.o
                                                  app.o
ThreadedDbg_Execute_Function                      thdbg.o
                                                  app.o
ThreadedDbg_Execution_Disable                     thdbg.o
ThreadedDbg_Execution_Enable                      thdbg.o
                                                  app.o
ThreadedDbg_Init                                  thdbg.o
                                                  app.o
ThreadedDbg_Struct_Init                           thdbg.o
Timebase                                          timebase.o
Timebase_Atomic_Operation_End                     timebase.o
Timebase_Atomic_Operation_Start                   timebase.o
Timebase_DownCounter_Clear_All_Flags              timebase.o
Timebase_DownCounter_Clear_Period_Flag            timebase.o
Timebase_DownCounter_Continuous_Expired_Event     timebase.o
                                                  app.o
Timebase_DownCounter_Expired                      timebase.o
Timebase_DownCounter_Expired_Event                timebase.o
Timebase_DownCounter_Get_EndValue                 timebase.o
Timebase_DownCounter_Get_PeriodValue              timebase.o
Timebase_DownCounter_Get_Period_Flag              timebase.o
Timebase_DownCounter_Get_ReloadValue              timebase.o
Timebase_DownCounter_Get_Remaining_Period_Value   timebase.o
Timebase_DownCounter_Get_Status                   timebase.o
Timebase_DownCounter_Get_Value                    timebase.o
Timebase_DownCounter_Oneshot_Expired_Event        timebase.o
Timebase_DownCounter_Period_Value_Expired         timebase.o
Timebase_DownCounter_Period_Value_Expired_Event   timebase.o
Timebase_DownCounter_Reset                        timebase.o
Timebase_DownCounter_Reset_All                    timebase.o
Timebase_DownCounter_SS_Clear_All_Flags           timebase.o
Timebase_DownCounter_SS_Clear_Period_Flag         timebase.o
Timebase_DownCounter_SS_Continuous_Expired_Event  timebase.o
Timebase_DownCounter_SS_Expired                   timebase.o
Timebase_DownCounter_SS_Expired_Event             timebase.o
Timebase_DownCounter_SS_Get_EndValueSec           timebase.o
Timebase_DownCounter_SS_Get_EndValueSubSec        timebase.o
Timebase_DownCounter_SS_Get_PeriodValue           timebase.o
Timebase_DownCounter_SS_Get_Period_Flag           timebase.o
Timebase_DownCounter_SS_Get_ReloadValue           timebase.o
Timebase_DownCounter_SS_Get_Remaining_Period_Value timebase.o
Timebase_DownCounter_SS_Get_Status                timebase.o
Timebase_DownCounter_SS_Get_Value                 timebase.o
Timebase_DownCounter_SS_Oneshot_Expired_Event     timebase.o
Timebase_DownCounter_SS_Period_Value_Expired      timebase.o
Timebase_DownCounter_SS_Period_Value_Expired_Event timebase.o
Timebase_DownCounter_SS_Reset                     timebase.o
Timebase_DownCounter_SS_Reset_All                 timebase.o
Timebase_DownCounter_SS_Set_EndValueSec           timebase.o
Timebase_DownCounter_SS_Set_EndValueSubSec        timebase.o
Timebase_DownCounter_SS_Set_Forcefully            timebase.o
Timebase_DownCounter_SS_Set_PeriodValue           timebase.o
Timebase_DownCounter_SS_Set_Period_Flag           timebase.o
Timebase_DownCounter_SS_Set_Period_Value_Securely timebase.o
Timebase_DownCounter_SS_Set_ReloadValue           timebase.o
Timebase_DownCounter_SS_Set_Securely              timebase.o
Timebase_DownCounter_SS_Set_Status                timebase.o
Timebase_DownCounter_SS_Set_Value                 timebase.o
Timebase_DownCounter_SS_Start                     timebase.o
Timebase_DownCounter_SS_Stop                      timebase.o
Timebase_DownCounter_SS_Update                    timebase.o
Timebase_DownCounter_SS_Update_All                timebase.o
Timebase_DownCounter_Set_EndValue                 timebase.o
Timebase_DownCounter_Set_Forcefully               timebase.o
                                                  app.o
Timebase_DownCounter_Set_PeriodValue              timebase.o
Timebase_DownCounter_Set_Period_Flag              timebase.o
Timebase_DownCounter_Set_Period_Value_Securely    timebase.o
Timebase_DownCounter_Set_ReloadValue              timebase.o
Timebase_DownCounter_Set_Securely                 timebase.o
Timebase_DownCounter_Set_Status                   timebase.o
Timebase_DownCounter_Set_Value                    timebase.o
Timebase_DownCounter_Start                        timebase.o
Timebase_DownCounter_Stop                         timebase.o
Timebase_DownCounter_Update                       timebase.o
Timebase_DownCounter_Update_All                   timebase.o
Timebase_Get_Update_Req_Sts                       timebase.o
Timebase_ISR_Executables                          timebase.o
Timebase_Init                                     timebase.o
                                                  main.o
Timebase_LP_ISR_Executables                       timebase.o
Timebase_LP_Reset                                 timebase.o
Timebase_Main_Loop_Executables                    timebase.o
                                                  main.o
Timebase_Reset                                    timebase.o
Timebase_Struct_Init                              timebase.o
Timebase_Timer_Await_SubSeconds                   timebase.o
Timebase_Timer_Delay_Seconds                      timebase.o
Timebase_Timer_Delay_SubSeconds                   timebase.o
Timebase_Timer_Disable                            timebase.o
Timebase_Timer_Enable                             timebase.o
Timebase_Timer_Get_Seconds                        timebase.o
Timebase_Timer_Get_SecondsShadow                  timebase.o
Timebase_Timer_Get_SecondsShadow_Securely         timebase.o
Timebase_Timer_Get_SubSeconds                     timebase.o
Timebase_Timer_Get_SubSecondsShadow               timebase.o
Timebase_Timer_Get_SubSecondsShadow_Securely      timebase.o
Timebase_Timer_Get_SubSecondsUpTime               timebase.o
Timebase_Timer_Get_SubSecondsUpTime_Securely      timebase.o
Timebase_Timer_Set_Seconds                        timebase.o
Timebase_Timer_Set_SubSeconds                     timebase.o
Timebase_Timer_Set_SubSecondsShadow               timebase.o
Timebase_Timer_Set_SubSecondsUpTime               timebase.o
Timebase_Timer_Sync_With_Shadow_Variables         timebase.o
Timebase_Window_Timer_Get_Interval                timebase.o
Timebase_Window_Timer_Get_Interval_Reset          timebase.o
                                                  app.o
Timebase_Window_Timer_Reset                       timebase.o
Timebase_Window_Timer_Start                       timebase.o
                                                  app.o
Timebase_type                                     timebase.o
UART_Buf_Flush                                    uart.o
UART_Buf_Get                                      uart.o
UART_Buf_Get_Index                                uart.o
UART_CRC_Calculate_Block                          uart.o
UART_CRC_Calculate_Byte                           uart.o
UART_Clear_Interrupt_Flag                         uart.o
UART_Config_BAUD_Rate                             uart.o
UART_Config_Clock                                 uart.o
UART_Config_GPIO                                  uart.o
UART_Config_Rx                                    uart.o
UART_Config_Rx_Interrupt                          uart.o
UART_Config_Tx                                    uart.o
UART_Data_Available                               uart.o
UART_Data_CRC_Status_Get                          uart.o
UART_Data_Calculated_CRC_Get                      uart.o
UART_Data_Clear_Available_Flag                    uart.o
UART_Data_Clear_Read_Complete_Flag                uart.o
UART_Data_Copy_Buf                                uart.o
UART_Data_Len_Get                                 uart.o
UART_Data_Print_Buf                               uart.o
UART_Data_Read_Complete_Status                    uart.o
UART_Data_Received_CRC_Get                        uart.o
UART_Determine_Digit_Numbers                      uart.o
UART_Error_Code_Clear                             uart.o
UART_Error_Code_Get                               uart.o
UART_ISR_Handler                                  uart.o
UART_Init                                         uart.o
                                                  app.o
UART_RX_Packet_CRC_Check                          uart.o
UART_RX_Packet_Read_Complete                      uart.o
UART_RX_Packet_Struct_Init                        uart.o
UART_Rx_Byte                                      uart.o
UART_Struct_Init                                  uart.o
UART_Timer_Clear_Interrupt_Flag                   uart.o
UART_Timer_Disable                                uart.o
UART_Timer_Enable                                 uart.o
UART_Timer_Get_Status                             uart.o
UART_Timer_Get_Val                                uart.o
UART_Timer_ISR_Handler                            uart.o
UART_Timer_Init                                   uart.o
UART_Timer_Struct_Init                            uart.o
UART_Timer_Value_Reset                            uart.o
UART_Tx_Buf                                       uart.o
UART_Tx_Byte                                      uart.o
UART_Tx_CM                                        uart.o
UART_Tx_NL                                        uart.o
UART_Tx_Number                                    uart.o
UART_Tx_Number_Bin                                uart.o
UART_Tx_Number_Bin_CM                             uart.o
UART_Tx_Number_Bin_NL                             uart.o
UART_Tx_Number_Bin_SP                             uart.o
UART_Tx_Number_CM                                 uart.o
UART_Tx_Number_Digits                             uart.o
UART_Tx_Number_Hex                                uart.o
UART_Tx_Number_Hex_CM                             uart.o
UART_Tx_Number_Hex_NL                             uart.o
UART_Tx_Number_Hex_SP                             uart.o
UART_Tx_Number_NL                                 uart.o
UART_Tx_Number_SP                                 uart.o
UART_Tx_Parameter_Bin_CM                          uart.o
UART_Tx_Parameter_Bin_NL                          uart.o
UART_Tx_Parameter_Bin_SP                          uart.o
UART_Tx_Parameter_CM                              uart.o
UART_Tx_Parameter_Hex_CM                          uart.o
UART_Tx_Parameter_Hex_NL                          uart.o
                                                  app.o
UART_Tx_Parameter_Hex_SP                          uart.o
UART_Tx_Parameter_NL                              uart.o
UART_Tx_Parameter_SP                              uart.o
UART_Tx_SP                                        uart.o
UART_Tx_Text                                      uart.o
UART_Tx_Text_CM                                   uart.o
UART_Tx_Text_NL                                   uart.o
UART_Tx_Text_SP                                   uart.o
__bad_interrupt                                   c:/winavr-20100110/bin/../lib/gcc/avr/4.3.3/../../../../avr/lib/avr5/crtm328p.o
__bss_end                                         c:/winavr-20100110/bin/../lib/gcc/avr/4.3.3/avr5\libgcc.a(_clear_bss.o)
__bss_start                                       c:/winavr-20100110/bin/../lib/gcc/avr/4.3.3/avr5\libgcc.a(_clear_bss.o)
__data_end                                        c:/winavr-20100110/bin/../lib/gcc/avr/4.3.3/avr5\libgcc.a(_copy_data.o)
__data_load_start                                 c:/winavr-20100110/bin/../lib/gcc/avr/4.3.3/avr5\libgcc.a(_copy_data.o)
__data_start                                      c:/winavr-20100110/bin/../lib/gcc/avr/4.3.3/avr5\libgcc.a(_copy_data.o)
__divmodsi4                                       c:/winavr-20100110/bin/../lib/gcc/avr/4.3.3/avr5\libgcc.a(_divmodsi4.o)
                                                  pid.o
                                                  timebase.o
__do_clear_bss                                    c:/winavr-20100110/bin/../lib/gcc/avr/4.3.3/avr5\libgcc.a(_clear_bss.o)
                                                  thdbg.o
                                                  uart.o
                                                  timebase.o
__do_copy_data                                    c:/winavr-20100110/bin/../lib/gcc/avr/4.3.3/avr5\libgcc.a(_copy_data.o)
                                                  pid.o
                                                  timebase.o
                                                  app.o
__heap_end                                        c:/winavr-20100110/bin/../lib/gcc/avr/4.3.3/../../../../avr/lib/avr5/crtm328p.o
__init                                            c:/winavr-20100110/bin/../lib/gcc/avr/4.3.3/../../../../avr/lib/avr5/crtm328p.o
__mulsi3                                          c:/winavr-20100110/bin/../lib/gcc/avr/4.3.3/avr5\libgcc.a(_mulsi3.o)
                                                  pid.o
                                                  timebase.o
__stack                                           c:/winavr-20100110/bin/../lib/gcc/avr/4.3.3/../../../../avr/lib/avr5/crtm328p.o
__udivmodsi4                                      c:/winavr-20100110/bin/../lib/gcc/avr/4.3.3/avr5\libgcc.a(_udivmodsi4.o)
                                                  c:/winavr-20100110/bin/../lib/gcc/avr/4.3.3/avr5\libgcc.a(_divmodsi4.o)
                                                  uart.o
__vector_1                                        c:/winavr-20100110/bin/../lib/gcc/avr/4.3.3/../../../../avr/lib/avr5/crtm328p.o
__vector_10                                       c:/winavr-20100110/bin/../lib/gcc/avr/4.3.3/../../../../avr/lib/avr5/crtm328p.o
__vector_11                                       c:/winavr-20100110/bin/../lib/gcc/avr/4.3.3/../../../../avr/lib/avr5/crtm328p.o
__vector_12                                       c:/winavr-20100110/bin/../lib/gcc/avr/4.3.3/../../../../avr/lib/avr5/crtm328p.o
__vector_13                                       c:/winavr-20100110/bin/../lib/gcc/avr/4.3.3/../../../../avr/lib/avr5/crtm328p.o
__vector_14                                       c:/winavr-20100110/bin/../lib/gcc/avr/4.3.3/../../../../avr/lib/avr5/crtm328p.o
__vector_15                                       c:/winavr-20100110/bin/../lib/gcc/avr/4.3.3/../../../../avr/lib/avr5/crtm328p.o
__vector_16                                       timebase.o
                                                  c:/winavr-20100110/bin/../lib/gcc/avr/4.3.3/../../../../avr/lib/avr5/crtm328p.o
__vector_17                                       c:/winavr-20100110/bin/../lib/gcc/avr/4.3.3/../../../../avr/lib/avr5/crtm328p.o
__vector_18                                       uart.o
                                                  c:/winavr-20100110/bin/../lib/gcc/avr/4.3.3/../../../../avr/lib/avr5/crtm328p.o
__vector_19                                       c:/winavr-20100110/bin/../lib/gcc/avr/4.3.3/../../../../avr/lib/avr5/crtm328p.o
__vector_2                                        c:/winavr-20100110/bin/../lib/gcc/avr/4.3.3/../../../../avr/lib/avr5/crtm328p.o
__vector_20                                       c:/winavr-20100110/bin/../lib/gcc/avr/4.3.3/../../../../avr/lib/avr5/crtm328p.o
__vector_21                                       c:/winavr-20100110/bin/../lib/gcc/avr/4.3.3/../../../../avr/lib/avr5/crtm328p.o
__vector_22                                       c:/winavr-20100110/bin/../lib/gcc/avr/4.3.3/../../../../avr/lib/avr5/crtm328p.o
__vector_23                                       c:/winavr-20100110/bin/../lib/gcc/avr/4.3.3/../../../../avr/lib/avr5/crtm328p.o
__vector_24                                       c:/winavr-20100110/bin/../lib/gcc/avr/4.3.3/../../../../avr/lib/avr5/crtm328p.o
__vector_25                                       c:/winavr-20100110/bin/../lib/gcc/avr/4.3.3/../../../../avr/lib/avr5/crtm328p.o
__vector_3                                        c:/winavr-20100110/bin/../lib/gcc/avr/4.3.3/../../../../avr/lib/avr5/crtm328p.o
__vector_4                                        c:/winavr-20100110/bin/../lib/gcc/avr/4.3.3/../../../../avr/lib/avr5/crtm328p.o
__vector_5                                        c:/winavr-20100110/bin/../lib/gcc/avr/4.3.3/../../../../avr/lib/avr5/crtm328p.o
__vector_6                                        c:/winavr-20100110/bin/../lib/gcc/avr/4.3.3/../../../../avr/lib/avr5/crtm328p.o
__vector_7                                        c:/winavr-20100110/bin/../lib/gcc/avr/4.3.3/../../../../avr/lib/avr5/crtm328p.o
__vector_8                                        c:/winavr-20100110/bin/../lib/gcc/avr/4.3.3/../../../../avr/lib/avr5/crtm328p.o
__vector_9                                        uart.o
                                                  c:/winavr-20100110/bin/../lib/gcc/avr/4.3.3/../../../../avr/lib/avr5/crtm328p.o
__vector_default                                  c:/winavr-20100110/bin/../lib/gcc/avr/4.3.3/../../../../avr/lib/avr5/crtm328p.o
__vectors                                         c:/winavr-20100110/bin/../lib/gcc/avr/4.3.3/../../../../avr/lib/avr5/crtm328p.o
_exit                                             c:/winavr-20100110/bin/../lib/gcc/avr/4.3.3/avr5\libgcc.a(_exit.o)
exit                                              c:/winavr-20100110/bin/../lib/gcc/avr/4.3.3/avr5\libgcc.a(_exit.o)
                                                  c:/winavr-20100110/bin/../lib/gcc/avr/4.3.3/../../../../avr/lib/avr5/crtm328p.o
main                                              main.o
                                                  c:/winavr-20100110/bin/../lib/gcc/avr/4.3.3/../../../../avr/lib/avr5/crtm328p.o
