Archive member included because of file (symbol)

c:/winavr-20100110/bin/../lib/gcc/avr/4.3.3/avr5\libgcc.a(_mulsi3.o)
                              timebase.o (__mulsi3)
c:/winavr-20100110/bin/../lib/gcc/avr/4.3.3/avr5\libgcc.a(_udivmodsi4.o)
                              uart.o (__udivmodsi4)
c:/winavr-20100110/bin/../lib/gcc/avr/4.3.3/avr5\libgcc.a(_divmodsi4.o)
                              timebase.o (__divmodsi4)
c:/winavr-20100110/bin/../lib/gcc/avr/4.3.3/avr5\libgcc.a(_exit.o)
                              c:/winavr-20100110/bin/../lib/gcc/avr/4.3.3/../../../../avr/lib/avr5/crtm328p.o (exit)
c:/winavr-20100110/bin/../lib/gcc/avr/4.3.3/avr5\libgcc.a(_copy_data.o)
                              main.o (__do_copy_data)
c:/winavr-20100110/bin/../lib/gcc/avr/4.3.3/avr5\libgcc.a(_clear_bss.o)
                              timebase.o (__do_clear_bss)

Allocating common symbols
Common symbol       size              file

Timebase            0x2               timebase.o
Timebase_type       0x72              timebase.o

Memory Configuration

Name             Origin             Length             Attributes
text             0x00000000         0x00020000         xr
data             0x00800060         0x0000ffa0         rw !x
eeprom           0x00810000         0x00010000         rw !x
fuse             0x00820000         0x00000400         rw !x
lock             0x00830000         0x00000400         rw !x
signature        0x00840000         0x00000400         rw !x
*default*        0x00000000         0xffffffff

Linker script and memory map

Address of section .data set to 0x800100
LOAD c:/winavr-20100110/bin/../lib/gcc/avr/4.3.3/../../../../avr/lib/avr5/crtm328p.o
LOAD main.o
LOAD timebase.o
LOAD uart.o
LOAD c:/winavr-20100110/bin/../lib/gcc/avr/4.3.3/../../../../avr/lib/avr5\libm.a
LOAD c:/winavr-20100110/bin/../lib/gcc/avr/4.3.3/avr5\libgcc.a
LOAD c:/winavr-20100110/bin/../lib/gcc/avr/4.3.3/../../../../avr/lib/avr5\libc.a
LOAD c:/winavr-20100110/bin/../lib/gcc/avr/4.3.3/avr5\libgcc.a

.hash
 *(.hash)

.dynsym
 *(.dynsym)

.dynstr
 *(.dynstr)

.gnu.version
 *(.gnu.version)

.gnu.version_d
 *(.gnu.version_d)

.gnu.version_r
 *(.gnu.version_r)

.rel.init
 *(.rel.init)

.rela.init
 *(.rela.init)

.rel.text
 *(.rel.text)
 *(.rel.text.*)
 *(.rel.gnu.linkonce.t*)

.rela.text
 *(.rela.text)
 *(.rela.text.*)
 *(.rela.gnu.linkonce.t*)

.rel.fini
 *(.rel.fini)

.rela.fini
 *(.rela.fini)

.rel.rodata
 *(.rel.rodata)
 *(.rel.rodata.*)
 *(.rel.gnu.linkonce.r*)

.rela.rodata
 *(.rela.rodata)
 *(.rela.rodata.*)
 *(.rela.gnu.linkonce.r*)

.rel.data
 *(.rel.data)
 *(.rel.data.*)
 *(.rel.gnu.linkonce.d*)

.rela.data
 *(.rela.data)
 *(.rela.data.*)
 *(.rela.gnu.linkonce.d*)

.rel.ctors
 *(.rel.ctors)

.rela.ctors
 *(.rela.ctors)

.rel.dtors
 *(.rel.dtors)

.rela.dtors
 *(.rela.dtors)

.rel.got
 *(.rel.got)

.rela.got
 *(.rela.got)

.rel.bss
 *(.rel.bss)

.rela.bss
 *(.rela.bss)

.rel.plt
 *(.rel.plt)

.rela.plt
 *(.rela.plt)

.text           0x00000000     0x31e6
 *(.vectors)
 .vectors       0x00000000       0x68 c:/winavr-20100110/bin/../lib/gcc/avr/4.3.3/../../../../avr/lib/avr5/crtm328p.o
                0x00000000                __vectors
                0x00000000                __vector_default
 *(.vectors)
 *(.progmem.gcc*)
 *(.progmem*)
                0x00000068                . = ALIGN (0x2)
                0x00000068                __trampolines_start = .
 *(.trampolines)
 .trampolines   0x00000068        0x0 linker stubs
 *(.trampolines*)
                0x00000068                __trampolines_end = .
 *(.jumptables)
 *(.jumptables*)
 *(.lowtext)
 *(.lowtext*)
                0x00000068                __ctors_start = .
 *(.ctors)
                0x00000068                __ctors_end = .
                0x00000068                __dtors_start = .
 *(.dtors)
                0x00000068                __dtors_end = .
 SORT(*)(.ctors)
 SORT(*)(.dtors)
 *(.init0)
 .init0         0x00000068        0x0 c:/winavr-20100110/bin/../lib/gcc/avr/4.3.3/../../../../avr/lib/avr5/crtm328p.o
                0x00000068                __init
 *(.init0)
 *(.init1)
 *(.init1)
 *(.init2)
 .init2         0x00000068        0xc c:/winavr-20100110/bin/../lib/gcc/avr/4.3.3/../../../../avr/lib/avr5/crtm328p.o
 *(.init2)
 *(.init3)
 *(.init3)
 *(.init4)
 .init4         0x00000074       0x16 c:/winavr-20100110/bin/../lib/gcc/avr/4.3.3/avr5\libgcc.a(_copy_data.o)
                0x00000074                __do_copy_data
 .init4         0x0000008a       0x10 c:/winavr-20100110/bin/../lib/gcc/avr/4.3.3/avr5\libgcc.a(_clear_bss.o)
                0x0000008a                __do_clear_bss
 *(.init4)
 *(.init5)
 *(.init5)
 *(.init6)
 *(.init6)
 *(.init7)
 *(.init7)
 *(.init8)
 *(.init8)
 *(.init9)
 .init9         0x0000009a        0x8 c:/winavr-20100110/bin/../lib/gcc/avr/4.3.3/../../../../avr/lib/avr5/crtm328p.o
 *(.init9)
 *(.text)
 .text          0x000000a2        0x4 c:/winavr-20100110/bin/../lib/gcc/avr/4.3.3/../../../../avr/lib/avr5/crtm328p.o
                0x000000a2                __vector_22
                0x000000a2                __vector_1
                0x000000a2                __vector_24
                0x000000a2                __vector_12
                0x000000a2                __bad_interrupt
                0x000000a2                __vector_3
                0x000000a2                __vector_23
                0x000000a2                __vector_25
                0x000000a2                __vector_11
                0x000000a2                __vector_13
                0x000000a2                __vector_17
                0x000000a2                __vector_19
                0x000000a2                __vector_7
                0x000000a2                __vector_5
                0x000000a2                __vector_4
                0x000000a2                __vector_9
                0x000000a2                __vector_2
                0x000000a2                __vector_21
                0x000000a2                __vector_15
                0x000000a2                __vector_8
                0x000000a2                __vector_14
                0x000000a2                __vector_10
                0x000000a2                __vector_20
 .text          0x000000a6       0xec main.o
                0x000000a6                main
 .text          0x00000192     0x2aca timebase.o
                0x00001902                Timebase_UpCounter_Set_Period_Value_Securely
                0x000029a0                Timebase_DownCounter_Period_Value_Expired
                0x00001a80                Timebase_UpCounter_Reset_All
                0x0000166a                Timebase_UpCounter_Set_Securely
                0x000011ee                Timebase_UpCounter_SS_Period_Value_Expired_Event
                0x00001b92                Timebase_DownCounter_SS_Set_EndValueSec
                0x00000ac6                Timebase_UpCounter_SS_Clear_All_Flags
                0x0000130e                Timebase_UpCounter_Get_EndValueSec
                0x00000d1a                Timebase_UpCounter_SS_Update
                0x00001bea                Timebase_DownCounter_SS_Get_PeriodValue
                0x00001a88                Timebase_DownCounter_SS_Get_Status
                0x00002384                Timebase_DownCounter_Get_Status
                0x000021b2                Timebase_DownCounter_SS_Set_Period_Value_Securely
                0x000008c0                Timebase_UpCounter_SS_Set_TargetValue
                0x00002720                Timebase_DownCounter_Set_Forcefully
                0x00001cbc                Timebase_DownCounter_SS_Clear_Period_Flag
                0x00000a52                Timebase_UpCounter_SS_Reset
                0x00001d72                Timebase_DownCounter_SS_Start
                0x00002b62                Timebase_ISR_Executables
                0x0000151e                Timebase_UpCounter_Get_Period_Flag
                0x00002a70                Timebase_DownCounter_Update_All
                0x00001ae2                Timebase_DownCounter_SS_Get_Value
                0x0000085a                Timebase_UpCounter_SS_Set_EndValueSubSec
                0x00001546                Timebase_UpCounter_Set_Period_Flag
                0x0000103c                Timebase_UpCounter_SS_Expired
                0x00001b66                Timebase_DownCounter_SS_Get_EndValueSubSec
                0x00002158                Timebase_DownCounter_SS_Expired_Event
                0x00002a9e                Timebase_Reset
                0x00002aac                Timebase_Init
                0x0000159a                Timebase_UpCounter_Reset
                0x00000602                Timebase_Timer_Await_SubSeconds
                0x000008ec                Timebase_UpCounter_SS_Get_TemporaryValue
                0x00001440                Timebase_UpCounter_Get_TemporaryValue
                0x00002354                Timebase_DownCounter_SS_Reset_All
                0x000012c8                Timebase_UpCounter_Set_Value
                0x00001634                Timebase_UpCounter_Stop
                0x00001d2c                Timebase_DownCounter_SS_Clear_All_Flags
                0x000004a6                Timebase_Atomic_Operation_Start
                0x00000b3c                Timebase_UpCounter_SS_Set_Securely
                0x0000147a                Timebase_UpCounter_Set_TemporaryValue
                0x00002a78                Timebase_DownCounter_Reset_All
                0x00002bb6                __vector_6
                0x00001348                Timebase_UpCounter_Get_EndValueSubSec
                0x000004d4                Timebase_Timer_Get_SubSeconds
                0x00000886                Timebase_UpCounter_SS_Get_TargetValue
                0x00001122                Timebase_UpCounter_SS_Get_Remaining_Period_Value
                0x00000776                Timebase_UpCounter_SS_Set_Value
                0x000019b2                Timebase_UpCounter_Period_Value_Expired
                0x000007f4                Timebase_UpCounter_SS_Get_EndValueSubSec
                0x00001708                Timebase_UpCounter_Update
                0x00001a78                Timebase_UpCounter_Update_All
                0x0000082e                Timebase_UpCounter_SS_Set_EndValueSec
                0x000009a4                Timebase_UpCounter_SS_Set_PeriodValue
                0x0000234c                Timebase_DownCounter_SS_Update_All
                0x00000486                Timebase_LPTimer_Config
                0x00000508                Timebase_Timer_Set_Seconds
                0x0000073c                Timebase_UpCounter_SS_Get_Value
                0x000028c4                Timebase_DownCounter_Set_Period_Value_Securely
                0x00000a26                Timebase_UpCounter_SS_Clear_Period_Flag
                0x000009fa                Timebase_UpCounter_SS_Set_Period_Flag
                0x00002a2c                Timebase_DownCounter_Period_Value_Expired_Event
                0x00001b3a                Timebase_DownCounter_SS_Get_EndValueSec
                0x00002838                Timebase_DownCounter_Expired
                0x00001ab2                Timebase_DownCounter_SS_Set_Status
                0x00001072                Timebase_UpCounter_SS_Expired_Event
                0x000015fe                Timebase_UpCounter_Start
                0x000025fa                Timebase_DownCounter_Clear_All_Flags
                0x00001ce6                Timebase_DownCounter_SS_Reset
                0x00002446                Timebase_DownCounter_Get_EndValue
                0x0000070a                Timebase_UpCounter_SS_Set_Status
                0x00002416                Timebase_DownCounter_Set_Value
                0x0000195c                Timebase_UpCounter_Get_Remaining_Period_Value
                0x00002232                Timebase_DownCounter_SS_Get_Remaining_Period_Value
                0x00000acc                Timebase_UpCounter_SS_Start
                0x00002ac6                Timebase_Main_Loop_Executables
                0x00001c16                Timebase_DownCounter_SS_Set_PeriodValue
                0x00002532                Timebase_DownCounter_Get_Period_Flag
                0x000014ee                Timebase_UpCounter_Set_PeriodValue
                0x00001c92                Timebase_DownCounter_SS_Set_Period_Flag
                0x00000b04                Timebase_UpCounter_SS_Stop
                0x00001238                Timebase_UpCounter_SS_Reset_All
                0x000024d6                Timebase_DownCounter_Set_PeriodValue
                0x00001dde                Timebase_DownCounter_SS_Set_Securely
                0x00002948                Timebase_DownCounter_Get_Remaining_Period_Value
                0x0000258c                Timebase_DownCounter_Clear_Period_Flag
                0x000016de                Timebase_UpCounter_Set_Forcefully
                0x000004ae                Timebase_Timer_Get_SubSecondsShadow
                0x000015f8                Timebase_UpCounter_Clear_All_Flags
                0x00001382                Timebase_UpCounter_Set_EndValueSec
                0x000004e4                Timebase_Timer_Get_Seconds
                0x00002286                Timebase_DownCounter_SS_Period_Value_Expired
                0x00001c6a                Timebase_DownCounter_SS_Get_Period_Flag
                0x000007ba                Timebase_UpCounter_SS_Get_EndValueSec
                0x000006de                Timebase_UpCounter_SS_Get_Status
                0x0000129a                Timebase_UpCounter_Get_Value
                0x000013ae                Timebase_UpCounter_Set_EndValueSubSec
                0x0000255e                Timebase_DownCounter_Set_Period_Flag
                0x00001fa2                Timebase_DownCounter_SS_Update
                0x0000230c                Timebase_DownCounter_SS_Period_Value_Expired_Event
                0x000010b0                Timebase_UpCounter_SS_Set_Period_Value_Securely
                0x000023e6                Timebase_DownCounter_Get_Value
                0x00000192                Timebase_Struct_Init
                0x0000069c                Timebase_Timer_Delay_Seconds
                0x0000036c                Timebase_Timer_Config
                0x0000126a                Timebase_UpCounter_Set_Status
                0x000004fa                Timebase_Timer_Set_SubSeconds
                0x0000276e                Timebase_DownCounter_Update
                0x000025ba                Timebase_DownCounter_Reset
                0x00001f56                Timebase_DownCounter_SS_Set_Forcefully
                0x000004aa                Timebase_Atomic_Operation_End
                0x00001890                Timebase_UpCounter_Expired
                0x00001b0e                Timebase_DownCounter_SS_Set_Value
                0x0000051a                Timebase_Timer_Sync_With_Shadow_Variables
                0x000004be                Timebase_Timer_Get_SecondsShadow
                0x00000cf0                Timebase_UpCounter_SS_Set_Forcefully
                0x000024a6                Timebase_DownCounter_Get_PeriodValue
                0x00002476                Timebase_DownCounter_Set_EndValue
                0x00001570                Timebase_UpCounter_Clear_Period_Flag
                0x00001a38                Timebase_UpCounter_Period_Value_Expired_Event
                0x00002870                Timebase_DownCounter_Expired_Event
                0x0000096a                Timebase_UpCounter_SS_Get_PeriodValue
                0x000018c4                Timebase_UpCounter_Expired_Event
                0x00002674                Timebase_DownCounter_Stop
                0x000013da                Timebase_UpCounter_Get_TargetValue
                0x000014be                Timebase_UpCounter_Get_PeriodValue
                0x000026ae                Timebase_DownCounter_Set_Securely
                0x00001da8                Timebase_DownCounter_SS_Stop
                0x000023b2                Timebase_DownCounter_Set_Status
                0x00002c08                __vector_16
                0x0000054a                Timebase_Timer_Delay_SubSeconds
                0x00001bbe                Timebase_DownCounter_SS_Set_EndValueSubSec
                0x0000116e                Timebase_UpCounter_SS_Period_Value_Expired
                0x0000263a                Timebase_DownCounter_Start
                0x00001240                Timebase_UpCounter_Get_Status
                0x00001414                Timebase_UpCounter_Set_TargetValue
                0x000009d0                Timebase_UpCounter_SS_Get_Period_Flag
                0x00000926                Timebase_UpCounter_SS_Set_TemporaryValue
                0x00001230                Timebase_UpCounter_SS_Update_All
                0x00002124                Timebase_DownCounter_SS_Expired
 .text          0x00002c5c      0x4ce uart.o
                0x00002d66                UART_Reset_Last_Received_Byte
                0x00002fee                UART_Read_From_Buffer
                0x00002f00                UART_Transmit_New_Line
                0x00002fbc                UART_Transmit_Number
                0x00002d60                UART_Last_Received_Byte
                0x000030e2                UART_Init
                0x00003004                UART_Flush_Buffer
                0x00002d18                UART_Receive_Byte
                0x00002d08                UART_Transmit_Byte
                0x00002ca0                UART_Config_Clock
                0x00002c9e                UART_Config_GPIO
                0x00002cfa                UART_Config_Receiver_Interrupt
                0x00002e1e                UART_Transmit_Byte_Bin
                0x00002f0a                UART_Transmit_Space
                0x00002cd6                UART_Config_Transmitter
                0x00002c5c                UART_Struct_Init
                0x00003032                UART_Interrupt_Service_Routine
                0x00002ce8                UART_Config_Receiver
                0x00002ede                UART_Transmit_Text
                0x00002ca2                UART_Config_BAUD_Rate
                0x00002ff8                UART_Current_Buffer_Index
                0x00002f14                UART_Determine_Digit_Numbers
                0x00002f92                UART_Transmit_Number_Digits
                0x0000309a                __vector_18
                0x00002d6c                UART_Transmit_Byte_Hex
 .text          0x0000312a        0x0 c:/winavr-20100110/bin/../lib/gcc/avr/4.3.3/avr5\libgcc.a(_mulsi3.o)
 .text          0x0000312a        0x0 c:/winavr-20100110/bin/../lib/gcc/avr/4.3.3/avr5\libgcc.a(_udivmodsi4.o)
 .text          0x0000312a        0x0 c:/winavr-20100110/bin/../lib/gcc/avr/4.3.3/avr5\libgcc.a(_divmodsi4.o)
 .text          0x0000312a        0x0 c:/winavr-20100110/bin/../lib/gcc/avr/4.3.3/avr5\libgcc.a(_exit.o)
 .text          0x0000312a        0x0 c:/winavr-20100110/bin/../lib/gcc/avr/4.3.3/avr5\libgcc.a(_copy_data.o)
 .text          0x0000312a        0x0 c:/winavr-20100110/bin/../lib/gcc/avr/4.3.3/avr5\libgcc.a(_clear_bss.o)
                0x0000312a                . = ALIGN (0x2)
 *(.text.*)
 .text.libgcc   0x0000312a       0x3e c:/winavr-20100110/bin/../lib/gcc/avr/4.3.3/avr5\libgcc.a(_mulsi3.o)
                0x0000312a                __mulsi3
 .text.libgcc   0x00003168       0x44 c:/winavr-20100110/bin/../lib/gcc/avr/4.3.3/avr5\libgcc.a(_udivmodsi4.o)
                0x00003168                __udivmodsi4
 .text.libgcc   0x000031ac       0x36 c:/winavr-20100110/bin/../lib/gcc/avr/4.3.3/avr5\libgcc.a(_divmodsi4.o)
                0x000031ac                __divmodsi4
 .text.libgcc   0x000031e2        0x0 c:/winavr-20100110/bin/../lib/gcc/avr/4.3.3/avr5\libgcc.a(_exit.o)
 .text.libgcc   0x000031e2        0x0 c:/winavr-20100110/bin/../lib/gcc/avr/4.3.3/avr5\libgcc.a(_copy_data.o)
 .text.libgcc   0x000031e2        0x0 c:/winavr-20100110/bin/../lib/gcc/avr/4.3.3/avr5\libgcc.a(_clear_bss.o)
                0x000031e2                . = ALIGN (0x2)
 *(.fini9)
 .fini9         0x000031e2        0x0 c:/winavr-20100110/bin/../lib/gcc/avr/4.3.3/avr5\libgcc.a(_exit.o)
                0x000031e2                exit
                0x000031e2                _exit
 *(.fini9)
 *(.fini8)
 *(.fini8)
 *(.fini7)
 *(.fini7)
 *(.fini6)
 *(.fini6)
 *(.fini5)
 *(.fini5)
 *(.fini4)
 *(.fini4)
 *(.fini3)
 *(.fini3)
 *(.fini2)
 *(.fini2)
 *(.fini1)
 *(.fini1)
 *(.fini0)
 .fini0         0x000031e2        0x4 c:/winavr-20100110/bin/../lib/gcc/avr/4.3.3/avr5\libgcc.a(_exit.o)
 *(.fini0)
                0x000031e6                _etext = .

.data           0x00800100       0x14 load address 0x000031e6
                0x00800100                PROVIDE (__data_start, .)
 *(.data)
 .data          0x00800100        0x0 c:/winavr-20100110/bin/../lib/gcc/avr/4.3.3/../../../../avr/lib/avr5/crtm328p.o
 .data          0x00800100        0x5 main.o
 .data          0x00800105        0xa timebase.o
 .data          0x0080010f        0x5 uart.o
 .data          0x00800114        0x0 c:/winavr-20100110/bin/../lib/gcc/avr/4.3.3/avr5\libgcc.a(_mulsi3.o)
 .data          0x00800114        0x0 c:/winavr-20100110/bin/../lib/gcc/avr/4.3.3/avr5\libgcc.a(_udivmodsi4.o)
 .data          0x00800114        0x0 c:/winavr-20100110/bin/../lib/gcc/avr/4.3.3/avr5\libgcc.a(_divmodsi4.o)
 .data          0x00800114        0x0 c:/winavr-20100110/bin/../lib/gcc/avr/4.3.3/avr5\libgcc.a(_exit.o)
 .data          0x00800114        0x0 c:/winavr-20100110/bin/../lib/gcc/avr/4.3.3/avr5\libgcc.a(_copy_data.o)
 .data          0x00800114        0x0 c:/winavr-20100110/bin/../lib/gcc/avr/4.3.3/avr5\libgcc.a(_clear_bss.o)
 *(.data*)
 *(.rodata)
 *(.rodata*)
 *(.gnu.linkonce.d*)
                0x00800114                . = ALIGN (0x2)
                0x00800114                _edata = .
                0x00800114                PROVIDE (__data_end, .)

.bss            0x00800114       0xa3
                0x00800114                PROVIDE (__bss_start, .)
 *(.bss)
 .bss           0x00800114        0x0 c:/winavr-20100110/bin/../lib/gcc/avr/4.3.3/../../../../avr/lib/avr5/crtm328p.o
 .bss           0x00800114        0x0 main.o
 .bss           0x00800114        0x0 timebase.o
 .bss           0x00800114       0x2f uart.o
 .bss           0x00800143        0x0 c:/winavr-20100110/bin/../lib/gcc/avr/4.3.3/avr5\libgcc.a(_mulsi3.o)
 .bss           0x00800143        0x0 c:/winavr-20100110/bin/../lib/gcc/avr/4.3.3/avr5\libgcc.a(_udivmodsi4.o)
 .bss           0x00800143        0x0 c:/winavr-20100110/bin/../lib/gcc/avr/4.3.3/avr5\libgcc.a(_divmodsi4.o)
 .bss           0x00800143        0x0 c:/winavr-20100110/bin/../lib/gcc/avr/4.3.3/avr5\libgcc.a(_exit.o)
 .bss           0x00800143        0x0 c:/winavr-20100110/bin/../lib/gcc/avr/4.3.3/avr5\libgcc.a(_copy_data.o)
 .bss           0x00800143        0x0 c:/winavr-20100110/bin/../lib/gcc/avr/4.3.3/avr5\libgcc.a(_clear_bss.o)
 *(.bss*)
 *(COMMON)
 COMMON         0x00800143       0x74 timebase.o
                0x00800143                Timebase
                0x00800145                Timebase_type
                0x008001b7                PROVIDE (__bss_end, .)
                0x000031e6                __data_load_start = LOADADDR (.data)
                0x000031fa                __data_load_end = (__data_load_start + SIZEOF (.data))

.noinit         0x008001b7        0x0
                0x008001b7                PROVIDE (__noinit_start, .)
 *(.noinit*)
                0x008001b7                PROVIDE (__noinit_end, .)
                0x008001b7                _end = .
                0x008001b7                PROVIDE (__heap_start, .)

.eeprom         0x00810000        0x0
 *(.eeprom*)
                0x00810000                __eeprom_end = .

.fuse
 *(.fuse)
 *(.lfuse)
 *(.hfuse)
 *(.efuse)

.lock
 *(.lock*)

.signature
 *(.signature*)

.stab
 *(.stab)

.stabstr
 *(.stabstr)

.stab.excl
 *(.stab.excl)

.stab.exclstr
 *(.stab.exclstr)

.stab.index
 *(.stab.index)

.stab.indexstr
 *(.stab.indexstr)

.comment
 *(.comment)

.debug
 *(.debug)

.line
 *(.line)

.debug_srcinfo
 *(.debug_srcinfo)

.debug_sfnames
 *(.debug_sfnames)

.debug_aranges  0x00000000       0x60
 *(.debug_aranges)
 .debug_aranges
                0x00000000       0x20 main.o
 .debug_aranges
                0x00000020       0x20 timebase.o
 .debug_aranges
                0x00000040       0x20 uart.o

.debug_pubnames
                0x00000000     0x17d5
 *(.debug_pubnames)
 .debug_pubnames
                0x00000000       0x1b main.o
 .debug_pubnames
                0x0000001b     0x1522 timebase.o
 .debug_pubnames
                0x0000153d      0x298 uart.o

.debug_info     0x00000000     0x4617
 *(.debug_info)
 .debug_info    0x00000000      0x119 main.o
 .debug_info    0x00000119     0x3e72 timebase.o
 .debug_info    0x00003f8b      0x68c uart.o
 *(.gnu.linkonce.wi.*)

.debug_abbrev   0x00000000      0x58e
 *(.debug_abbrev)
 .debug_abbrev  0x00000000       0xb6 main.o
 .debug_abbrev  0x000000b6      0x28f timebase.o
 .debug_abbrev  0x00000345      0x249 uart.o

.debug_line     0x00000000     0x2208
 *(.debug_line)
 .debug_line    0x00000000      0x1c2 main.o
 .debug_line    0x000001c2     0x1a8b timebase.o
 .debug_line    0x00001c4d      0x5bb uart.o

.debug_frame    0x00000000      0xa80
 *(.debug_frame)
 .debug_frame   0x00000000       0x20 main.o
 .debug_frame   0x00000020      0x8c0 timebase.o
 .debug_frame   0x000008e0      0x1a0 uart.o

.debug_str      0x00000000     0x1990
 *(.debug_str)
 .debug_str     0x00000000       0xd8 main.o
                                0x10c (size before relaxing)
 .debug_str     0x000000d8     0x15fd timebase.o
                               0x1755 (size before relaxing)
 .debug_str     0x000016d5      0x2bb uart.o
                                0x3af (size before relaxing)

.debug_loc      0x00000000     0x1af3
 *(.debug_loc)
 .debug_loc     0x00000000       0x30 main.o
 .debug_loc     0x00000030     0x16b7 timebase.o
 .debug_loc     0x000016e7      0x40c uart.o

.debug_macinfo
 *(.debug_macinfo)
OUTPUT(main.elf elf32-avr)
LOAD linker stubs

.debug_ranges   0x00000000       0x48
 .debug_ranges  0x00000000       0x48 uart.o

Cross Reference Table

Symbol                                            File
Timebase                                          timebase.o
Timebase_Atomic_Operation_End                     timebase.o
Timebase_Atomic_Operation_Start                   timebase.o
Timebase_DownCounter_Clear_All_Flags              timebase.o
Timebase_DownCounter_Clear_Period_Flag            timebase.o
Timebase_DownCounter_Expired                      timebase.o
Timebase_DownCounter_Expired_Event                timebase.o
Timebase_DownCounter_Get_EndValue                 timebase.o
Timebase_DownCounter_Get_PeriodValue              timebase.o
Timebase_DownCounter_Get_Period_Flag              timebase.o
Timebase_DownCounter_Get_Remaining_Period_Value   timebase.o
Timebase_DownCounter_Get_Status                   timebase.o
Timebase_DownCounter_Get_Value                    timebase.o
                                                  main.o
Timebase_DownCounter_Period_Value_Expired         timebase.o
Timebase_DownCounter_Period_Value_Expired_Event   timebase.o
Timebase_DownCounter_Reset                        timebase.o
Timebase_DownCounter_Reset_All                    timebase.o
Timebase_DownCounter_SS_Clear_All_Flags           timebase.o
Timebase_DownCounter_SS_Clear_Period_Flag         timebase.o
Timebase_DownCounter_SS_Expired                   timebase.o
Timebase_DownCounter_SS_Expired_Event             timebase.o
Timebase_DownCounter_SS_Get_EndValueSec           timebase.o
Timebase_DownCounter_SS_Get_EndValueSubSec        timebase.o
Timebase_DownCounter_SS_Get_PeriodValue           timebase.o
Timebase_DownCounter_SS_Get_Period_Flag           timebase.o
Timebase_DownCounter_SS_Get_Remaining_Period_Value timebase.o
Timebase_DownCounter_SS_Get_Status                timebase.o
Timebase_DownCounter_SS_Get_Value                 timebase.o
                                                  main.o
Timebase_DownCounter_SS_Period_Value_Expired      timebase.o
Timebase_DownCounter_SS_Period_Value_Expired_Event timebase.o
Timebase_DownCounter_SS_Reset                     timebase.o
Timebase_DownCounter_SS_Reset_All                 timebase.o
Timebase_DownCounter_SS_Set_EndValueSec           timebase.o
Timebase_DownCounter_SS_Set_EndValueSubSec        timebase.o
Timebase_DownCounter_SS_Set_Forcefully            timebase.o
Timebase_DownCounter_SS_Set_PeriodValue           timebase.o
Timebase_DownCounter_SS_Set_Period_Flag           timebase.o
Timebase_DownCounter_SS_Set_Period_Value_Securely timebase.o
Timebase_DownCounter_SS_Set_Securely              timebase.o
                                                  main.o
Timebase_DownCounter_SS_Set_Status                timebase.o
Timebase_DownCounter_SS_Set_Value                 timebase.o
Timebase_DownCounter_SS_Start                     timebase.o
Timebase_DownCounter_SS_Stop                      timebase.o
Timebase_DownCounter_SS_Update                    timebase.o
Timebase_DownCounter_SS_Update_All                timebase.o
Timebase_DownCounter_Set_EndValue                 timebase.o
Timebase_DownCounter_Set_Forcefully               timebase.o
Timebase_DownCounter_Set_PeriodValue              timebase.o
Timebase_DownCounter_Set_Period_Flag              timebase.o
Timebase_DownCounter_Set_Period_Value_Securely    timebase.o
Timebase_DownCounter_Set_Securely                 timebase.o
                                                  main.o
Timebase_DownCounter_Set_Status                   timebase.o
Timebase_DownCounter_Set_Value                    timebase.o
Timebase_DownCounter_Start                        timebase.o
Timebase_DownCounter_Stop                         timebase.o
Timebase_DownCounter_Update                       timebase.o
Timebase_DownCounter_Update_All                   timebase.o
Timebase_ISR_Executables                          timebase.o
Timebase_Init                                     timebase.o
                                                  main.o
Timebase_LPTimer_Config                           timebase.o
Timebase_Main_Loop_Executables                    timebase.o
                                                  main.o
Timebase_Reset                                    timebase.o
Timebase_Struct_Init                              timebase.o
Timebase_Timer_Await_SubSeconds                   timebase.o
                                                  main.o
Timebase_Timer_Config                             timebase.o
Timebase_Timer_Delay_Seconds                      timebase.o
Timebase_Timer_Delay_SubSeconds                   timebase.o
Timebase_Timer_Get_Seconds                        timebase.o
                                                  main.o
Timebase_Timer_Get_SecondsShadow                  timebase.o
Timebase_Timer_Get_SubSeconds                     timebase.o
                                                  main.o
Timebase_Timer_Get_SubSecondsShadow               timebase.o
Timebase_Timer_Set_Seconds                        timebase.o
Timebase_Timer_Set_SubSeconds                     timebase.o
Timebase_Timer_Sync_With_Shadow_Variables         timebase.o
Timebase_UpCounter_Clear_All_Flags                timebase.o
Timebase_UpCounter_Clear_Period_Flag              timebase.o
Timebase_UpCounter_Expired                        timebase.o
Timebase_UpCounter_Expired_Event                  timebase.o
Timebase_UpCounter_Get_EndValueSec                timebase.o
Timebase_UpCounter_Get_EndValueSubSec             timebase.o
Timebase_UpCounter_Get_PeriodValue                timebase.o
Timebase_UpCounter_Get_Period_Flag                timebase.o
Timebase_UpCounter_Get_Remaining_Period_Value     timebase.o
Timebase_UpCounter_Get_Status                     timebase.o
Timebase_UpCounter_Get_TargetValue                timebase.o
Timebase_UpCounter_Get_TemporaryValue             timebase.o
Timebase_UpCounter_Get_Value                      timebase.o
                                                  main.o
Timebase_UpCounter_Period_Value_Expired           timebase.o
Timebase_UpCounter_Period_Value_Expired_Event     timebase.o
Timebase_UpCounter_Reset                          timebase.o
Timebase_UpCounter_Reset_All                      timebase.o
Timebase_UpCounter_SS_Clear_All_Flags             timebase.o
Timebase_UpCounter_SS_Clear_Period_Flag           timebase.o
Timebase_UpCounter_SS_Expired                     timebase.o
Timebase_UpCounter_SS_Expired_Event               timebase.o
Timebase_UpCounter_SS_Get_EndValueSec             timebase.o
Timebase_UpCounter_SS_Get_EndValueSubSec          timebase.o
Timebase_UpCounter_SS_Get_PeriodValue             timebase.o
Timebase_UpCounter_SS_Get_Period_Flag             timebase.o
Timebase_UpCounter_SS_Get_Remaining_Period_Value  timebase.o
Timebase_UpCounter_SS_Get_Status                  timebase.o
Timebase_UpCounter_SS_Get_TargetValue             timebase.o
Timebase_UpCounter_SS_Get_TemporaryValue          timebase.o
Timebase_UpCounter_SS_Get_Value                   timebase.o
                                                  main.o
Timebase_UpCounter_SS_Period_Value_Expired        timebase.o
Timebase_UpCounter_SS_Period_Value_Expired_Event  timebase.o
Timebase_UpCounter_SS_Reset                       timebase.o
Timebase_UpCounter_SS_Reset_All                   timebase.o
Timebase_UpCounter_SS_Set_EndValueSec             timebase.o
Timebase_UpCounter_SS_Set_EndValueSubSec          timebase.o
Timebase_UpCounter_SS_Set_Forcefully              timebase.o
Timebase_UpCounter_SS_Set_PeriodValue             timebase.o
Timebase_UpCounter_SS_Set_Period_Flag             timebase.o
Timebase_UpCounter_SS_Set_Period_Value_Securely   timebase.o
Timebase_UpCounter_SS_Set_Securely                timebase.o
                                                  main.o
Timebase_UpCounter_SS_Set_Status                  timebase.o
Timebase_UpCounter_SS_Set_TargetValue             timebase.o
Timebase_UpCounter_SS_Set_TemporaryValue          timebase.o
Timebase_UpCounter_SS_Set_Value                   timebase.o
Timebase_UpCounter_SS_Start                       timebase.o
Timebase_UpCounter_SS_Stop                        timebase.o
Timebase_UpCounter_SS_Update                      timebase.o
Timebase_UpCounter_SS_Update_All                  timebase.o
Timebase_UpCounter_Set_EndValueSec                timebase.o
Timebase_UpCounter_Set_EndValueSubSec             timebase.o
Timebase_UpCounter_Set_Forcefully                 timebase.o
Timebase_UpCounter_Set_PeriodValue                timebase.o
Timebase_UpCounter_Set_Period_Flag                timebase.o
Timebase_UpCounter_Set_Period_Value_Securely      timebase.o
Timebase_UpCounter_Set_Securely                   timebase.o
                                                  main.o
Timebase_UpCounter_Set_Status                     timebase.o
Timebase_UpCounter_Set_TargetValue                timebase.o
Timebase_UpCounter_Set_TemporaryValue             timebase.o
Timebase_UpCounter_Set_Value                      timebase.o
Timebase_UpCounter_Start                          timebase.o
Timebase_UpCounter_Stop                           timebase.o
Timebase_UpCounter_Update                         timebase.o
Timebase_UpCounter_Update_All                     timebase.o
Timebase_type                                     timebase.o
UART_Config_BAUD_Rate                             uart.o
UART_Config_Clock                                 uart.o
UART_Config_GPIO                                  uart.o
UART_Config_Receiver                              uart.o
UART_Config_Receiver_Interrupt                    uart.o
UART_Config_Transmitter                           uart.o
UART_Current_Buffer_Index                         uart.o
UART_Determine_Digit_Numbers                      uart.o
UART_Flush_Buffer                                 uart.o
UART_Init                                         uart.o
                                                  main.o
UART_Interrupt_Service_Routine                    uart.o
UART_Last_Received_Byte                           uart.o
UART_Read_From_Buffer                             uart.o
UART_Receive_Byte                                 uart.o
UART_Reset_Last_Received_Byte                     uart.o
UART_Struct_Init                                  uart.o
UART_Transmit_Byte                                uart.o
UART_Transmit_Byte_Bin                            uart.o
UART_Transmit_Byte_Hex                            uart.o
UART_Transmit_New_Line                            uart.o
UART_Transmit_Number                              uart.o
                                                  main.o
UART_Transmit_Number_Digits                       uart.o
UART_Transmit_Space                               uart.o
UART_Transmit_Text                                uart.o
                                                  main.o
__bad_interrupt                                   c:/winavr-20100110/bin/../lib/gcc/avr/4.3.3/../../../../avr/lib/avr5/crtm328p.o
__bss_end                                         c:/winavr-20100110/bin/../lib/gcc/avr/4.3.3/avr5\libgcc.a(_clear_bss.o)
__bss_start                                       c:/winavr-20100110/bin/../lib/gcc/avr/4.3.3/avr5\libgcc.a(_clear_bss.o)
__data_end                                        c:/winavr-20100110/bin/../lib/gcc/avr/4.3.3/avr5\libgcc.a(_copy_data.o)
__data_load_start                                 c:/winavr-20100110/bin/../lib/gcc/avr/4.3.3/avr5\libgcc.a(_copy_data.o)
__data_start                                      c:/winavr-20100110/bin/../lib/gcc/avr/4.3.3/avr5\libgcc.a(_copy_data.o)
__divmodsi4                                       c:/winavr-20100110/bin/../lib/gcc/avr/4.3.3/avr5\libgcc.a(_divmodsi4.o)
                                                  timebase.o
__do_clear_bss                                    c:/winavr-20100110/bin/../lib/gcc/avr/4.3.3/avr5\libgcc.a(_clear_bss.o)
                                                  uart.o
                                                  timebase.o
__do_copy_data                                    c:/winavr-20100110/bin/../lib/gcc/avr/4.3.3/avr5\libgcc.a(_copy_data.o)
                                                  uart.o
                                                  timebase.o
                                                  main.o
__heap_end                                        c:/winavr-20100110/bin/../lib/gcc/avr/4.3.3/../../../../avr/lib/avr5/crtm328p.o
__init                                            c:/winavr-20100110/bin/../lib/gcc/avr/4.3.3/../../../../avr/lib/avr5/crtm328p.o
__mulsi3                                          c:/winavr-20100110/bin/../lib/gcc/avr/4.3.3/avr5\libgcc.a(_mulsi3.o)
                                                  timebase.o
__stack                                           c:/winavr-20100110/bin/../lib/gcc/avr/4.3.3/../../../../avr/lib/avr5/crtm328p.o
__udivmodsi4                                      c:/winavr-20100110/bin/../lib/gcc/avr/4.3.3/avr5\libgcc.a(_udivmodsi4.o)
                                                  c:/winavr-20100110/bin/../lib/gcc/avr/4.3.3/avr5\libgcc.a(_divmodsi4.o)
                                                  uart.o
__vector_1                                        c:/winavr-20100110/bin/../lib/gcc/avr/4.3.3/../../../../avr/lib/avr5/crtm328p.o
__vector_10                                       c:/winavr-20100110/bin/../lib/gcc/avr/4.3.3/../../../../avr/lib/avr5/crtm328p.o
__vector_11                                       c:/winavr-20100110/bin/../lib/gcc/avr/4.3.3/../../../../avr/lib/avr5/crtm328p.o
__vector_12                                       c:/winavr-20100110/bin/../lib/gcc/avr/4.3.3/../../../../avr/lib/avr5/crtm328p.o
__vector_13                                       c:/winavr-20100110/bin/../lib/gcc/avr/4.3.3/../../../../avr/lib/avr5/crtm328p.o
__vector_14                                       c:/winavr-20100110/bin/../lib/gcc/avr/4.3.3/../../../../avr/lib/avr5/crtm328p.o
__vector_15                                       c:/winavr-20100110/bin/../lib/gcc/avr/4.3.3/../../../../avr/lib/avr5/crtm328p.o
__vector_16                                       timebase.o
                                                  c:/winavr-20100110/bin/../lib/gcc/avr/4.3.3/../../../../avr/lib/avr5/crtm328p.o
__vector_17                                       c:/winavr-20100110/bin/../lib/gcc/avr/4.3.3/../../../../avr/lib/avr5/crtm328p.o
__vector_18                                       uart.o
                                                  c:/winavr-20100110/bin/../lib/gcc/avr/4.3.3/../../../../avr/lib/avr5/crtm328p.o
__vector_19                                       c:/winavr-20100110/bin/../lib/gcc/avr/4.3.3/../../../../avr/lib/avr5/crtm328p.o
__vector_2                                        c:/winavr-20100110/bin/../lib/gcc/avr/4.3.3/../../../../avr/lib/avr5/crtm328p.o
__vector_20                                       c:/winavr-20100110/bin/../lib/gcc/avr/4.3.3/../../../../avr/lib/avr5/crtm328p.o
__vector_21                                       c:/winavr-20100110/bin/../lib/gcc/avr/4.3.3/../../../../avr/lib/avr5/crtm328p.o
__vector_22                                       c:/winavr-20100110/bin/../lib/gcc/avr/4.3.3/../../../../avr/lib/avr5/crtm328p.o
__vector_23                                       c:/winavr-20100110/bin/../lib/gcc/avr/4.3.3/../../../../avr/lib/avr5/crtm328p.o
__vector_24                                       c:/winavr-20100110/bin/../lib/gcc/avr/4.3.3/../../../../avr/lib/avr5/crtm328p.o
__vector_25                                       c:/winavr-20100110/bin/../lib/gcc/avr/4.3.3/../../../../avr/lib/avr5/crtm328p.o
__vector_3                                        c:/winavr-20100110/bin/../lib/gcc/avr/4.3.3/../../../../avr/lib/avr5/crtm328p.o
__vector_4                                        c:/winavr-20100110/bin/../lib/gcc/avr/4.3.3/../../../../avr/lib/avr5/crtm328p.o
__vector_5                                        c:/winavr-20100110/bin/../lib/gcc/avr/4.3.3/../../../../avr/lib/avr5/crtm328p.o
__vector_6                                        timebase.o
                                                  c:/winavr-20100110/bin/../lib/gcc/avr/4.3.3/../../../../avr/lib/avr5/crtm328p.o
__vector_7                                        c:/winavr-20100110/bin/../lib/gcc/avr/4.3.3/../../../../avr/lib/avr5/crtm328p.o
__vector_8                                        c:/winavr-20100110/bin/../lib/gcc/avr/4.3.3/../../../../avr/lib/avr5/crtm328p.o
__vector_9                                        c:/winavr-20100110/bin/../lib/gcc/avr/4.3.3/../../../../avr/lib/avr5/crtm328p.o
__vector_default                                  c:/winavr-20100110/bin/../lib/gcc/avr/4.3.3/../../../../avr/lib/avr5/crtm328p.o
__vectors                                         c:/winavr-20100110/bin/../lib/gcc/avr/4.3.3/../../../../avr/lib/avr5/crtm328p.o
_exit                                             c:/winavr-20100110/bin/../lib/gcc/avr/4.3.3/avr5\libgcc.a(_exit.o)
exit                                              c:/winavr-20100110/bin/../lib/gcc/avr/4.3.3/avr5\libgcc.a(_exit.o)
                                                  c:/winavr-20100110/bin/../lib/gcc/avr/4.3.3/../../../../avr/lib/avr5/crtm328p.o
main                                              main.o
                                                  c:/winavr-20100110/bin/../lib/gcc/avr/4.3.3/../../../../avr/lib/avr5/crtm328p.o
