Archive member included because of file (symbol)

c:/winavr-20100110/bin/../lib/gcc/avr/4.3.3/avr5\libgcc.a(_mulsi3.o)
                              timebase.o (__mulsi3)
c:/winavr-20100110/bin/../lib/gcc/avr/4.3.3/avr5\libgcc.a(_udivmodsi4.o)
                              uart.o (__udivmodsi4)
c:/winavr-20100110/bin/../lib/gcc/avr/4.3.3/avr5\libgcc.a(_divmodsi4.o)
                              timebase.o (__divmodsi4)
c:/winavr-20100110/bin/../lib/gcc/avr/4.3.3/avr5\libgcc.a(_exit.o)
                              c:/winavr-20100110/bin/../lib/gcc/avr/4.3.3/../../../../avr/lib/avr5/crtm328p.o (exit)
c:/winavr-20100110/bin/../lib/gcc/avr/4.3.3/avr5\libgcc.a(_copy_data.o)
                              timebase.o (__do_copy_data)
c:/winavr-20100110/bin/../lib/gcc/avr/4.3.3/avr5\libgcc.a(_clear_bss.o)
                              timebase.o (__do_clear_bss)

Allocating common symbols
Common symbol       size              file

Timebase            0x2               timebase.o
Timebase_type       0x44              timebase.o

Memory Configuration

Name             Origin             Length             Attributes
text             0x00000000         0x00020000         xr
data             0x00800060         0x0000ffa0         rw !x
eeprom           0x00810000         0x00010000         rw !x
fuse             0x00820000         0x00000400         rw !x
lock             0x00830000         0x00000400         rw !x
signature        0x00840000         0x00000400         rw !x
*default*        0x00000000         0xffffffff

Linker script and memory map

Address of section .data set to 0x800100
LOAD c:/winavr-20100110/bin/../lib/gcc/avr/4.3.3/../../../../avr/lib/avr5/crtm328p.o
LOAD main.o
LOAD app.o
LOAD timebase.o
LOAD uart.o
LOAD pid.o
LOAD c:/winavr-20100110/bin/../lib/gcc/avr/4.3.3/../../../../avr/lib/avr5\libm.a
LOAD c:/winavr-20100110/bin/../lib/gcc/avr/4.3.3/avr5\libgcc.a
LOAD c:/winavr-20100110/bin/../lib/gcc/avr/4.3.3/../../../../avr/lib/avr5\libc.a
LOAD c:/winavr-20100110/bin/../lib/gcc/avr/4.3.3/avr5\libgcc.a

.hash
 *(.hash)

.dynsym
 *(.dynsym)

.dynstr
 *(.dynstr)

.gnu.version
 *(.gnu.version)

.gnu.version_d
 *(.gnu.version_d)

.gnu.version_r
 *(.gnu.version_r)

.rel.init
 *(.rel.init)

.rela.init
 *(.rela.init)

.rel.text
 *(.rel.text)
 *(.rel.text.*)
 *(.rel.gnu.linkonce.t*)

.rela.text
 *(.rela.text)
 *(.rela.text.*)
 *(.rela.gnu.linkonce.t*)

.rel.fini
 *(.rel.fini)

.rela.fini
 *(.rela.fini)

.rel.rodata
 *(.rel.rodata)
 *(.rel.rodata.*)
 *(.rel.gnu.linkonce.r*)

.rela.rodata
 *(.rela.rodata)
 *(.rela.rodata.*)
 *(.rela.gnu.linkonce.r*)

.rel.data
 *(.rel.data)
 *(.rel.data.*)
 *(.rel.gnu.linkonce.d*)

.rela.data
 *(.rela.data)
 *(.rela.data.*)
 *(.rela.gnu.linkonce.d*)

.rel.ctors
 *(.rel.ctors)

.rela.ctors
 *(.rela.ctors)

.rel.dtors
 *(.rel.dtors)

.rela.dtors
 *(.rela.dtors)

.rel.got
 *(.rel.got)

.rela.got
 *(.rela.got)

.rel.bss
 *(.rel.bss)

.rela.bss
 *(.rela.bss)

.rel.plt
 *(.rel.plt)

.rela.plt
 *(.rela.plt)

.text           0x00000000     0x2be6
 *(.vectors)
 .vectors       0x00000000       0x68 c:/winavr-20100110/bin/../lib/gcc/avr/4.3.3/../../../../avr/lib/avr5/crtm328p.o
                0x00000000                __vectors
                0x00000000                __vector_default
 *(.vectors)
 *(.progmem.gcc*)
 *(.progmem*)
                0x00000068                . = ALIGN (0x2)
                0x00000068                __trampolines_start = .
 *(.trampolines)
 .trampolines   0x00000068        0x0 linker stubs
 *(.trampolines*)
                0x00000068                __trampolines_end = .
 *(.jumptables)
 *(.jumptables*)
 *(.lowtext)
 *(.lowtext*)
                0x00000068                __ctors_start = .
 *(.ctors)
                0x00000068                __ctors_end = .
                0x00000068                __dtors_start = .
 *(.dtors)
                0x00000068                __dtors_end = .
 SORT(*)(.ctors)
 SORT(*)(.dtors)
 *(.init0)
 .init0         0x00000068        0x0 c:/winavr-20100110/bin/../lib/gcc/avr/4.3.3/../../../../avr/lib/avr5/crtm328p.o
                0x00000068                __init
 *(.init0)
 *(.init1)
 *(.init1)
 *(.init2)
 .init2         0x00000068        0xc c:/winavr-20100110/bin/../lib/gcc/avr/4.3.3/../../../../avr/lib/avr5/crtm328p.o
 *(.init2)
 *(.init3)
 *(.init3)
 *(.init4)
 .init4         0x00000074       0x16 c:/winavr-20100110/bin/../lib/gcc/avr/4.3.3/avr5\libgcc.a(_copy_data.o)
                0x00000074                __do_copy_data
 .init4         0x0000008a       0x10 c:/winavr-20100110/bin/../lib/gcc/avr/4.3.3/avr5\libgcc.a(_clear_bss.o)
                0x0000008a                __do_clear_bss
 *(.init4)
 *(.init5)
 *(.init5)
 *(.init6)
 *(.init6)
 *(.init7)
 *(.init7)
 *(.init8)
 *(.init8)
 *(.init9)
 .init9         0x0000009a        0x8 c:/winavr-20100110/bin/../lib/gcc/avr/4.3.3/../../../../avr/lib/avr5/crtm328p.o
 *(.init9)
 *(.text)
 .text          0x000000a2        0x4 c:/winavr-20100110/bin/../lib/gcc/avr/4.3.3/../../../../avr/lib/avr5/crtm328p.o
                0x000000a2                __vector_22
                0x000000a2                __vector_1
                0x000000a2                __vector_24
                0x000000a2                __vector_12
                0x000000a2                __bad_interrupt
                0x000000a2                __vector_3
                0x000000a2                __vector_23
                0x000000a2                __vector_25
                0x000000a2                __vector_11
                0x000000a2                __vector_13
                0x000000a2                __vector_17
                0x000000a2                __vector_19
                0x000000a2                __vector_7
                0x000000a2                __vector_5
                0x000000a2                __vector_4
                0x000000a2                __vector_2
                0x000000a2                __vector_21
                0x000000a2                __vector_15
                0x000000a2                __vector_8
                0x000000a2                __vector_14
                0x000000a2                __vector_10
                0x000000a2                __vector_20
 .text          0x000000a6       0x16 main.o
                0x000000a6                main
 .text          0x000000bc       0x36 app.o
                0x000000bc                App_Main_Loop
                0x000000c4                App_Setup
 .text          0x000000f2     0x1ada timebase.o
                0x00001206                Timebase_LPDownCounter_Get_Status
                0x00000904                Timebase_DownCounter_SS_Set_EndValueSec
                0x000017aa                Timebase_LPDownCounter_Expired_Event
                0x0000095c                Timebase_DownCounter_SS_Get_PeriodValue
                0x000007d0                Timebase_DownCounter_SS_Get_Status
                0x00001052                Timebase_DownCounter_SS_Set_Period_Value_Securely
                0x00000a3c                Timebase_DownCounter_SS_Clear_Period_Flag
                0x00000b60                Timebase_DownCounter_SS_Start
                0x00001aa0                Timebase_ISR_Executables
                0x0000187c                Timebase_LPDownCounter_Set_Period_Value_Securely
                0x0000082a                Timebase_DownCounter_SS_Get_Value
                0x0000034a                Timebase_LPTimer_Enable
                0x0000070e                Timebase_LPTimer_Get_Seconds
                0x000008ca                Timebase_DownCounter_SS_Get_EndValueSubSec
                0x00000f86                Timebase_DownCounter_SS_Expired_Event
                0x00001a26                Timebase_Reset
                0x00001a32                Timebase_Init
                0x000005c4                Timebase_Timer_Await_SubSeconds
                0x000003ba                Timebase_LPTimer_Disable
                0x000011d6                Timebase_DownCounter_SS_Reset_All
                0x00000b16                Timebase_DownCounter_SS_Clear_All_Flags
                0x00000336                Timebase_Timer_Disable
                0x000003d8                Timebase_Atomic_Operation_Start
                0x00001514                Timebase_LPDownCounter_Stop
                0x0000044c                Timebase_Timer_Get_SubSecondsShadow_Securely
                0x00001b7a                __vector_6
                0x000014e2                Timebase_LPDownCounter_Start
                0x00000406                Timebase_Timer_Get_SubSeconds
                0x00000aa0                Timebase_DownCounter_SS_Set_ReloadValue
                0x00000fe0                Timebase_DownCounter_SS_Oneshot_Expired_Event
                0x00000214                Timebase_Timer_Enable
                0x00000a66                Timebase_DownCounter_SS_Get_ReloadValue
                0x00000756                Timebase_LPTimer_Delay_Seconds
                0x00001314                Timebase_LPDownCounter_Get_PeriodValue
                0x00001546                Timebase_LPDownCounter_Set_Securely
                0x000011ce                Timebase_DownCounter_SS_Update_All
                0x0000043a                Timebase_Timer_Set_Seconds
                0x000015f4                Timebase_LPDownCounter_Set_Forcefully
                0x000019aa                Timebase_LPDownCounter_Period_Value_Expired_Event
                0x00000890                Timebase_DownCounter_SS_Get_EndValueSec
                0x000007fa                Timebase_DownCounter_SS_Set_Status
                0x00000acc                Timebase_DownCounter_SS_Reset
                0x000012b6                Timebase_LPDownCounter_Get_EndValue
                0x000010c6                Timebase_DownCounter_SS_Get_Remaining_Period_Value
                0x000014a0                Timebase_LPDownCounter_Clear_All_Flags
                0x00001258                Timebase_LPDownCounter_Get_Value
                0x00001a58                Timebase_Main_Loop_Executables
                0x000019ee                Timebase_LPDownCounter_Reset_All
                0x00000996                Timebase_DownCounter_SS_Set_PeriodValue
                0x00000466                Timebase_Timer_Get_SecondsShadow_Securely
                0x00001a2c                Timebase_LP_Reset
                0x00000a12                Timebase_DownCounter_SS_Set_Period_Flag
                0x00000bcc                Timebase_DownCounter_SS_Set_Securely
                0x000003e0                Timebase_Timer_Get_SubSecondsShadow
                0x00001934                Timebase_LPDownCounter_Period_Value_Expired
                0x00000fe6                Timebase_DownCounter_SS_Continuous_Expired_Event
                0x00000416                Timebase_Timer_Get_Seconds
                0x00001112                Timebase_DownCounter_SS_Period_Value_Expired
                0x000009ea                Timebase_DownCounter_SS_Get_Period_Flag
                0x0000177a                Timebase_LPDownCounter_Expired
                0x0000145e                Timebase_LPDownCounter_Reset
                0x0000134a                Timebase_LPDownCounter_Set_PeriodValue
                0x00000736                Timebase_LPTimer_Set_SubSeconds
                0x00000dec                Timebase_DownCounter_SS_Update
                0x0000118e                Timebase_DownCounter_SS_Period_Value_Expired_Event
                0x000000f2                Timebase_Struct_Init
                0x00000682                Timebase_Timer_Delay_Seconds
                0x00001396                Timebase_LPDownCounter_Get_Period_Flag
                0x0000042c                Timebase_Timer_Set_SubSeconds
                0x00001432                Timebase_LPDownCounter_Set_ReloadValue
                0x000012ec                Timebase_LPDownCounter_Set_EndValue
                0x00000d6a                Timebase_DownCounter_SS_Set_Forcefully
                0x000003dc                Timebase_Atomic_Operation_End
                0x0000128e                Timebase_LPDownCounter_Set_Value
                0x00000864                Timebase_DownCounter_SS_Set_Value
                0x000013ba                Timebase_LPDownCounter_Set_Period_Flag
                0x00001670                Timebase_LPDownCounter_Update
                0x0000048e                Timebase_Timer_Sync_With_Shadow_Variables
                0x000017fc                Timebase_LPDownCounter_Oneshot_Expired_Event
                0x000003f0                Timebase_Timer_Get_SecondsShadow
                0x00001a1a                Timebase_Get_Update_Req_Sts
                0x000013e0                Timebase_LPDownCounter_Clear_Period_Flag
                0x00001406                Timebase_LPDownCounter_Get_ReloadValue
                0x00000b96                Timebase_DownCounter_SS_Stop
                0x00000744                Timebase_LPTimer_Set_Seconds
                0x000018ec                Timebase_LPDownCounter_Get_Remaining_Period_Value
                0x000006f4                Timebase_LPTimer_Get_SubSeconds
                0x00001ae2                __vector_16
                0x000004d6                Timebase_Timer_Delay_SubSeconds
                0x00000930                Timebase_DownCounter_SS_Set_EndValueSubSec
                0x00001b38                Timebase_LP_ISR_Executables
                0x00001802                Timebase_LPDownCounter_Continuous_Expired_Event
                0x0000122c                Timebase_LPDownCounter_Set_Status
                0x000019e6                Timebase_LPDownCounter_Update_All
                0x00000f52                Timebase_DownCounter_SS_Expired
 .text          0x00001bcc      0x958 uart.o
                0x00001c88                UART_Rx_Byte
                0x000022ae                UART_Data_Print_Buf
                0x00001d32                UART_Tx_SP
                0x00002074                UART_Tx_Number_Bin_CM
                0x000023ec                UART_RX_Packet_CRC_Check
                0x000023bc                UART_CRC_Calculate_Block
                0x00001cd0                UART_Timer_Struct_Init
                0x00001c58                UART_Config_Rx
                0x000024bc                UART_Init
                0x000021a8                UART_Tx_Parameter_Bin_NL
                0x00002178                UART_Tx_Parameter_Hex_CM
                0x00002118                UART_Tx_Parameter_Hex_NL
                0x00001f32                UART_Tx_Number_Bin
                0x00001c6a                UART_Config_Rx_Interrupt
                0x00002024                UART_Tx_Number_Hex_NL
                0x00001d42                UART_Tx_CM
                0x00002238                UART_Buf_Flush
                0x000021d8                UART_Tx_Parameter_Bin_SP
                0x00002208                UART_Tx_Parameter_Bin_CM
                0x00002390                UART_CRC_Calculate_Byte
                0x00001c10                UART_Config_Clock
                0x00001ce8                UART_Timer_Value_Reset
                0x00002042                UART_Tx_Number_Hex_CM
                0x00001d92                UART_Tx_Text_CM
                0x00002256                UART_Buf_Get
                0x00001c0e                UART_Config_GPIO
                0x00001cea                UART_Tx_Buf
                0x00002056                UART_Tx_Number_Bin_NL
                0x00001ce2                UART_Timer_Get_Val
                0x00001d14                UART_Tx_NL
                0x00001cd8                UART_Timer_Enable
                0x00002010                UART_Tx_Number_CM
                0x000020b8                UART_Tx_Parameter_SP
                0x00001e80                UART_Tx_Number_Hex
                0x00001cda                UART_Timer_Disable
                0x00001bcc                UART_Struct_Init
                0x00002060                UART_Tx_Number_Bin_SP
                0x00002270                UART_Data_Clear_Available_Flag
                0x00001cdc                UART_Timer_Get_Status
                0x00001d74                UART_Tx_Text_NL
                0x00001e4e                UART_Tx_Number
                0x000022ee                UART_ISR_Handler
                0x00002474                __vector_9
                0x00001c46                UART_Config_Tx
                0x00001d7e                UART_Tx_Text_SP
                0x00001e24                UART_Tx_Number_Digits
                0x00001c12                UART_Config_BAUD_Rate
                0x00002088                UART_Tx_Parameter_NL
                0x00002148                UART_Tx_Parameter_Hex_SP
                0x000020e8                UART_Tx_Parameter_CM
                0x00001da6                UART_Determine_Digit_Numbers
                0x00002280                UART_Data_Copy_Buf
                0x0000202e                UART_Tx_Number_Hex_SP
                0x00001cd6                UART_Timer_Init
                0x00001ff2                UART_Tx_Number_NL
                0x00002452                UART_Timer_ISR_Handler
                0x00001d52                UART_Tx_Text
                0x00002260                UART_Buf_Get_Index
                0x0000226a                UART_Data_Available
                0x00002348                __vector_18
                0x00001c78                UART_Tx_Byte
                0x00001ffc                UART_Tx_Number_SP
                0x00002276                UART_Data_Len_Get
 .text          0x00002524      0x606 pid.o
                0x0000269e                PID_Set_SetPoint
                0x000026c2                PID_Set_Max_IError
                0x000026b0                PID_Set_ProcessValue
                0x000029b6                PID_Get_Set_Point
                0x000029fe                PID_Get_DError
                0x00002638                PID_Set_Ki
                0x00002a46                PID_Get_DError_Product
                0x000029a4                PID_Get_Kd
                0x00002980                PID_Get_Kp
                0x00002a8e                PID_Init
                0x00002a7c                PID_Get_Output_NonNegative
                0x000029ec                PID_Get_IError
                0x00002626                PID_Set_Kp
                0x000029c8                PID_Get_Process_Value
                0x00002524                PID_Struct_Init
                0x00002992                PID_Get_Ki
                0x00002900                PID_Execute_Routine
                0x000026d4                PID_Set_Scaling_Factor
                0x000026e6                PID_Reset_IError
                0x00002a22                PID_Get_PError_Product
                0x00002a10                PID_Get_Max_IError
                0x00002a94                PID_Init_Module
                0x00002a6a                PID_Get_Output
                0x000027fa                PID_Calculate_Error_Products
                0x0000265c                PID_Set_Constants
                0x00002a34                PID_Get_IError_Product
                0x000026f8                PID_Calculate_Error
                0x00002a58                PID_Get_Scaling_Factor
                0x000029da                PID_Get_PError
                0x0000264a                PID_Set_Kd
 .text          0x00002b2a        0x0 c:/winavr-20100110/bin/../lib/gcc/avr/4.3.3/avr5\libgcc.a(_mulsi3.o)
 .text          0x00002b2a        0x0 c:/winavr-20100110/bin/../lib/gcc/avr/4.3.3/avr5\libgcc.a(_udivmodsi4.o)
 .text          0x00002b2a        0x0 c:/winavr-20100110/bin/../lib/gcc/avr/4.3.3/avr5\libgcc.a(_divmodsi4.o)
 .text          0x00002b2a        0x0 c:/winavr-20100110/bin/../lib/gcc/avr/4.3.3/avr5\libgcc.a(_exit.o)
 .text          0x00002b2a        0x0 c:/winavr-20100110/bin/../lib/gcc/avr/4.3.3/avr5\libgcc.a(_copy_data.o)
 .text          0x00002b2a        0x0 c:/winavr-20100110/bin/../lib/gcc/avr/4.3.3/avr5\libgcc.a(_clear_bss.o)
                0x00002b2a                . = ALIGN (0x2)
 *(.text.*)
 .text.libgcc   0x00002b2a       0x3e c:/winavr-20100110/bin/../lib/gcc/avr/4.3.3/avr5\libgcc.a(_mulsi3.o)
                0x00002b2a                __mulsi3
 .text.libgcc   0x00002b68       0x44 c:/winavr-20100110/bin/../lib/gcc/avr/4.3.3/avr5\libgcc.a(_udivmodsi4.o)
                0x00002b68                __udivmodsi4
 .text.libgcc   0x00002bac       0x36 c:/winavr-20100110/bin/../lib/gcc/avr/4.3.3/avr5\libgcc.a(_divmodsi4.o)
                0x00002bac                __divmodsi4
 .text.libgcc   0x00002be2        0x0 c:/winavr-20100110/bin/../lib/gcc/avr/4.3.3/avr5\libgcc.a(_exit.o)
 .text.libgcc   0x00002be2        0x0 c:/winavr-20100110/bin/../lib/gcc/avr/4.3.3/avr5\libgcc.a(_copy_data.o)
 .text.libgcc   0x00002be2        0x0 c:/winavr-20100110/bin/../lib/gcc/avr/4.3.3/avr5\libgcc.a(_clear_bss.o)
                0x00002be2                . = ALIGN (0x2)
 *(.fini9)
 .fini9         0x00002be2        0x0 c:/winavr-20100110/bin/../lib/gcc/avr/4.3.3/avr5\libgcc.a(_exit.o)
                0x00002be2                exit
                0x00002be2                _exit
 *(.fini9)
 *(.fini8)
 *(.fini8)
 *(.fini7)
 *(.fini7)
 *(.fini6)
 *(.fini6)
 *(.fini5)
 *(.fini5)
 *(.fini4)
 *(.fini4)
 *(.fini3)
 *(.fini3)
 *(.fini2)
 *(.fini2)
 *(.fini1)
 *(.fini1)
 *(.fini0)
 .fini0         0x00002be2        0x4 c:/winavr-20100110/bin/../lib/gcc/avr/4.3.3/avr5\libgcc.a(_exit.o)
 *(.fini0)
                0x00002be6                _etext = .

.data           0x00800100       0x84 load address 0x00002be6
                0x00800100                PROVIDE (__data_start, .)
 *(.data)
 .data          0x00800100        0x0 c:/winavr-20100110/bin/../lib/gcc/avr/4.3.3/../../../../avr/lib/avr5/crtm328p.o
 .data          0x00800100        0x0 main.o
 .data          0x00800100        0x0 app.o
 .data          0x00800100        0xa timebase.o
 .data          0x0080010a        0x0 uart.o
 .data          0x0080010a       0x7a pid.o
                0x0080010a                PID
 .data          0x00800184        0x0 c:/winavr-20100110/bin/../lib/gcc/avr/4.3.3/avr5\libgcc.a(_mulsi3.o)
 .data          0x00800184        0x0 c:/winavr-20100110/bin/../lib/gcc/avr/4.3.3/avr5\libgcc.a(_udivmodsi4.o)
 .data          0x00800184        0x0 c:/winavr-20100110/bin/../lib/gcc/avr/4.3.3/avr5\libgcc.a(_divmodsi4.o)
 .data          0x00800184        0x0 c:/winavr-20100110/bin/../lib/gcc/avr/4.3.3/avr5\libgcc.a(_exit.o)
 .data          0x00800184        0x0 c:/winavr-20100110/bin/../lib/gcc/avr/4.3.3/avr5\libgcc.a(_copy_data.o)
 .data          0x00800184        0x0 c:/winavr-20100110/bin/../lib/gcc/avr/4.3.3/avr5\libgcc.a(_clear_bss.o)
 *(.data*)
 *(.rodata)
 *(.rodata*)
 *(.gnu.linkonce.d*)
                0x00800184                . = ALIGN (0x2)
                0x00800184                _edata = .
                0x00800184                PROVIDE (__data_end, .)

.bss            0x00800184       0x9c
                0x00800184                PROVIDE (__bss_start, .)
 *(.bss)
 .bss           0x00800184        0x0 c:/winavr-20100110/bin/../lib/gcc/avr/4.3.3/../../../../avr/lib/avr5/crtm328p.o
 .bss           0x00800184        0x0 main.o
 .bss           0x00800184        0x0 app.o
 .bss           0x00800184        0x0 timebase.o
 .bss           0x00800184       0x56 uart.o
 .bss           0x008001da        0x0 pid.o
 .bss           0x008001da        0x0 c:/winavr-20100110/bin/../lib/gcc/avr/4.3.3/avr5\libgcc.a(_mulsi3.o)
 .bss           0x008001da        0x0 c:/winavr-20100110/bin/../lib/gcc/avr/4.3.3/avr5\libgcc.a(_udivmodsi4.o)
 .bss           0x008001da        0x0 c:/winavr-20100110/bin/../lib/gcc/avr/4.3.3/avr5\libgcc.a(_divmodsi4.o)
 .bss           0x008001da        0x0 c:/winavr-20100110/bin/../lib/gcc/avr/4.3.3/avr5\libgcc.a(_exit.o)
 .bss           0x008001da        0x0 c:/winavr-20100110/bin/../lib/gcc/avr/4.3.3/avr5\libgcc.a(_copy_data.o)
 .bss           0x008001da        0x0 c:/winavr-20100110/bin/../lib/gcc/avr/4.3.3/avr5\libgcc.a(_clear_bss.o)
 *(.bss*)
 *(COMMON)
 COMMON         0x008001da       0x46 timebase.o
                0x008001da                Timebase
                0x008001dc                Timebase_type
                0x00800220                PROVIDE (__bss_end, .)
                0x00002be6                __data_load_start = LOADADDR (.data)
                0x00002c6a                __data_load_end = (__data_load_start + SIZEOF (.data))

.noinit         0x00800220        0x0
                0x00800220                PROVIDE (__noinit_start, .)
 *(.noinit*)
                0x00800220                PROVIDE (__noinit_end, .)
                0x00800220                _end = .
                0x00800220                PROVIDE (__heap_start, .)

.eeprom         0x00810000        0x0
 *(.eeprom*)
                0x00810000                __eeprom_end = .

.fuse
 *(.fuse)
 *(.lfuse)
 *(.hfuse)
 *(.efuse)

.lock
 *(.lock*)

.signature
 *(.signature*)

.stab
 *(.stab)

.stabstr
 *(.stabstr)

.stab.excl
 *(.stab.excl)

.stab.exclstr
 *(.stab.exclstr)

.stab.index
 *(.stab.index)

.stab.indexstr
 *(.stab.indexstr)

.comment
 *(.comment)

.debug
 *(.debug)

.line
 *(.line)

.debug_srcinfo
 *(.debug_srcinfo)

.debug_sfnames
 *(.debug_sfnames)

.debug_aranges  0x00000000       0xa0
 *(.debug_aranges)
 .debug_aranges
                0x00000000       0x20 main.o
 .debug_aranges
                0x00000020       0x20 app.o
 .debug_aranges
                0x00000040       0x20 timebase.o
 .debug_aranges
                0x00000060       0x20 uart.o
 .debug_aranges
                0x00000080       0x20 pid.o

.debug_pubnames
                0x00000000     0x1746
 *(.debug_pubnames)
 .debug_pubnames
                0x00000000       0x1b main.o
 .debug_pubnames
                0x0000001b       0x32 app.o
 .debug_pubnames
                0x0000004d      0xe92 timebase.o
 .debug_pubnames
                0x00000edf      0x5c4 uart.o
 .debug_pubnames
                0x000014a3      0x2a3 pid.o

.debug_info     0x00000000     0x4b37
 *(.debug_info)
 .debug_info    0x00000000       0x76 main.o
 .debug_info    0x00000076       0x86 app.o
 .debug_info    0x000000fc     0x2e45 timebase.o
 .debug_info    0x00002f41     0x12e0 uart.o
 .debug_info    0x00004221      0x916 pid.o
 *(.gnu.linkonce.wi.*)

.debug_abbrev   0x00000000      0x828
 *(.debug_abbrev)
 .debug_abbrev  0x00000000       0x41 main.o
 .debug_abbrev  0x00000041       0x3f app.o
 .debug_abbrev  0x00000080      0x2a9 timebase.o
 .debug_abbrev  0x00000329      0x33a uart.o
 .debug_abbrev  0x00000663      0x1c5 pid.o

.debug_line     0x00000000     0x26a6
 *(.debug_line)
 .debug_line    0x00000000       0x70 main.o
 .debug_line    0x00000070       0x99 app.o
 .debug_line    0x00000109     0x1497 timebase.o
 .debug_line    0x000015a0      0xca1 uart.o
 .debug_line    0x00002241      0x465 pid.o

.debug_frame    0x00000000      0xc40
 *(.debug_frame)
 .debug_frame   0x00000000       0x20 main.o
 .debug_frame   0x00000020       0x30 app.o
 .debug_frame   0x00000050      0x600 timebase.o
 .debug_frame   0x00000650      0x400 uart.o
 .debug_frame   0x00000a50      0x1f0 pid.o

.debug_str      0x00000000     0x1aa0
 *(.debug_str)
 .debug_str     0x00000000       0x94 main.o
                                 0xc8 (size before relaxing)
 .debug_str     0x00000094       0x1e app.o
                                 0xda (size before relaxing)
 .debug_str     0x000000b2     0x1001 timebase.o
                               0x1185 (size before relaxing)
 .debug_str     0x000010b3      0x5d9 uart.o
                                0x6cb (size before relaxing)
 .debug_str     0x0000168c      0x414 pid.o
                                0x528 (size before relaxing)

.debug_loc      0x00000000     0x1b45
 *(.debug_loc)
 .debug_loc     0x00000000     0x1109 timebase.o
 .debug_loc     0x00001109      0x9a0 uart.o
 .debug_loc     0x00001aa9       0x9c pid.o

.debug_macinfo
 *(.debug_macinfo)
OUTPUT(main.elf elf32-avr)
LOAD linker stubs

.debug_ranges   0x00000000       0x48
 .debug_ranges  0x00000000       0x48 uart.o

Cross Reference Table

Symbol                                            File
App_Main_Loop                                     app.o
                                                  main.o
App_Setup                                         app.o
                                                  main.o
PID                                               pid.o
PID_Calculate_Error                               pid.o
PID_Calculate_Error_Products                      pid.o
PID_Execute_Routine                               pid.o
PID_Get_DError                                    pid.o
PID_Get_DError_Product                            pid.o
PID_Get_IError                                    pid.o
PID_Get_IError_Product                            pid.o
PID_Get_Kd                                        pid.o
PID_Get_Ki                                        pid.o
PID_Get_Kp                                        pid.o
PID_Get_Max_IError                                pid.o
PID_Get_Output                                    pid.o
PID_Get_Output_NonNegative                        pid.o
PID_Get_PError                                    pid.o
PID_Get_PError_Product                            pid.o
PID_Get_Process_Value                             pid.o
PID_Get_Scaling_Factor                            pid.o
PID_Get_Set_Point                                 pid.o
PID_Init                                          pid.o
PID_Init_Module                                   pid.o
PID_Reset_IError                                  pid.o
PID_Set_Constants                                 pid.o
PID_Set_Kd                                        pid.o
PID_Set_Ki                                        pid.o
PID_Set_Kp                                        pid.o
PID_Set_Max_IError                                pid.o
PID_Set_ProcessValue                              pid.o
PID_Set_Scaling_Factor                            pid.o
PID_Set_SetPoint                                  pid.o
PID_Struct_Init                                   pid.o
Timebase                                          timebase.o
Timebase_Atomic_Operation_End                     timebase.o
Timebase_Atomic_Operation_Start                   timebase.o
Timebase_DownCounter_SS_Clear_All_Flags           timebase.o
Timebase_DownCounter_SS_Clear_Period_Flag         timebase.o
Timebase_DownCounter_SS_Continuous_Expired_Event  timebase.o
                                                  app.o
Timebase_DownCounter_SS_Expired                   timebase.o
Timebase_DownCounter_SS_Expired_Event             timebase.o
Timebase_DownCounter_SS_Get_EndValueSec           timebase.o
Timebase_DownCounter_SS_Get_EndValueSubSec        timebase.o
Timebase_DownCounter_SS_Get_PeriodValue           timebase.o
Timebase_DownCounter_SS_Get_Period_Flag           timebase.o
Timebase_DownCounter_SS_Get_ReloadValue           timebase.o
Timebase_DownCounter_SS_Get_Remaining_Period_Value timebase.o
Timebase_DownCounter_SS_Get_Status                timebase.o
Timebase_DownCounter_SS_Get_Value                 timebase.o
Timebase_DownCounter_SS_Oneshot_Expired_Event     timebase.o
Timebase_DownCounter_SS_Period_Value_Expired      timebase.o
Timebase_DownCounter_SS_Period_Value_Expired_Event timebase.o
Timebase_DownCounter_SS_Reset                     timebase.o
Timebase_DownCounter_SS_Reset_All                 timebase.o
Timebase_DownCounter_SS_Set_EndValueSec           timebase.o
Timebase_DownCounter_SS_Set_EndValueSubSec        timebase.o
Timebase_DownCounter_SS_Set_Forcefully            timebase.o
Timebase_DownCounter_SS_Set_PeriodValue           timebase.o
Timebase_DownCounter_SS_Set_Period_Flag           timebase.o
Timebase_DownCounter_SS_Set_Period_Value_Securely timebase.o
Timebase_DownCounter_SS_Set_ReloadValue           timebase.o
Timebase_DownCounter_SS_Set_Securely              timebase.o
                                                  app.o
Timebase_DownCounter_SS_Set_Status                timebase.o
Timebase_DownCounter_SS_Set_Value                 timebase.o
Timebase_DownCounter_SS_Start                     timebase.o
Timebase_DownCounter_SS_Stop                      timebase.o
Timebase_DownCounter_SS_Update                    timebase.o
Timebase_DownCounter_SS_Update_All                timebase.o
Timebase_Get_Update_Req_Sts                       timebase.o
Timebase_ISR_Executables                          timebase.o
Timebase_Init                                     timebase.o
                                                  main.o
Timebase_LPDownCounter_Clear_All_Flags            timebase.o
Timebase_LPDownCounter_Clear_Period_Flag          timebase.o
Timebase_LPDownCounter_Continuous_Expired_Event   timebase.o
Timebase_LPDownCounter_Expired                    timebase.o
Timebase_LPDownCounter_Expired_Event              timebase.o
Timebase_LPDownCounter_Get_EndValue               timebase.o
Timebase_LPDownCounter_Get_PeriodValue            timebase.o
Timebase_LPDownCounter_Get_Period_Flag            timebase.o
Timebase_LPDownCounter_Get_ReloadValue            timebase.o
Timebase_LPDownCounter_Get_Remaining_Period_Value timebase.o
Timebase_LPDownCounter_Get_Status                 timebase.o
Timebase_LPDownCounter_Get_Value                  timebase.o
Timebase_LPDownCounter_Oneshot_Expired_Event      timebase.o
Timebase_LPDownCounter_Period_Value_Expired       timebase.o
Timebase_LPDownCounter_Period_Value_Expired_Event timebase.o
Timebase_LPDownCounter_Reset                      timebase.o
Timebase_LPDownCounter_Reset_All                  timebase.o
Timebase_LPDownCounter_Set_EndValue               timebase.o
Timebase_LPDownCounter_Set_Forcefully             timebase.o
Timebase_LPDownCounter_Set_PeriodValue            timebase.o
Timebase_LPDownCounter_Set_Period_Flag            timebase.o
Timebase_LPDownCounter_Set_Period_Value_Securely  timebase.o
Timebase_LPDownCounter_Set_ReloadValue            timebase.o
Timebase_LPDownCounter_Set_Securely               timebase.o
                                                  app.o
Timebase_LPDownCounter_Set_Status                 timebase.o
Timebase_LPDownCounter_Set_Value                  timebase.o
Timebase_LPDownCounter_Start                      timebase.o
Timebase_LPDownCounter_Stop                       timebase.o
Timebase_LPDownCounter_Update                     timebase.o
Timebase_LPDownCounter_Update_All                 timebase.o
Timebase_LPTimer_Delay_Seconds                    timebase.o
Timebase_LPTimer_Disable                          timebase.o
Timebase_LPTimer_Enable                           timebase.o
Timebase_LPTimer_Get_Seconds                      timebase.o
Timebase_LPTimer_Get_SubSeconds                   timebase.o
Timebase_LPTimer_Set_Seconds                      timebase.o
Timebase_LPTimer_Set_SubSeconds                   timebase.o
Timebase_LP_ISR_Executables                       timebase.o
Timebase_LP_Reset                                 timebase.o
Timebase_Main_Loop_Executables                    timebase.o
                                                  main.o
Timebase_Reset                                    timebase.o
Timebase_Struct_Init                              timebase.o
Timebase_Timer_Await_SubSeconds                   timebase.o
Timebase_Timer_Delay_Seconds                      timebase.o
Timebase_Timer_Delay_SubSeconds                   timebase.o
Timebase_Timer_Disable                            timebase.o
Timebase_Timer_Enable                             timebase.o
Timebase_Timer_Get_Seconds                        timebase.o
Timebase_Timer_Get_SecondsShadow                  timebase.o
Timebase_Timer_Get_SecondsShadow_Securely         timebase.o
Timebase_Timer_Get_SubSeconds                     timebase.o
Timebase_Timer_Get_SubSecondsShadow               timebase.o
Timebase_Timer_Get_SubSecondsShadow_Securely      timebase.o
Timebase_Timer_Set_Seconds                        timebase.o
Timebase_Timer_Set_SubSeconds                     timebase.o
Timebase_Timer_Sync_With_Shadow_Variables         timebase.o
Timebase_type                                     timebase.o
UART_Buf_Flush                                    uart.o
UART_Buf_Get                                      uart.o
UART_Buf_Get_Index                                uart.o
UART_CRC_Calculate_Block                          uart.o
UART_CRC_Calculate_Byte                           uart.o
UART_Config_BAUD_Rate                             uart.o
UART_Config_Clock                                 uart.o
UART_Config_GPIO                                  uart.o
UART_Config_Rx                                    uart.o
UART_Config_Rx_Interrupt                          uart.o
UART_Config_Tx                                    uart.o
UART_Data_Available                               uart.o
UART_Data_Clear_Available_Flag                    uart.o
UART_Data_Copy_Buf                                uart.o
UART_Data_Len_Get                                 uart.o
UART_Data_Print_Buf                               uart.o
UART_Determine_Digit_Numbers                      uart.o
UART_ISR_Handler                                  uart.o
UART_Init                                         uart.o
                                                  app.o
UART_RX_Packet_CRC_Check                          uart.o
UART_Rx_Byte                                      uart.o
UART_Struct_Init                                  uart.o
UART_Timer_Disable                                uart.o
UART_Timer_Enable                                 uart.o
UART_Timer_Get_Status                             uart.o
UART_Timer_Get_Val                                uart.o
UART_Timer_ISR_Handler                            uart.o
UART_Timer_Init                                   uart.o
UART_Timer_Struct_Init                            uart.o
UART_Timer_Value_Reset                            uart.o
UART_Tx_Buf                                       uart.o
UART_Tx_Byte                                      uart.o
UART_Tx_CM                                        uart.o
UART_Tx_NL                                        uart.o
UART_Tx_Number                                    uart.o
UART_Tx_Number_Bin                                uart.o
UART_Tx_Number_Bin_CM                             uart.o
UART_Tx_Number_Bin_NL                             uart.o
UART_Tx_Number_Bin_SP                             uart.o
UART_Tx_Number_CM                                 uart.o
UART_Tx_Number_Digits                             uart.o
UART_Tx_Number_Hex                                uart.o
UART_Tx_Number_Hex_CM                             uart.o
UART_Tx_Number_Hex_NL                             uart.o
UART_Tx_Number_Hex_SP                             uart.o
UART_Tx_Number_NL                                 uart.o
UART_Tx_Number_SP                                 uart.o
UART_Tx_Parameter_Bin_CM                          uart.o
UART_Tx_Parameter_Bin_NL                          uart.o
UART_Tx_Parameter_Bin_SP                          uart.o
UART_Tx_Parameter_CM                              uart.o
UART_Tx_Parameter_Hex_CM                          uart.o
UART_Tx_Parameter_Hex_NL                          uart.o
UART_Tx_Parameter_Hex_SP                          uart.o
UART_Tx_Parameter_NL                              uart.o
UART_Tx_Parameter_SP                              uart.o
UART_Tx_SP                                        uart.o
UART_Tx_Text                                      uart.o
UART_Tx_Text_CM                                   uart.o
UART_Tx_Text_NL                                   uart.o
UART_Tx_Text_SP                                   uart.o
__bad_interrupt                                   c:/winavr-20100110/bin/../lib/gcc/avr/4.3.3/../../../../avr/lib/avr5/crtm328p.o
__bss_end                                         c:/winavr-20100110/bin/../lib/gcc/avr/4.3.3/avr5\libgcc.a(_clear_bss.o)
__bss_start                                       c:/winavr-20100110/bin/../lib/gcc/avr/4.3.3/avr5\libgcc.a(_clear_bss.o)
__data_end                                        c:/winavr-20100110/bin/../lib/gcc/avr/4.3.3/avr5\libgcc.a(_copy_data.o)
__data_load_start                                 c:/winavr-20100110/bin/../lib/gcc/avr/4.3.3/avr5\libgcc.a(_copy_data.o)
__data_start                                      c:/winavr-20100110/bin/../lib/gcc/avr/4.3.3/avr5\libgcc.a(_copy_data.o)
__divmodsi4                                       c:/winavr-20100110/bin/../lib/gcc/avr/4.3.3/avr5\libgcc.a(_divmodsi4.o)
                                                  pid.o
                                                  timebase.o
__do_clear_bss                                    c:/winavr-20100110/bin/../lib/gcc/avr/4.3.3/avr5\libgcc.a(_clear_bss.o)
                                                  uart.o
                                                  timebase.o
__do_copy_data                                    c:/winavr-20100110/bin/../lib/gcc/avr/4.3.3/avr5\libgcc.a(_copy_data.o)
                                                  pid.o
                                                  timebase.o
__heap_end                                        c:/winavr-20100110/bin/../lib/gcc/avr/4.3.3/../../../../avr/lib/avr5/crtm328p.o
__init                                            c:/winavr-20100110/bin/../lib/gcc/avr/4.3.3/../../../../avr/lib/avr5/crtm328p.o
__mulsi3                                          c:/winavr-20100110/bin/../lib/gcc/avr/4.3.3/avr5\libgcc.a(_mulsi3.o)
                                                  pid.o
                                                  timebase.o
__stack                                           c:/winavr-20100110/bin/../lib/gcc/avr/4.3.3/../../../../avr/lib/avr5/crtm328p.o
__udivmodsi4                                      c:/winavr-20100110/bin/../lib/gcc/avr/4.3.3/avr5\libgcc.a(_udivmodsi4.o)
                                                  c:/winavr-20100110/bin/../lib/gcc/avr/4.3.3/avr5\libgcc.a(_divmodsi4.o)
                                                  uart.o
__vector_1                                        c:/winavr-20100110/bin/../lib/gcc/avr/4.3.3/../../../../avr/lib/avr5/crtm328p.o
__vector_10                                       c:/winavr-20100110/bin/../lib/gcc/avr/4.3.3/../../../../avr/lib/avr5/crtm328p.o
__vector_11                                       c:/winavr-20100110/bin/../lib/gcc/avr/4.3.3/../../../../avr/lib/avr5/crtm328p.o
__vector_12                                       c:/winavr-20100110/bin/../lib/gcc/avr/4.3.3/../../../../avr/lib/avr5/crtm328p.o
__vector_13                                       c:/winavr-20100110/bin/../lib/gcc/avr/4.3.3/../../../../avr/lib/avr5/crtm328p.o
__vector_14                                       c:/winavr-20100110/bin/../lib/gcc/avr/4.3.3/../../../../avr/lib/avr5/crtm328p.o
__vector_15                                       c:/winavr-20100110/bin/../lib/gcc/avr/4.3.3/../../../../avr/lib/avr5/crtm328p.o
__vector_16                                       timebase.o
                                                  c:/winavr-20100110/bin/../lib/gcc/avr/4.3.3/../../../../avr/lib/avr5/crtm328p.o
__vector_17                                       c:/winavr-20100110/bin/../lib/gcc/avr/4.3.3/../../../../avr/lib/avr5/crtm328p.o
__vector_18                                       uart.o
                                                  c:/winavr-20100110/bin/../lib/gcc/avr/4.3.3/../../../../avr/lib/avr5/crtm328p.o
__vector_19                                       c:/winavr-20100110/bin/../lib/gcc/avr/4.3.3/../../../../avr/lib/avr5/crtm328p.o
__vector_2                                        c:/winavr-20100110/bin/../lib/gcc/avr/4.3.3/../../../../avr/lib/avr5/crtm328p.o
__vector_20                                       c:/winavr-20100110/bin/../lib/gcc/avr/4.3.3/../../../../avr/lib/avr5/crtm328p.o
__vector_21                                       c:/winavr-20100110/bin/../lib/gcc/avr/4.3.3/../../../../avr/lib/avr5/crtm328p.o
__vector_22                                       c:/winavr-20100110/bin/../lib/gcc/avr/4.3.3/../../../../avr/lib/avr5/crtm328p.o
__vector_23                                       c:/winavr-20100110/bin/../lib/gcc/avr/4.3.3/../../../../avr/lib/avr5/crtm328p.o
__vector_24                                       c:/winavr-20100110/bin/../lib/gcc/avr/4.3.3/../../../../avr/lib/avr5/crtm328p.o
__vector_25                                       c:/winavr-20100110/bin/../lib/gcc/avr/4.3.3/../../../../avr/lib/avr5/crtm328p.o
__vector_3                                        c:/winavr-20100110/bin/../lib/gcc/avr/4.3.3/../../../../avr/lib/avr5/crtm328p.o
__vector_4                                        c:/winavr-20100110/bin/../lib/gcc/avr/4.3.3/../../../../avr/lib/avr5/crtm328p.o
__vector_5                                        c:/winavr-20100110/bin/../lib/gcc/avr/4.3.3/../../../../avr/lib/avr5/crtm328p.o
__vector_6                                        timebase.o
                                                  c:/winavr-20100110/bin/../lib/gcc/avr/4.3.3/../../../../avr/lib/avr5/crtm328p.o
__vector_7                                        c:/winavr-20100110/bin/../lib/gcc/avr/4.3.3/../../../../avr/lib/avr5/crtm328p.o
__vector_8                                        c:/winavr-20100110/bin/../lib/gcc/avr/4.3.3/../../../../avr/lib/avr5/crtm328p.o
__vector_9                                        uart.o
                                                  c:/winavr-20100110/bin/../lib/gcc/avr/4.3.3/../../../../avr/lib/avr5/crtm328p.o
__vector_default                                  c:/winavr-20100110/bin/../lib/gcc/avr/4.3.3/../../../../avr/lib/avr5/crtm328p.o
__vectors                                         c:/winavr-20100110/bin/../lib/gcc/avr/4.3.3/../../../../avr/lib/avr5/crtm328p.o
_exit                                             c:/winavr-20100110/bin/../lib/gcc/avr/4.3.3/avr5\libgcc.a(_exit.o)
exit                                              c:/winavr-20100110/bin/../lib/gcc/avr/4.3.3/avr5\libgcc.a(_exit.o)
                                                  c:/winavr-20100110/bin/../lib/gcc/avr/4.3.3/../../../../avr/lib/avr5/crtm328p.o
main                                              main.o
                                                  c:/winavr-20100110/bin/../lib/gcc/avr/4.3.3/../../../../avr/lib/avr5/crtm328p.o
