   1               		.file	"timebase.c"
   2               	__SREG__ = 0x3f
   3               	__SP_H__ = 0x3e
   4               	__SP_L__ = 0x3d
   5               	__CCP__  = 0x34
   6               	__tmp_reg__ = 0
   7               	__zero_reg__ = 1
  15               	.Ltext0:
  16               	.global	Timebase_Struct_Init
  18               	Timebase_Struct_Init:
  19               	.LFB6:
  20               	.LM1:
  21               	/* prologue: function */
  22               	/* frame size = 0 */
  23               	.LM2:
  24 0000 80E0      		ldi r24,lo8(Timebase_type)
  25 0002 90E0      		ldi r25,hi8(Timebase_type)
  26 0004 9093 0000 		sts (Timebase)+1,r25
  27 0008 8093 0000 		sts Timebase,r24
  28               	.LM3:
  29 000c 81E0      		ldi r24,lo8(1)
  30 000e 90E0      		ldi r25,hi8(1)
  31 0010 9093 0000 		sts (Timebase_type)+1,r25
  32 0014 8093 0000 		sts Timebase_type,r24
  33               	.LM4:
  34 0018 1092 0000 		sts Timebase_type+2,__zero_reg__
  35               	.LM5:
  36 001c 1092 0000 		sts (Timebase_type+13)+1,__zero_reg__
  37 0020 1092 0000 		sts Timebase_type+13,__zero_reg__
  38               	.LM6:
  39 0024 1092 0000 		sts Timebase_type+15,__zero_reg__
  40 0028 1092 0000 		sts (Timebase_type+15)+1,__zero_reg__
  41 002c 1092 0000 		sts (Timebase_type+15)+2,__zero_reg__
  42 0030 1092 0000 		sts (Timebase_type+15)+3,__zero_reg__
  43               	.LM7:
  44 0034 1092 0000 		sts (Timebase_type+7)+1,__zero_reg__
  45 0038 1092 0000 		sts Timebase_type+7,__zero_reg__
  46               	.LM8:
  47 003c 1092 0000 		sts Timebase_type+9,__zero_reg__
  48 0040 1092 0000 		sts (Timebase_type+9)+1,__zero_reg__
  49 0044 1092 0000 		sts (Timebase_type+9)+2,__zero_reg__
  50 0048 1092 0000 		sts (Timebase_type+9)+3,__zero_reg__
  51               	.LM9:
  52 004c 1092 0000 		sts Timebase_type+19,__zero_reg__
  53               	.LM10:
  54 0050 1092 0000 		sts Timebase_type+3,__zero_reg__
  55 0054 1092 0000 		sts (Timebase_type+3)+1,__zero_reg__
  56 0058 1092 0000 		sts (Timebase_type+3)+2,__zero_reg__
  57 005c 1092 0000 		sts (Timebase_type+3)+3,__zero_reg__
  58               	.LM11:
  59 0060 1092 0000 		sts Timebase_type+20,__zero_reg__
  60               	/* epilogue start */
  61               	.LM12:
  62 0064 0895      		ret
  63               	.LFE6:
  65               	.global	Timebase_Timer_Enable
  67               	Timebase_Timer_Enable:
  68               	.LFB7:
  69               	.LM13:
  70               	.LVL0:
  71 0066 8F92      		push r8
  72 0068 9F92      		push r9
  73 006a BF92      		push r11
  74 006c CF92      		push r12
  75 006e DF92      		push r13
  76 0070 EF92      		push r14
  77 0072 FF92      		push r15
  78 0074 0F93      		push r16
  79 0076 1F93      		push r17
  80 0078 DF93      		push r29
  81 007a CF93      		push r28
  82 007c CDB7      		in r28,__SP_L__
  83 007e DEB7      		in r29,__SP_H__
  84 0080 2A97      		sbiw r28,10
  85 0082 0FB6      		in __tmp_reg__,__SREG__
  86 0084 F894      		cli
  87 0086 DEBF      		out __SP_H__,r29
  88 0088 0FBE      		out __SREG__,__tmp_reg__
  89 008a CDBF      		out __SP_L__,r28
  90               	/* prologue: function */
  91               	/* frame size = 10 */
  92 008c 4C01      		movw r8,r24
  93               	.LM14:
  94 008e DE01      		movw r26,r28
  95 0090 1196      		adiw r26,1
  96 0092 E0E0      		ldi r30,lo8(C.1.1710)
  97 0094 F0E0      		ldi r31,hi8(C.1.1710)
  98 0096 8AE0      		ldi r24,lo8(10)
  99               	.LVL1:
 100               	.L4:
 101 0098 0190      		ld r0,Z+
 102 009a 0D92      		st X+,r0
 103 009c 8150      		subi r24,lo8(-(-1))
 104 009e 01F4      		brne .L4
 105               	.LM15:
 106 00a0 9401      		movw r18,r8
 107 00a2 40E0      		ldi r20,lo8(0)
 108 00a4 50E0      		ldi r21,hi8(0)
 109               	.LVL2:
 110 00a6 60E0      		ldi r22,lo8(12000000)
 111 00a8 7BE1      		ldi r23,hi8(12000000)
 112 00aa 87EB      		ldi r24,hlo8(12000000)
 113 00ac 90E0      		ldi r25,hhi8(12000000)
 114 00ae 0E94 0000 		call __divmodsi4
 115 00b2 B22E      		mov r11,r18
 116 00b4 C32E      		mov r12,r19
 117 00b6 D42E      		mov r13,r20
 118               	.LVL3:
 119 00b8 052F      		mov r16,r21
 120 00ba 7E01      		movw r14,r28
 121 00bc 0894      		sec
 122 00be E11C      		adc r14,__zero_reg__
 123 00c0 F11C      		adc r15,__zero_reg__
 124 00c2 C901      		movw r24,r18
 125 00c4 DA01      		movw r26,r20
 126 00c6 9C01      		movw r18,r24
 127 00c8 AD01      		movw r20,r26
 128               	.LVL4:
 129 00ca 10E0      		ldi r17,lo8(0)
 130               	.LVL5:
 131 00cc 00C0      		rjmp .L5
 132               	.LVL6:
 133               	.L7:
 134               	.LM16:
 135 00ce F701      		movw r30,r14
 136 00d0 2191      		ld r18,Z+
 137 00d2 3191      		ld r19,Z+
 138               	.LVL7:
 139 00d4 7F01      		movw r14,r30
 140 00d6 40E0      		ldi r20,lo8(0)
 141 00d8 50E0      		ldi r21,hi8(0)
 142 00da 6B2D      		mov r22,r11
 143 00dc 7C2D      		mov r23,r12
 144 00de 8D2D      		mov r24,r13
 145               	.LVL8:
 146 00e0 902F      		mov r25,r16
 147 00e2 0E94 0000 		call __divmodsi4
 148 00e6 C901      		movw r24,r18
 149 00e8 DA01      		movw r26,r20
 150 00ea 9C01      		movw r18,r24
 151 00ec AD01      		movw r20,r26
 152               	.LVL9:
 153               	.LM17:
 154 00ee 1F5F      		subi r17,lo8(-(1))
 155               	.LM18:
 156 00f0 1530      		cpi r17,lo8(5)
 157 00f2 01F0      		breq .L6
 158               	.LVL10:
 159               	.L5:
 160               	.LM19:
 161 00f4 2F3F      		cpi r18,lo8(255)
 162 00f6 3105      		cpc r19,__zero_reg__
 163 00f8 4105      		cpc r20,__zero_reg__
 164 00fa 5105      		cpc r21,__zero_reg__
 165 00fc 01F0      		breq .+2
 166 00fe 04F4      		brge .L7
 167               	.L6:
 168               	.LM20:
 169 0100 812F      		mov r24,r17
 170 0102 8150      		subi r24,lo8(-(-1))
 171               	.LVL11:
 172               	.LM21:
 173 0104 14BC      		out 68-32,__zero_reg__
 174               	.LM22:
 175 0106 15BC      		out 69-32,__zero_reg__
 176               	.LM23:
 177 0108 1092 6E00 		sts 110,__zero_reg__
 178               	.LM24:
 179 010c 15BA      		out 53-32,__zero_reg__
 180               	.LM25:
 181 010e 17BC      		out 71-32,__zero_reg__
 182               	.LM26:
 183 0110 18BC      		out 72-32,__zero_reg__
 184               	.LM27:
 185 0112 16BC      		out 70-32,__zero_reg__
 186               	.LM28:
 187 0114 17BC      		out 71-32,__zero_reg__
 188               	.LM29:
 189 0116 8823      		tst r24
 190 0118 01F4      		brne .L8
 191               	.LM30:
 192 011a 81E0      		ldi r24,lo8(1)
 193               	.LVL12:
 194 011c 00C0      		rjmp .L15
 195               	.LVL13:
 196               	.L8:
 197               	.LM31:
 198 011e 8130      		cpi r24,lo8(1)
 199 0120 01F4      		brne .L10
 200               	.LM32:
 201 0122 82E0      		ldi r24,lo8(2)
 202               	.LVL14:
 203 0124 00C0      		rjmp .L15
 204               	.LVL15:
 205               	.L10:
 206               	.LM33:
 207 0126 8230      		cpi r24,lo8(2)
 208 0128 01F4      		brne .L11
 209               	.LM34:
 210 012a 83E0      		ldi r24,lo8(3)
 211               	.LVL16:
 212 012c 00C0      		rjmp .L15
 213               	.LVL17:
 214               	.L11:
 215               	.LM35:
 216 012e 8330      		cpi r24,lo8(3)
 217 0130 01F4      		brne .L12
 218               	.LM36:
 219 0132 84E0      		ldi r24,lo8(4)
 220               	.LVL18:
 221 0134 00C0      		rjmp .L15
 222               	.LVL19:
 223               	.L12:
 224               	.LM37:
 225 0136 8430      		cpi r24,lo8(4)
 226 0138 01F4      		brne .L9
 227               	.LM38:
 228 013a 85E0      		ldi r24,lo8(5)
 229               	.LVL20:
 230               	.L15:
 231 013c 85BD      		out 69-32,r24
 232               	.LVL21:
 233               	.L9:
 234               	.LM39:
 235 013e E091 0000 		lds r30,Timebase
 236 0142 F091 0000 		lds r31,(Timebase)+1
 237 0146 822F      		mov r24,r18
 238               	.LVL22:
 239 0148 8095      		com r24
 240 014a 8283      		std Z+2,r24
 241               	.LM40:
 242 014c 8281      		ldd r24,Z+2
 243 014e 86BD      		out 70-32,r24
 244               	.LM41:
 245 0150 81E0      		ldi r24,lo8(1)
 246 0152 8093 6E00 		sts 110,r24
 247               	.LM42:
 248               	/* #APP */
 249               	 ;  344 "timebase.c" 1
 250 0156 7894      		sei
 251               	 ;  0 "" 2
 252               	.LM43:
 253               	/* #NOAPP */
 254 0158 9182      		std Z+1,r9
 255 015a 8082      		st Z,r8
 256               	/* epilogue start */
 257               	.LM44:
 258 015c 2A96      		adiw r28,10
 259 015e 0FB6      		in __tmp_reg__,__SREG__
 260 0160 F894      		cli
 261 0162 DEBF      		out __SP_H__,r29
 262 0164 0FBE      		out __SREG__,__tmp_reg__
 263 0166 CDBF      		out __SP_L__,r28
 264 0168 CF91      		pop r28
 265 016a DF91      		pop r29
 266 016c 1F91      		pop r17
 267 016e 0F91      		pop r16
 268 0170 FF90      		pop r15
 269 0172 EF90      		pop r14
 270 0174 DF90      		pop r13
 271 0176 CF90      		pop r12
 272 0178 BF90      		pop r11
 273 017a 9F90      		pop r9
 274 017c 8F90      		pop r8
 275               	.LVL23:
 276 017e 0895      		ret
 277               	.LFE7:
 279               	.global	Timebase_Timer_Disable
 281               	Timebase_Timer_Disable:
 282               	.LFB8:
 283               	.LM45:
 284               	/* prologue: function */
 285               	/* frame size = 0 */
 286               	.LM46:
 287 0180 14BC      		out 68-32,__zero_reg__
 288               	.LM47:
 289 0182 15BC      		out 69-32,__zero_reg__
 290               	.LM48:
 291 0184 1092 6E00 		sts 110,__zero_reg__
 292               	.LM49:
 293 0188 87E0      		ldi r24,lo8(7)
 294 018a 85BB      		out 53-32,r24
 295               	.LM50:
 296 018c 17BC      		out 71-32,__zero_reg__
 297               	.LM51:
 298 018e 18BC      		out 72-32,__zero_reg__
 299               	.LM52:
 300 0190 16BC      		out 70-32,__zero_reg__
 301               	/* epilogue start */
 302               	.LM53:
 303 0192 0895      		ret
 304               	.LFE8:
 306               	.global	Timebase_Atomic_Operation_Start
 308               	Timebase_Atomic_Operation_Start:
 309               	.LFB9:
 310               	.LM54:
 311               	/* prologue: function */
 312               	/* frame size = 0 */
 313               	.LM55:
 314               	/* #APP */
 315               	 ;  422 "timebase.c" 1
 316 0194 F894      		cli
 317               	 ;  0 "" 2
 318               	/* epilogue start */
 319               	.LM56:
 320               	/* #NOAPP */
 321 0196 0895      		ret
 322               	.LFE9:
 324               	.global	Timebase_Atomic_Operation_End
 326               	Timebase_Atomic_Operation_End:
 327               	.LFB10:
 328               	.LM57:
 329               	/* prologue: function */
 330               	/* frame size = 0 */
 331               	.LM58:
 332               	/* #APP */
 333               	 ;  427 "timebase.c" 1
 334 0198 7894      		sei
 335               	 ;  0 "" 2
 336               	/* epilogue start */
 337               	.LM59:
 338               	/* #NOAPP */
 339 019a 0895      		ret
 340               	.LFE10:
 342               	.global	Timebase_Timer_Get_SubSecondsShadow
 344               	Timebase_Timer_Get_SubSecondsShadow:
 345               	.LFB12:
 346               	.LM60:
 347               	/* prologue: function */
 348               	/* frame size = 0 */
 349               	.LM61:
 350 019c E091 0000 		lds r30,Timebase
 351 01a0 F091 0000 		lds r31,(Timebase)+1
 352 01a4 2585      		ldd r18,Z+13
 353 01a6 3685      		ldd r19,Z+14
 354               	.LM62:
 355 01a8 C901      		movw r24,r18
 356               	/* epilogue start */
 357 01aa 0895      		ret
 358               	.LFE12:
 360               	.global	Timebase_Timer_Get_SecondsShadow
 362               	Timebase_Timer_Get_SecondsShadow:
 363               	.LFB13:
 364               	.LM63:
 365               	/* prologue: function */
 366               	/* frame size = 0 */
 367               	.LM64:
 368 01ac E091 0000 		lds r30,Timebase
 369 01b0 F091 0000 		lds r31,(Timebase)+1
 370 01b4 2785      		ldd r18,Z+15
 371 01b6 3089      		ldd r19,Z+16
 372 01b8 4189      		ldd r20,Z+17
 373 01ba 5289      		ldd r21,Z+18
 374               	.LM65:
 375 01bc B901      		movw r22,r18
 376 01be CA01      		movw r24,r20
 377               	/* epilogue start */
 378 01c0 0895      		ret
 379               	.LFE13:
 381               	.global	Timebase_Timer_Get_SubSeconds
 383               	Timebase_Timer_Get_SubSeconds:
 384               	.LFB14:
 385               	.LM66:
 386               	/* prologue: function */
 387               	/* frame size = 0 */
 388               	.LM67:
 389 01c2 E091 0000 		lds r30,Timebase
 390 01c6 F091 0000 		lds r31,(Timebase)+1
 391 01ca 2781      		ldd r18,Z+7
 392 01cc 3085      		ldd r19,Z+8
 393               	.LM68:
 394 01ce C901      		movw r24,r18
 395               	/* epilogue start */
 396 01d0 0895      		ret
 397               	.LFE14:
 399               	.global	Timebase_Timer_Get_Seconds
 401               	Timebase_Timer_Get_Seconds:
 402               	.LFB15:
 403               	.LM69:
 404               	/* prologue: function */
 405               	/* frame size = 0 */
 406               	.LM70:
 407 01d2 E091 0000 		lds r30,Timebase
 408 01d6 F091 0000 		lds r31,(Timebase)+1
 409 01da 2185      		ldd r18,Z+9
 410 01dc 3285      		ldd r19,Z+10
 411 01de 4385      		ldd r20,Z+11
 412 01e0 5485      		ldd r21,Z+12
 413               	.LM71:
 414 01e2 B901      		movw r22,r18
 415 01e4 CA01      		movw r24,r20
 416               	/* epilogue start */
 417 01e6 0895      		ret
 418               	.LFE15:
 420               	.global	Timebase_Timer_Set_SubSeconds
 422               	Timebase_Timer_Set_SubSeconds:
 423               	.LFB16:
 424               	.LM72:
 425               	.LVL24:
 426               	/* prologue: function */
 427               	/* frame size = 0 */
 428               	.LM73:
 429 01e8 E091 0000 		lds r30,Timebase
 430 01ec F091 0000 		lds r31,(Timebase)+1
 431 01f0 9087      		std Z+8,r25
 432 01f2 8783      		std Z+7,r24
 433               	/* epilogue start */
 434               	.LM74:
 435 01f4 0895      		ret
 436               	.LFE16:
 438               	.global	Timebase_Timer_Set_Seconds
 440               	Timebase_Timer_Set_Seconds:
 441               	.LFB17:
 442               	.LM75:
 443               	.LVL25:
 444               	/* prologue: function */
 445               	/* frame size = 0 */
 446               	.LM76:
 447 01f6 E091 0000 		lds r30,Timebase
 448 01fa F091 0000 		lds r31,(Timebase)+1
 449 01fe 6187      		std Z+9,r22
 450 0200 7287      		std Z+10,r23
 451 0202 8387      		std Z+11,r24
 452 0204 9487      		std Z+12,r25
 453               	/* epilogue start */
 454               	.LM77:
 455 0206 0895      		ret
 456               	.LFE17:
 458               	.global	Timebase_Timer_Get_SubSecondsShadow_Securely
 460               	Timebase_Timer_Get_SubSecondsShadow_Securely:
 461               	.LFB18:
 462               	.LM78:
 463               	/* prologue: function */
 464               	/* frame size = 0 */
 465               	.LM79:
 466 0208 E091 0000 		lds r30,Timebase
 467 020c F091 0000 		lds r31,(Timebase)+1
 468               	.L35:
 469 0210 2585      		ldd r18,Z+13
 470 0212 3685      		ldd r19,Z+14
 471               	.LVL26:
 472               	.LM80:
 473 0214 8585      		ldd r24,Z+13
 474 0216 9685      		ldd r25,Z+14
 475               	.LVL27:
 476               	.LM81:
 477 0218 2817      		cp r18,r24
 478 021a 3907      		cpc r19,r25
 479 021c 01F4      		brne .L35
 480               	.LM82:
 481 021e C901      		movw r24,r18
 482               	.LVL28:
 483               	/* epilogue start */
 484 0220 0895      		ret
 485               	.LFE18:
 487               	.global	Timebase_Timer_Get_SecondsShadow_Securely
 489               	Timebase_Timer_Get_SecondsShadow_Securely:
 490               	.LFB19:
 491               	.LM83:
 492               	/* prologue: function */
 493               	/* frame size = 0 */
 494               	.LM84:
 495 0222 E091 0000 		lds r30,Timebase
 496 0226 F091 0000 		lds r31,(Timebase)+1
 497               	.L39:
 498 022a 2785      		ldd r18,Z+15
 499 022c 3089      		ldd r19,Z+16
 500 022e 4189      		ldd r20,Z+17
 501 0230 5289      		ldd r21,Z+18
 502               	.LVL29:
 503               	.LM85:
 504 0232 8785      		ldd r24,Z+15
 505 0234 9089      		ldd r25,Z+16
 506 0236 A189      		ldd r26,Z+17
 507 0238 B289      		ldd r27,Z+18
 508               	.LVL30:
 509               	.LM86:
 510 023a 2817      		cp r18,r24
 511 023c 3907      		cpc r19,r25
 512 023e 4A07      		cpc r20,r26
 513 0240 5B07      		cpc r21,r27
 514 0242 01F4      		brne .L39
 515               	.LM87:
 516 0244 B901      		movw r22,r18
 517               	.LVL31:
 518 0246 CA01      		movw r24,r20
 519               	.LVL32:
 520               	/* epilogue start */
 521 0248 0895      		ret
 522               	.LFE19:
 524               	.global	Timebase_Timer_Sync_With_Shadow_Variables
 526               	Timebase_Timer_Sync_With_Shadow_Variables:
 527               	.LFB20:
 528               	.LM88:
 529               	/* prologue: function */
 530               	/* frame size = 0 */
 531               	.LM89:
 532 024a E091 0000 		lds r30,Timebase
 533 024e F091 0000 		lds r31,(Timebase)+1
 534 0252 8389      		ldd r24,Z+19
 535 0254 8823      		tst r24
 536 0256 01F4      		brne .L44
 537               	.LBB54:
 538               	.LBB55:
 539               	.LM90:
 540               	/* #APP */
 541               	 ;  422 "timebase.c" 1
 542 0258 F894      		cli
 543               	 ;  0 "" 2
 544               	/* #NOAPP */
 545               	.LBE55:
 546               	.LBE54:
 547               	.LM91:
 548 025a 8585      		ldd r24,Z+13
 549 025c 9685      		ldd r25,Z+14
 550 025e 9087      		std Z+8,r25
 551 0260 8783      		std Z+7,r24
 552               	.LM92:
 553 0262 8785      		ldd r24,Z+15
 554 0264 9089      		ldd r25,Z+16
 555 0266 A189      		ldd r26,Z+17
 556 0268 B289      		ldd r27,Z+18
 557 026a 8187      		std Z+9,r24
 558 026c 9287      		std Z+10,r25
 559 026e A387      		std Z+11,r26
 560 0270 B487      		std Z+12,r27
 561               	.LBB56:
 562               	.LBB57:
 563               	.LM93:
 564               	/* #APP */
 565               	 ;  427 "timebase.c" 1
 566 0272 7894      		sei
 567               	 ;  0 "" 2
 568               	/* #NOAPP */
 569               	.LBE57:
 570               	.LBE56:
 571               	.LM94:
 572 0274 81E0      		ldi r24,lo8(1)
 573 0276 838B      		std Z+19,r24
 574               	.L44:
 575 0278 0895      		ret
 576               	.LFE20:
 578               	.global	Timebase_Timer_Delay_SubSeconds
 580               	Timebase_Timer_Delay_SubSeconds:
 581               	.LFB21:
 582               	.LM95:
 583               	.LVL33:
 584 027a 6F92      		push r6
 585 027c 7F92      		push r7
 586 027e 8F92      		push r8
 587 0280 9F92      		push r9
 588 0282 AF92      		push r10
 589 0284 BF92      		push r11
 590 0286 CF92      		push r12
 591 0288 DF92      		push r13
 592 028a EF92      		push r14
 593 028c FF92      		push r15
 594 028e 0F93      		push r16
 595 0290 1F93      		push r17
 596 0292 CF93      		push r28
 597 0294 DF93      		push r29
 598               	/* prologue: function */
 599               	/* frame size = 0 */
 600 0296 5C01      		movw r10,r24
 601               	.LBB58:
 602               	.LBB59:
 603               	.LM96:
 604               	/* #APP */
 605               	 ;  422 "timebase.c" 1
 606 0298 F894      		cli
 607               	 ;  0 "" 2
 608               	/* #NOAPP */
 609               	.LBE59:
 610               	.LBE58:
 611               	.LBB60:
 612               	.LBB61:
 613               	.LM97:
 614 029a C091 0000 		lds r28,Timebase
 615 029e D091 0000 		lds r29,(Timebase)+1
 616 02a2 ED84      		ldd r14,Y+13
 617 02a4 FE84      		ldd r15,Y+14
 618               	.LBE61:
 619               	.LBE60:
 620               	.LBB62:
 621               	.LBB63:
 622               	.LM98:
 623 02a6 2F85      		ldd r18,Y+15
 624 02a8 3889      		ldd r19,Y+16
 625 02aa 4989      		ldd r20,Y+17
 626 02ac 5A89      		ldd r21,Y+18
 627               	.LVL34:
 628               	.LBE63:
 629               	.LBE62:
 630               	.LBB64:
 631               	.LBB65:
 632               	.LM99:
 633               	/* #APP */
 634               	 ;  427 "timebase.c" 1
 635 02ae 7894      		sei
 636               	 ;  0 "" 2
 637               	/* #NOAPP */
 638               	.LBE65:
 639               	.LBE64:
 640               	.LM100:
 641 02b0 6881      		ld r22,Y
 642 02b2 7981      		ldd r23,Y+1
 643 02b4 80E0      		ldi r24,lo8(0)
 644 02b6 90E0      		ldi r25,hi8(0)
 645               	.LVL35:
 646 02b8 0E94 0000 		call __mulsi3
 647               	.LVL36:
 648 02bc 3B01      		movw r6,r22
 649 02be 4C01      		movw r8,r24
 650               	.LVL37:
 651               	.LM101:
 652 02c0 00E0      		ldi r16,lo8(0)
 653 02c2 10E0      		ldi r17,hi8(0)
 654 02c4 6E0C      		add r6,r14
 655 02c6 7F1C      		adc r7,r15
 656 02c8 801E      		adc r8,r16
 657 02ca 911E      		adc r9,r17
 658               	.LM102:
 659 02cc CC24      		clr r12
 660 02ce DD24      		clr r13
 661               	.LVL38:
 662 02d0 6A0C      		add r6,r10
 663 02d2 7B1C      		adc r7,r11
 664 02d4 8C1C      		adc r8,r12
 665 02d6 9D1C      		adc r9,r13
 666 02d8 60E0      		ldi r22,lo8(0)
 667 02da 70E0      		ldi r23,hi8(0)
 668 02dc 80E0      		ldi r24,hlo8(0)
 669 02de 90E0      		ldi r25,hhi8(0)
 670               	.LVL39:
 671 02e0 00C0      		rjmp .L46
 672               	.L47:
 673               	.LBB66:
 674               	.LBB67:
 675               	.LM103:
 676               	/* #APP */
 677               	 ;  422 "timebase.c" 1
 678 02e2 F894      		cli
 679               	 ;  0 "" 2
 680               	/* #NOAPP */
 681               	.LBE67:
 682               	.LBE66:
 683               	.LBB68:
 684               	.LBB69:
 685               	.LM104:
 686 02e4 ED84      		ldd r14,Y+13
 687 02e6 FE84      		ldd r15,Y+14
 688               	.LBE69:
 689               	.LBE68:
 690               	.LBB70:
 691               	.LBB71:
 692               	.LM105:
 693 02e8 2F85      		ldd r18,Y+15
 694 02ea 3889      		ldd r19,Y+16
 695 02ec 4989      		ldd r20,Y+17
 696 02ee 5A89      		ldd r21,Y+18
 697               	.LVL40:
 698               	.LBE71:
 699               	.LBE70:
 700               	.LBB72:
 701               	.LBB73:
 702               	.LM106:
 703               	/* #APP */
 704               	 ;  427 "timebase.c" 1
 705 02f0 7894      		sei
 706               	 ;  0 "" 2
 707               	/* #NOAPP */
 708               	.LBE73:
 709               	.LBE72:
 710               	.LM107:
 711 02f2 6881      		ld r22,Y
 712 02f4 7981      		ldd r23,Y+1
 713               	.LVL41:
 714 02f6 80E0      		ldi r24,lo8(0)
 715 02f8 90E0      		ldi r25,hi8(0)
 716 02fa 0E94 0000 		call __mulsi3
 717               	.LVL42:
 718               	.LM108:
 719 02fe 00E0      		ldi r16,lo8(0)
 720 0300 10E0      		ldi r17,hi8(0)
 721 0302 6E0D      		add r22,r14
 722 0304 7F1D      		adc r23,r15
 723 0306 801F      		adc r24,r16
 724 0308 911F      		adc r25,r17
 725               	.LVL43:
 726               	.L46:
 727               	.LM109:
 728 030a 6615      		cp r22,r6
 729 030c 7705      		cpc r23,r7
 730 030e 8805      		cpc r24,r8
 731 0310 9905      		cpc r25,r9
 732 0312 04F0      		brlt .L47
 733               	/* epilogue start */
 734               	.LM110:
 735 0314 DF91      		pop r29
 736 0316 CF91      		pop r28
 737 0318 1F91      		pop r17
 738 031a 0F91      		pop r16
 739 031c FF90      		pop r15
 740 031e EF90      		pop r14
 741 0320 DF90      		pop r13
 742 0322 CF90      		pop r12
 743               	.LVL44:
 744 0324 BF90      		pop r11
 745 0326 AF90      		pop r10
 746               	.LVL45:
 747 0328 9F90      		pop r9
 748 032a 8F90      		pop r8
 749 032c 7F90      		pop r7
 750 032e 6F90      		pop r6
 751               	.LVL46:
 752 0330 0895      		ret
 753               	.LFE21:
 755               	.global	Timebase_Timer_Await_SubSeconds
 757               	Timebase_Timer_Await_SubSeconds:
 758               	.LFB22:
 759               	.LM111:
 760               	.LVL47:
 761               	/* prologue: function */
 762               	/* frame size = 0 */
 763 0332 BC01      		movw r22,r24
 764               	.LBB74:
 765               	.LBB75:
 766               	.LM112:
 767               	/* #APP */
 768               	 ;  422 "timebase.c" 1
 769 0334 F894      		cli
 770               	 ;  0 "" 2
 771               	/* #NOAPP */
 772               	.LBE75:
 773               	.LBE74:
 774               	.LBB76:
 775               	.LBB77:
 776               	.LM113:
 777 0336 E091 0000 		lds r30,Timebase
 778 033a F091 0000 		lds r31,(Timebase)+1
 779 033e 00C0      		rjmp .L54
 780               	.LVL48:
 781               	.L51:
 782               	.LBE77:
 783               	.LBE76:
 784               	.LBB78:
 785               	.LBB79:
 786               	.LM114:
 787               	/* #APP */
 788               	 ;  422 "timebase.c" 1
 789 0340 F894      		cli
 790               	 ;  0 "" 2
 791               	.LVL49:
 792               	/* #NOAPP */
 793               	.L54:
 794               	.LBE79:
 795               	.LBE78:
 796               	.LBB80:
 797               	.LBB81:
 798               	.LM115:
 799 0342 8585      		ldd r24,Z+13
 800 0344 9685      		ldd r25,Z+14
 801               	.LBE81:
 802               	.LBE80:
 803               	.LBB82:
 804               	.LBB83:
 805               	.LM116:
 806               	/* #APP */
 807               	 ;  427 "timebase.c" 1
 808 0346 7894      		sei
 809               	 ;  0 "" 2
 810               	/* #NOAPP */
 811               	.LBE83:
 812               	.LBE82:
 813               	.LM117:
 814 0348 2381      		ldd r18,Z+3
 815 034a 3481      		ldd r19,Z+4
 816 034c 4581      		ldd r20,Z+5
 817 034e 5681      		ldd r21,Z+6
 818 0350 A0E0      		ldi r26,lo8(0)
 819 0352 B0E0      		ldi r27,hi8(0)
 820 0354 8217      		cp r24,r18
 821 0356 9307      		cpc r25,r19
 822 0358 A407      		cpc r26,r20
 823 035a B507      		cpc r27,r21
 824 035c 01F4      		brne .L51
 825               	.LBB84:
 826               	.LBB85:
 827               	.LM118:
 828               	/* #APP */
 829               	 ;  422 "timebase.c" 1
 830 035e F894      		cli
 831               	 ;  0 "" 2
 832               	/* #NOAPP */
 833               	.LBE85:
 834               	.LBE84:
 835               	.LBB86:
 836               	.LBB87:
 837               	.LM119:
 838 0360 8585      		ldd r24,Z+13
 839 0362 9685      		ldd r25,Z+14
 840               	.LVL50:
 841               	.LBE87:
 842               	.LBE86:
 843               	.LBB88:
 844               	.LBB89:
 845               	.LM120:
 846               	/* #APP */
 847               	 ;  427 "timebase.c" 1
 848 0364 7894      		sei
 849               	 ;  0 "" 2
 850               	/* #NOAPP */
 851               	.LBE89:
 852               	.LBE88:
 853               	.LM121:
 854 0366 A0E0      		ldi r26,lo8(0)
 855 0368 B0E0      		ldi r27,hi8(0)
 856               	.LVL51:
 857 036a 8383      		std Z+3,r24
 858 036c 9483      		std Z+4,r25
 859 036e A583      		std Z+5,r26
 860 0370 B683      		std Z+6,r27
 861               	.LVL52:
 862               	.LM122:
 863 0372 2381      		ldd r18,Z+3
 864 0374 3481      		ldd r19,Z+4
 865 0376 4581      		ldd r20,Z+5
 866 0378 5681      		ldd r21,Z+6
 867 037a CB01      		movw r24,r22
 868 037c A0E0      		ldi r26,lo8(0)
 869 037e B0E0      		ldi r27,hi8(0)
 870               	.LVL53:
 871 0380 820F      		add r24,r18
 872 0382 931F      		adc r25,r19
 873 0384 A41F      		adc r26,r20
 874 0386 B51F      		adc r27,r21
 875               	.LVL54:
 876 0388 8383      		std Z+3,r24
 877 038a 9483      		std Z+4,r25
 878 038c A583      		std Z+5,r26
 879 038e B683      		std Z+6,r27
 880               	.LM123:
 881 0390 2381      		ldd r18,Z+3
 882 0392 3481      		ldd r19,Z+4
 883 0394 4581      		ldd r20,Z+5
 884 0396 5681      		ldd r21,Z+6
 885 0398 8081      		ld r24,Z
 886 039a 9181      		ldd r25,Z+1
 887               	.LVL55:
 888 039c A0E0      		ldi r26,lo8(0)
 889 039e B0E0      		ldi r27,hi8(0)
 890               	.LVL56:
 891 03a0 2817      		cp r18,r24
 892 03a2 3907      		cpc r19,r25
 893 03a4 4A07      		cpc r20,r26
 894 03a6 5B07      		cpc r21,r27
 895 03a8 04F0      		brlt .L53
 896               	.LM124:
 897 03aa 2381      		ldd r18,Z+3
 898 03ac 3481      		ldd r19,Z+4
 899 03ae 4581      		ldd r20,Z+5
 900 03b0 5681      		ldd r21,Z+6
 901 03b2 8081      		ld r24,Z
 902 03b4 9181      		ldd r25,Z+1
 903 03b6 A0E0      		ldi r26,lo8(0)
 904 03b8 B0E0      		ldi r27,hi8(0)
 905 03ba 281B      		sub r18,r24
 906 03bc 390B      		sbc r19,r25
 907 03be 4A0B      		sbc r20,r26
 908 03c0 5B0B      		sbc r21,r27
 909 03c2 2383      		std Z+3,r18
 910 03c4 3483      		std Z+4,r19
 911 03c6 4583      		std Z+5,r20
 912 03c8 5683      		std Z+6,r21
 913               	.L53:
 914 03ca 0895      		ret
 915               	.LFE22:
 917               	.global	Timebase_Timer_Delay_Seconds
 919               	Timebase_Timer_Delay_Seconds:
 920               	.LFB23:
 921               	.LM125:
 922               	.LVL57:
 923               	/* prologue: function */
 924               	/* frame size = 0 */
 925               	.LBB90:
 926               	.LBB91:
 927               	.LM126:
 928               	/* #APP */
 929               	 ;  422 "timebase.c" 1
 930 03cc F894      		cli
 931               	 ;  0 "" 2
 932               	/* #NOAPP */
 933               	.LBE91:
 934               	.LBE90:
 935               	.LBB92:
 936               	.LBB93:
 937               	.LM127:
 938 03ce E091 0000 		lds r30,Timebase
 939 03d2 F091 0000 		lds r31,(Timebase)+1
 940 03d6 2785      		ldd r18,Z+15
 941 03d8 3089      		ldd r19,Z+16
 942 03da 4189      		ldd r20,Z+17
 943 03dc 5289      		ldd r21,Z+18
 944               	.LVL58:
 945               	.LBE93:
 946               	.LBE92:
 947               	.LBB94:
 948               	.LBB95:
 949               	.LM128:
 950               	/* #APP */
 951               	 ;  427 "timebase.c" 1
 952 03de 7894      		sei
 953               	 ;  0 "" 2
 954               	/* #NOAPP */
 955               	.LBE95:
 956               	.LBE94:
 957               	.LM129:
 958 03e0 A0E0      		ldi r26,lo8(0)
 959 03e2 B0E0      		ldi r27,hi8(0)
 960               	.LVL59:
 961 03e4 820F      		add r24,r18
 962 03e6 931F      		adc r25,r19
 963 03e8 A41F      		adc r26,r20
 964 03ea B51F      		adc r27,r21
 965               	.LVL60:
 966 03ec 20E0      		ldi r18,lo8(0)
 967 03ee 30E0      		ldi r19,hi8(0)
 968 03f0 40E0      		ldi r20,hlo8(0)
 969 03f2 50E0      		ldi r21,hhi8(0)
 970               	.LVL61:
 971 03f4 00C0      		rjmp .L56
 972               	.L57:
 973               	.LBB96:
 974               	.LBB97:
 975               	.LM130:
 976               	/* #APP */
 977               	 ;  422 "timebase.c" 1
 978 03f6 F894      		cli
 979               	 ;  0 "" 2
 980               	/* #NOAPP */
 981               	.LBE97:
 982               	.LBE96:
 983               	.LBB98:
 984               	.LBB99:
 985               	.LM131:
 986 03f8 2785      		ldd r18,Z+15
 987 03fa 3089      		ldd r19,Z+16
 988 03fc 4189      		ldd r20,Z+17
 989 03fe 5289      		ldd r21,Z+18
 990               	.LBE99:
 991               	.LBE98:
 992               	.LBB100:
 993               	.LBB101:
 994               	.LM132:
 995               	/* #APP */
 996               	 ;  427 "timebase.c" 1
 997 0400 7894      		sei
 998               	 ;  0 "" 2
 999               	/* #NOAPP */
 1000               	.L56:
 1001               	.LBE101:
 1002               	.LBE100:
 1003               	.LM133:
 1004 0402 2817      		cp r18,r24
 1005 0404 3907      		cpc r19,r25
 1006 0406 4A07      		cpc r20,r26
 1007 0408 5B07      		cpc r21,r27
 1008 040a 04F0      		brlt .L57
 1009               	/* epilogue start */
 1010               	.LM134:
 1011 040c 0895      		ret
 1012               	.LFE23:
 1014               	.global	Timebase_Get_Update_Req_Sts
 1016               	Timebase_Get_Update_Req_Sts:
 1017               	.LFB24:
 1018               	.LM135:
 1019               	/* prologue: function */
 1020               	/* frame size = 0 */
 1021               	.LM136:
 1022 040e E091 0000 		lds r30,Timebase
 1023 0412 F091 0000 		lds r31,(Timebase)+1
 1024 0416 8489      		ldd r24,Z+20
 1025               	/* epilogue start */
 1026               	.LM137:
 1027 0418 0895      		ret
 1028               	.LFE24:
 1030               	.global	Timebase_Reset
 1032               	Timebase_Reset:
 1033               	.LFB25:
 1034               	.LM138:
 1035               	/* prologue: function */
 1036               	/* frame size = 0 */
 1037               	/* epilogue start */
 1038               	.LM139:
 1039 041a 0895      		ret
 1040               	.LFE25:
 1042               	.global	Timebase_LP_Reset
 1044               	Timebase_LP_Reset:
 1045               	.LFB26:
 1046               	.LM140:
 1047               	/* prologue: function */
 1048               	/* frame size = 0 */
 1049               	/* epilogue start */
 1050               	.LM141:
 1051 041c 0895      		ret
 1052               	.LFE26:
 1054               	.global	Timebase_Init
 1056               	Timebase_Init:
 1057               	.LFB27:
 1058               	.LM142:
 1059               	.LVL62:
 1060 041e 0F93      		push r16
 1061 0420 1F93      		push r17
 1062               	/* prologue: function */
 1063               	/* frame size = 0 */
 1064 0422 8C01      		movw r16,r24
 1065               	.LM143:
 1066 0424 0E94 0000 		call Timebase_Struct_Init
 1067               	.LVL63:
 1068               	.LM144:
 1069 0428 C801      		movw r24,r16
 1070 042a 0E94 0000 		call Timebase_Timer_Enable
 1071               	/* epilogue start */
 1072               	.LM145:
 1073 042e 1F91      		pop r17
 1074 0430 0F91      		pop r16
 1075               	.LVL64:
 1076 0432 0895      		ret
 1077               	.LFE27:
 1079               	.global	Timebase_Main_Loop_Executables
 1081               	Timebase_Main_Loop_Executables:
 1082               	.LFB28:
 1083               	.LM146:
 1084               	/* prologue: function */
 1085               	/* frame size = 0 */
 1086               	.LM147:
 1087 0434 E091 0000 		lds r30,Timebase
 1088 0438 F091 0000 		lds r31,(Timebase)+1
 1089 043c 138A      		std Z+19,__zero_reg__
 1090               	/* epilogue start */
 1091               	.LM148:
 1092 043e 0895      		ret
 1093               	.LFE28:
 1095               	.global	Timebase_ISR_Executables
 1097               	Timebase_ISR_Executables:
 1098               	.LFB29:
 1099               	.LM149:
 1100               	/* prologue: function */
 1101               	/* frame size = 0 */
 1102               	.LM150:
 1103 0440 E091 0000 		lds r30,Timebase
 1104 0444 F091 0000 		lds r31,(Timebase)+1
 1105 0448 8585      		ldd r24,Z+13
 1106 044a 9685      		ldd r25,Z+14
 1107 044c 0196      		adiw r24,1
 1108 044e 9687      		std Z+14,r25
 1109 0450 8587      		std Z+13,r24
 1110               	.LM151:
 1111 0452 2585      		ldd r18,Z+13
 1112 0454 3685      		ldd r19,Z+14
 1113 0456 8081      		ld r24,Z
 1114 0458 9181      		ldd r25,Z+1
 1115 045a 2817      		cp r18,r24
 1116 045c 3907      		cpc r19,r25
 1117 045e 00F0      		brlo .L71
 1118               	.LM152:
 1119 0460 1686      		std Z+14,__zero_reg__
 1120 0462 1586      		std Z+13,__zero_reg__
 1121               	.LM153:
 1122 0464 8785      		ldd r24,Z+15
 1123 0466 9089      		ldd r25,Z+16
 1124 0468 A189      		ldd r26,Z+17
 1125 046a B289      		ldd r27,Z+18
 1126 046c 0196      		adiw r24,1
 1127 046e A11D      		adc r26,__zero_reg__
 1128 0470 B11D      		adc r27,__zero_reg__
 1129 0472 8787      		std Z+15,r24
 1130 0474 908B      		std Z+16,r25
 1131 0476 A18B      		std Z+17,r26
 1132 0478 B28B      		std Z+18,r27
 1133               	.L71:
 1134 047a 0895      		ret
 1135               	.LFE29:
 1137               	.global	__vector_16
 1139               	__vector_16:
 1140               	.LFB11:
 1141               	.LM154:
 1142 047c 1F92      		push __zero_reg__
 1143 047e 0F92      		push r0
 1144 0480 0FB6      		in r0,__SREG__
 1145 0482 0F92      		push r0
 1146 0484 1124      		clr __zero_reg__
 1147 0486 2F93      		push r18
 1148 0488 3F93      		push r19
 1149 048a 4F93      		push r20
 1150 048c 5F93      		push r21
 1151 048e 6F93      		push r22
 1152 0490 7F93      		push r23
 1153 0492 8F93      		push r24
 1154 0494 9F93      		push r25
 1155 0496 AF93      		push r26
 1156 0498 BF93      		push r27
 1157 049a EF93      		push r30
 1158 049c FF93      		push r31
 1159               	/* prologue: Signal */
 1160               	/* frame size = 0 */
 1161               	.LM155:
 1162 049e E091 0000 		lds r30,Timebase
 1163 04a2 F091 0000 		lds r31,(Timebase)+1
 1164 04a6 8281      		ldd r24,Z+2
 1165 04a8 86BD      		out 70-32,r24
 1166               	.LM156:
 1167 04aa 0E94 0000 		call Timebase_ISR_Executables
 1168               	/* epilogue start */
 1169               	.LM157:
 1170 04ae FF91      		pop r31
 1171 04b0 EF91      		pop r30
 1172 04b2 BF91      		pop r27
 1173 04b4 AF91      		pop r26
 1174 04b6 9F91      		pop r25
 1175 04b8 8F91      		pop r24
 1176 04ba 7F91      		pop r23
 1177 04bc 6F91      		pop r22
 1178 04be 5F91      		pop r21
 1179 04c0 4F91      		pop r20
 1180 04c2 3F91      		pop r19
 1181 04c4 2F91      		pop r18
 1182 04c6 0F90      		pop r0
 1183 04c8 0FBE      		out __SREG__,r0
 1184 04ca 0F90      		pop r0
 1185 04cc 1F90      		pop __zero_reg__
 1186 04ce 1895      		reti
 1187               	.LFE11:
 1189               	.global	Timebase_LP_ISR_Executables
 1191               	Timebase_LP_ISR_Executables:
 1192               	.LFB30:
 1193               	.LM158:
 1194               	/* prologue: function */
 1195               	/* frame size = 0 */
 1196               	/* epilogue start */
 1197               	.LM159:
 1198 04d0 0895      		ret
 1199               	.LFE30:
 1201               		.data
 1204               	C.1.1710:
 1205 0000 0100      		.word	1
 1206 0002 0800      		.word	8
 1207 0004 4000      		.word	64
 1208 0006 0001      		.word	256
 1209 0008 0004      		.word	1024
 1210               		.comm Timebase_type,21,1
 1211               		.comm Timebase,2,1
 1428               	.Letext0:
DEFINED SYMBOLS
                            *ABS*:00000000 timebase.c
C:\Users\WALTON\AppData\Local\Temp/ccaQS5jE.s:2      *ABS*:0000003f __SREG__
C:\Users\WALTON\AppData\Local\Temp/ccaQS5jE.s:3      *ABS*:0000003e __SP_H__
C:\Users\WALTON\AppData\Local\Temp/ccaQS5jE.s:4      *ABS*:0000003d __SP_L__
C:\Users\WALTON\AppData\Local\Temp/ccaQS5jE.s:5      *ABS*:00000034 __CCP__
C:\Users\WALTON\AppData\Local\Temp/ccaQS5jE.s:6      *ABS*:00000000 __tmp_reg__
C:\Users\WALTON\AppData\Local\Temp/ccaQS5jE.s:7      *ABS*:00000001 __zero_reg__
C:\Users\WALTON\AppData\Local\Temp/ccaQS5jE.s:18     .text:00000000 Timebase_Struct_Init
                            *COM*:00000015 Timebase_type
                            *COM*:00000002 Timebase
C:\Users\WALTON\AppData\Local\Temp/ccaQS5jE.s:67     .text:00000066 Timebase_Timer_Enable
C:\Users\WALTON\AppData\Local\Temp/ccaQS5jE.s:1204   .data:00000000 C.1.1710
C:\Users\WALTON\AppData\Local\Temp/ccaQS5jE.s:281    .text:00000180 Timebase_Timer_Disable
C:\Users\WALTON\AppData\Local\Temp/ccaQS5jE.s:308    .text:00000194 Timebase_Atomic_Operation_Start
C:\Users\WALTON\AppData\Local\Temp/ccaQS5jE.s:326    .text:00000198 Timebase_Atomic_Operation_End
C:\Users\WALTON\AppData\Local\Temp/ccaQS5jE.s:344    .text:0000019c Timebase_Timer_Get_SubSecondsShadow
C:\Users\WALTON\AppData\Local\Temp/ccaQS5jE.s:362    .text:000001ac Timebase_Timer_Get_SecondsShadow
C:\Users\WALTON\AppData\Local\Temp/ccaQS5jE.s:383    .text:000001c2 Timebase_Timer_Get_SubSeconds
C:\Users\WALTON\AppData\Local\Temp/ccaQS5jE.s:401    .text:000001d2 Timebase_Timer_Get_Seconds
C:\Users\WALTON\AppData\Local\Temp/ccaQS5jE.s:422    .text:000001e8 Timebase_Timer_Set_SubSeconds
C:\Users\WALTON\AppData\Local\Temp/ccaQS5jE.s:440    .text:000001f6 Timebase_Timer_Set_Seconds
C:\Users\WALTON\AppData\Local\Temp/ccaQS5jE.s:460    .text:00000208 Timebase_Timer_Get_SubSecondsShadow_Securely
C:\Users\WALTON\AppData\Local\Temp/ccaQS5jE.s:489    .text:00000222 Timebase_Timer_Get_SecondsShadow_Securely
C:\Users\WALTON\AppData\Local\Temp/ccaQS5jE.s:526    .text:0000024a Timebase_Timer_Sync_With_Shadow_Variables
C:\Users\WALTON\AppData\Local\Temp/ccaQS5jE.s:580    .text:0000027a Timebase_Timer_Delay_SubSeconds
C:\Users\WALTON\AppData\Local\Temp/ccaQS5jE.s:757    .text:00000332 Timebase_Timer_Await_SubSeconds
C:\Users\WALTON\AppData\Local\Temp/ccaQS5jE.s:919    .text:000003cc Timebase_Timer_Delay_Seconds
C:\Users\WALTON\AppData\Local\Temp/ccaQS5jE.s:1016   .text:0000040e Timebase_Get_Update_Req_Sts
C:\Users\WALTON\AppData\Local\Temp/ccaQS5jE.s:1032   .text:0000041a Timebase_Reset
C:\Users\WALTON\AppData\Local\Temp/ccaQS5jE.s:1044   .text:0000041c Timebase_LP_Reset
C:\Users\WALTON\AppData\Local\Temp/ccaQS5jE.s:1056   .text:0000041e Timebase_Init
C:\Users\WALTON\AppData\Local\Temp/ccaQS5jE.s:1081   .text:00000434 Timebase_Main_Loop_Executables
C:\Users\WALTON\AppData\Local\Temp/ccaQS5jE.s:1097   .text:00000440 Timebase_ISR_Executables
C:\Users\WALTON\AppData\Local\Temp/ccaQS5jE.s:1139   .text:0000047c __vector_16
C:\Users\WALTON\AppData\Local\Temp/ccaQS5jE.s:1191   .text:000004d0 Timebase_LP_ISR_Executables

UNDEFINED SYMBOLS
__divmodsi4
__mulsi3
__do_copy_data
__do_clear_bss
